<html>
<body>
<pre>
<h1>µVision Build Log</h1>
<h2>Tool Versions:</h2>
IDE-Version: ¦ÌVision V5.27.0.0
Copyright (C) 2018 ARM Ltd and ARM Germany GmbH. All rights reserved.
License Information: 1 11, 1, LIC=MPPLD-8DFU8-X7WRZ-J67YK-DRA75-G8XTV
 
Tool Versions:
Toolchain:       MDK-ARM Plus  Version: 5.27.0.0
Toolchain Path:  D:\Keil_v5\ARM\ARMCC\Bin
C Compiler:      Armcc.exe V5.06 update 6 (build 750)
Assembler:       Armasm.exe V5.06 update 6 (build 750)
Linker/Locator:  ArmLink.exe V5.06 update 6 (build 750)
Library Manager: ArmAr.exe V5.06 update 6 (build 750)
Hex Converter:   FromElf.exe V5.06 update 6 (build 750)
CPU DLL:         SARMCM3.DLL V5.27.0.0
Dialog DLL:      DCM.DLL V1.17.2.0
Target DLL:      Segger\JL2CM3.dll V2.99.34.0
Dialog DLL:      TCM.DLL V1.36.1.0
 
<h2>Project:</h2>
C:\Users\11\Desktop\CY_PROJECT\300\NRF24L01\55V--5A\TX\MDK-ARM\TX.uvprojx
Project File Date:  07/24/2025

<h2>Output:</h2>
*** Using Compiler 'V5.06 update 6 (build 750)', folder: 'D:\Keil_v5\ARM\ARMCC\Bin'
Build target 'TX'
compiling hrtim.c...
compiling iwdg.c...
compiling gpio.c...
compiling adc.c...
compiling main.c...
compiling app_freertos.c...
compiling stm32g4xx_hal_timebase_tim.c...
compiling stm32g4xx_hal_msp.c...
compiling tim.c...
compiling stm32g4xx_it.c...
compiling stm32g4xx_hal_tim.c...
compiling usart.c...
compiling stm32g4xx_hal_tim_ex.c...
compiling stm32g4xx_hal_adc_ex.c...
compiling stm32g4xx_hal_adc.c...
compiling stm32g4xx_hal.c...
compiling stm32g4xx_hal_rcc_ex.c...
compiling stm32g4xx_hal_rcc.c...
compiling stm32g4xx_hal_flash.c...
compiling stm32g4xx_hal_flash_ramfunc.c...
compiling stm32g4xx_hal_flash_ex.c...
compiling stm32g4xx_hal_gpio.c...
compiling stm32g4xx_hal_exti.c...
compiling stm32g4xx_hal_dma.c...
compiling stm32g4xx_hal_dma_ex.c...
compiling stm32g4xx_hal_pwr.c...
compiling stm32g4xx_hal_pwr_ex.c...
compiling stm32g4xx_hal_cortex.c...
compiling croutine.c...
compiling event_groups.c...
compiling list.c...
compiling stm32g4xx_hal_iwdg.c...
compiling stream_buffer.c...
compiling queue.c...
compiling timers.c...
compiling tasks.c...
compiling heap_4.c...
compiling port.c...
compiling stm32g4xx_hal_hrtim.c...
compiling stm32g4xx_hal_uart.c...
compiling stm32g4xx_hal_uart_ex.c...
compiling system_stm32g4xx.c...
compiling cmsis_os2.c...
compiling AppBlePro.c...
compiling AppPeriod.c...
compiling AppFaultHandler.c...
compiling AppLedPro.c...
compiling AppRS485Proc.c...
compiling drv_spi.c...
compiling drv_RF24L01.c...
compiling Flash.c...
..\Hardware\Flash.c(80): warning:  #177-D: variable "data32"  was declared but never referenced
  	uint32_t data32 = 0,DATA32 = 0;
..\Hardware\Flash.c(80): warning:  #177-D: variable "DATA32"  was declared but never referenced
  	uint32_t data32 = 0,DATA32 = 0;
..\Hardware\Flash.c: 2 warnings, 0 errors
linking...
Program Size: Code=36700 RO-data=1304 RW-data=408 ZI-data=14048  
FromELF: creating hex file...
"TX\TX.axf" - 0 Error(s), 2 Warning(s).

<h2>Software Packages used:</h2>

Package Vendor: ARM
                http://www.keil.com/pack/ARM.CMSIS.5.4.0.pack
                ARM.CMSIS.5.4.0
                CMSIS (Cortex Microcontroller Software Interface Standard)
   * Component: CORE Version: 5.1.2

Package Vendor: Keil
                https://www.keil.com/pack/Keil.STM32G4xx_DFP.1.5.6.pack
                Keil.STM32G4xx_DFP.1.5.6
                STMicroelectronics STM32G4 Series Device Support, Drivers and Examples

<h2>Collection of Component include folders:</h2>
  .\RTE\_TX
  D:\Keil_v5\ARM\PACK\ARM\CMSIS\5.4.0\CMSIS\Core\Include
  D:\Keil_v5\ARM\PACK\Keil\STM32G4xx_DFP\1.5.6\Drivers\CMSIS\Device\ST\STM32G4xx\Include

<h2>Collection of Component Files used:</h2>

   * Component: ARM::CMSIS:CORE:5.1.2
Build Time Elapsed:  00:02:07
</pre>
</body>
</html>
