<html>
<body>
<pre>
<h1>礦ision Build Log</h1>
<h2>Tool Versions:</h2>
IDE-Version: μVision V5.27.0.0
Copyright (C) 2018 ARM Ltd and ARM Germany GmbH. All rights reserved.
License Information: 1 11, 1, LIC=MPPLD-8DFU8-X7WRZ-J67YK-DRA75-G8XTV
 
Tool Versions:
Toolchain:       MDK-ARM Plus  Version: 5.27.0.0
Toolchain Path:  D:\Keil_v5\ARM\ARMCC\Bin
C Compiler:      Armcc.exe V5.06 update 6 (build 750)
Assembler:       Armasm.exe V5.06 update 6 (build 750)
Linker/Locator:  ArmLink.exe V5.06 update 6 (build 750)
Library Manager: ArmAr.exe V5.06 update 6 (build 750)
Hex Converter:   FromElf.exe V5.06 update 6 (build 750)
CPU DLL:         SARMCM3.DLL V5.27.0.0
Dialog DLL:      DCM.DLL V1.17.2.0
Target DLL:      Segger\JL2CM3.dll V2.99.34.0
Dialog DLL:      TCM.DLL V1.36.1.0
 
<h2>Project:</h2>
C:\Users\11\Desktop\001.三路步进电机驱动例程\USER\STM32-DEMO.uvprojx
Project File Date:  07/25/2025

<h2>Output:</h2>
*** Using Compiler 'V5.06 update 6 (build 750)', folder: 'D:\Keil_v5\ARM\ARMCC\Bin'
Build target 'STM32-DEMO'
compiling main.c...
main.c(73): warning:  #188-D: enumerated type mixed with another type
  	X_DIR_Flag = GPIO_ReadOutputDataBit(GPIOA, X_DIR_IO);
main.c(74): warning:  #188-D: enumerated type mixed with another type
  	Y_DIR_Flag = GPIO_ReadOutputDataBit(GPIOA, Y_DIR_IO);
main.c(75): warning:  #188-D: enumerated type mixed with another type
  	Z_DIR_Flag = GPIO_ReadOutputDataBit(GPIOA, Z_DIR_IO);
main.c(124): warning:  #188-D: enumerated type mixed with another type
  					X_DIR_Flag = X_Y_Z_Position[3];
main.c(125): warning:  #188-D: enumerated type mixed with another type
  					Y_DIR_Flag = X_Y_Z_Position[4];
main.c(126): warning:  #188-D: enumerated type mixed with another type
  					Z_DIR_Flag = X_Y_Z_Position[5];
main.c(234): warning:  #188-D: enumerated type mixed with another type
  			Motor_Dir(X_DIR_IO,0);
main.c(235): warning:  #188-D: enumerated type mixed with another type
  			X_DIR_Flag = 0;
main.c(245): warning:  #188-D: enumerated type mixed with another type
  			Motor_Dir(Y_DIR_IO,0);
main.c(246): warning:  #188-D: enumerated type mixed with another type
  			Y_DIR_Flag = 0;
main.c(256): warning:  #188-D: enumerated type mixed with another type
  			Motor_Dir(Z_DIR_IO,0);
main.c(257): warning:  #188-D: enumerated type mixed with another type
  			Z_DIR_Flag = 0;
main.c(288): warning:  #188-D: enumerated type mixed with another type
  				X_DIR_Flag = !X_DIR_Flag;
main.c(314): warning:  #188-D: enumerated type mixed with another type
  				Y_DIR_Flag = !Y_DIR_Flag;
main.c(339): warning:  #188-D: enumerated type mixed with another type
  				Z_DIR_Flag = !Z_DIR_Flag;
main.c: 15 warnings, 0 errors
linking...
Program Size: Code=5772 RO-data=336 RW-data=84 ZI-data=1060  
FromELF: creating hex file...
"..\Output\STM32F103C8T6-DEMO.axf" - 0 Error(s), 15 Warning(s).

<h2>Software Packages used:</h2>

Package Vendor: Keil
                http://www.keil.com/pack/Keil.STM32F1xx_DFP.2.3.0.pack
                Keil.STM32F1xx_DFP.2.3.0
                STMicroelectronics STM32F1 Series Device Support, Drivers and Examples

<h2>Collection of Component include folders:</h2>
  .\RTE\_STM32-DEMO
  D:\Keil_v5\ARM\PACK\Keil\STM32F1xx_DFP\2.3.0\Device\Include

<h2>Collection of Component Files used:</h2>
Build Time Elapsed:  00:00:01
</pre>
</body>
</html>
