Component: ARM Compiler 5.06 update 6 (build 750) Tool: armlink [4d35ed]

==============================================================================

Section Cross References

    system_cms32f033.o(i.SystemCoreClockUpdate) refers to aeabi_sdiv.o(.text) for __aeabi_uidivmod
    system_cms32f033.o(i.SystemCoreClockUpdate) refers to system_cms32f033.o(.data) for SystemCoreClock
    system_cms32f033.o(i.SystemInit) refers to system_cms32f033.o(i.SystemCoreClockUpdate) for SystemCoreClockUpdate
    startup_cms32f033.o(STACK) refers (Special) to heapauxi.o(.text) for __use_two_region_memory
    startup_cms32f033.o(HEAP) refers (Special) to heapauxi.o(.text) for __use_two_region_memory
    startup_cms32f033.o(RESET) refers (Special) to heapauxi.o(.text) for __use_two_region_memory
    startup_cms32f033.o(RESET) refers to startup_cms32f033.o(STACK) for __initial_sp
    startup_cms32f033.o(RESET) refers to startup_cms32f033.o(.text) for Reset_Handler
    startup_cms32f033.o(RESET) refers to isr.o(i.NMI_Handler) for NMI_Handler
    startup_cms32f033.o(RESET) refers to isr.o(i.HardFault_Handler) for HardFault_Handler
    startup_cms32f033.o(RESET) refers to isr.o(i.SVC_Handler) for SVC_Handler
    startup_cms32f033.o(RESET) refers to isr.o(i.PendSV_Handler) for PendSV_Handler
    startup_cms32f033.o(RESET) refers to isr.o(i.SysTick_Handler) for SysTick_Handler
    startup_cms32f033.o(RESET) refers to isr.o(i.GPIO0_IRQHandler) for GPIO0_IRQHandler
    startup_cms32f033.o(RESET) refers to isr.o(i.GPIO1_IRQHandler) for GPIO1_IRQHandler
    startup_cms32f033.o(RESET) refers to isr.o(i.GPIO2_IRQHandler) for GPIO2_IRQHandler
    startup_cms32f033.o(RESET) refers to isr.o(i.GPIO3_IRQHandler) for GPIO3_IRQHandler
    startup_cms32f033.o(RESET) refers to isr.o(i.GPIO4_IRQHandler) for GPIO4_IRQHandler
    startup_cms32f033.o(RESET) refers to isr.o(i.CCP_IRQHandler) for CCP_IRQHandler
    startup_cms32f033.o(RESET) refers to isr.o(i.WWDT_IRQHandler) for WWDT_IRQHandler
    startup_cms32f033.o(RESET) refers to isr.o(i.EPWM_IRQHandler) for EPWM_IRQHandler
    startup_cms32f033.o(RESET) refers to isr.o(i.ADC1_IRQHandler) for ADC1_IRQHandler
    startup_cms32f033.o(RESET) refers to isr.o(i.ACMP_IRQHandler) for ACMP_IRQHandler
    startup_cms32f033.o(RESET) refers to isr.o(i.UART0_IRQHandler) for UART0_IRQHandler
    startup_cms32f033.o(RESET) refers to isr.o(i.UART1_IRQHandler) for UART1_IRQHandler
    startup_cms32f033.o(RESET) refers to isr.o(i.TIMER0_IRQHandler) for TIMER0_IRQHandler
    startup_cms32f033.o(RESET) refers to isr.o(i.TIMER1_IRQHandler) for TIMER1_IRQHandler
    startup_cms32f033.o(RESET) refers to isr.o(i.WDT_IRQHandler) for WDT_IRQHandler
    startup_cms32f033.o(RESET) refers to isr.o(i.I2C0_IRQHandler) for I2C0_IRQHandler
    startup_cms32f033.o(RESET) refers to isr.o(i.SSP0_IRQHandler) for SSP0_IRQHandler
    startup_cms32f033.o(RESET) refers to isr.o(i.SYS_CHK_IRQHandler) for SYS_CHK_IRQHandler
    startup_cms32f033.o(.text) refers (Special) to heapauxi.o(.text) for __use_two_region_memory
    startup_cms32f033.o(.text) refers to system_cms32f033.o(i.SystemInit) for SystemInit
    startup_cms32f033.o(.text) refers to __main.o(!!!main) for __main
    startup_cms32f033.o(.text) refers to startup_cms32f033.o(HEAP) for Heap_Mem
    startup_cms32f033.o(.text) refers to startup_cms32f033.o(STACK) for Stack_Mem
    gpio.o(i.GPIO_EnableInt) refers to gpio.o(i.__ARM_common_switch8) for __ARM_common_switch8
    system.o(i.SYS_ConfigAHBClock) refers to system.o(i.SYS_GetHSIState) for SYS_GetHSIState
    system.o(i.SYS_ConfigAHBClock) refers to system_cms32f033.o(i.SystemCoreClockUpdate) for SystemCoreClockUpdate
    system.o(i.SYS_ConfigAPBClock) refers to system_cms32f033.o(i.SystemCoreClockUpdate) for SystemCoreClockUpdate
    uart.o(i.UART_ConfigRunMode) refers to aeabi_sdiv.o(.text) for __aeabi_uidivmod
    uart.o(i.UART_ConfigRunMode) refers to system_cms32f033.o(.data) for SystemAPBClock
    opa.o(i.OPA_GetAutoAdjustResult) refers to opa.o(i.OPA_EnableAdjustMode) for OPA_EnableAdjustMode
    opa.o(i.OPA_GetAutoAdjustResult) refers to opa.o(i.OPA_Start) for OPA_Start
    opa.o(i.OPA_GetAutoAdjustResult) refers to opa.o(i.OPA_GetResult) for OPA_GetResult
    opa.o(i.OPA_GetAutoAdjustResult) refers to opa.o(i.OPA_DisableAdjustMode) for OPA_DisableAdjustMode
    opa.o(i.OPA_GetAutoAdjustResult) refers to opa.o(i.OPA_Stop) for OPA_Stop
    acmp.o(i.ACMP_EnableAutoAdjust) refers to acmp.o(i.ACMP_EnableAdjustMode) for ACMP_EnableAdjustMode
    acmp.o(i.ACMP_EnableAutoAdjust) refers to acmp.o(i.ACMP_Start) for ACMP_Start
    acmp.o(i.ACMP_EnableAutoAdjust) refers to acmp.o(i.ACMP_GetResult) for ACMP_GetResult
    acmp.o(i.ACMP_EnableAutoAdjust) refers to acmp.o(i.ACMP_DisableAdjustMode) for ACMP_DisableAdjustMode
    acmp.o(i.ACMP_EnableAutoAdjust) refers to acmp.o(i.ACMP_Stop) for ACMP_Stop
    main.o(i.Check_State) refers to _printf_percent.o(.ARM.Collect$$_printf_percent$$00000000) for _printf_percent
[...]
    ..\\code\\demo_adc1.c                    0x00000000   Number         0  demo_adc1.o ABSOLUTE
    ..\\code\\demo_gpio.c                    0x00000000   Number         0  demo_gpio.o ABSOLUTE
    ..\\code\\demo_opa.c                     0x00000000   Number         0  demo_opa.o ABSOLUTE
    ..\\code\\demo_pga.c                     0x00000000   Number         0  demo_pga.o ABSOLUTE
    ..\\code\\demo_uart.c                    0x00000000   Number         0  demo_uart.o ABSOLUTE
    ..\\code\\drv_RF24L01.c                  0x00000000   Number         0  drv_rf24l01.o ABSOLUTE
    ..\\code\\drv_spi.c                      0x00000000   Number         0  drv_spi.o ABSOLUTE
    ..\\code\\isr.c                          0x00000000   Number         0  isr.o ABSOLUTE
    ..\\code\\main.c                         0x00000000   Number         0  main.o ABSOLUTE
    ..\\code\\system_CMS32F033.c             0x00000000   Number         0  system_cms32f033.o ABSOLUTE
    ..\code\demo_acmp.c                      0x00000000   Number         0  demo_acmp.o ABSOLUTE
    ..\code\demo_adc1.c                      0x00000000   Number         0  demo_adc1.o ABSOLUTE
    ..\code\demo_gpio.c                      0x00000000   Number         0  demo_gpio.o ABSOLUTE
    ..\code\demo_opa.c                       0x00000000   Number         0  demo_opa.o ABSOLUTE
    ..\code\demo_pga.c                       0x00000000   Number         0  demo_pga.o ABSOLUTE
    ..\code\demo_uart.c                      0x00000000   Number         0  demo_uart.o ABSOLUTE
    ..\code\drv_RF24L01.c                    0x00000000   Number         0  drv_rf24l01.o ABSOLUTE
    ..\code\drv_spi.c                        0x00000000   Number         0  drv_spi.o ABSOLUTE
    ..\code\isr.c                            0x00000000   Number         0  isr.o ABSOLUTE
    ..\code\main.c                           0x00000000   Number         0  main.o ABSOLUTE
    ..\code\startup_CMS32F033.s              0x00000000   Number         0  startup_cms32f033.o ABSOLUTE
    ..\code\system_CMS32F033.c               0x00000000   Number         0  system_cms32f033.o ABSOLUTE
    dc.s                                     0x00000000   Number         0  dc.o ABSOLUTE
    !!!main                                  0x000000c0   Section        8  __main.o(!!!main)
    !!!scatter                               0x000000c8   Section       60  __scatter.o(!!!scatter)
    !!handler_copy                           0x00000104   Section       26  __scatter_copy.o(!!handler_copy)
    !!handler_zi                             0x00000120   Section       28  __scatter_zi.o(!!handler_zi)
    .ARM.Collect$$_printf_percent$$00000000  0x0000013c   Section        2  _printf_percent.o(.ARM.Collect$$_printf_percent$$00000000)
    .ARM.Collect$$_printf_percent$$00000003  0x0000013e   Section       10  _printf_f.o(.ARM.Collect$$_printf_percent$$00000003)
    .ARM.Collect$$_printf_percent$$00000009  0x00000148   Section       10  _printf_d.o(.ARM.Collect$$_printf_percent$$00000009)
    .ARM.Collect$$_printf_percent$$00000017  0x00000152   Section        4  _printf_percent_end.o(.ARM.Collect$$_printf_percent$$00000017)
    .ARM.Collect$$libinit$$00000000          0x00000156   Section        2  libinit.o(.ARM.Collect$$libinit$$00000000)
    .ARM.Collect$$libinit$$00000002          0x00000158   Section        0  libinit2.o(.ARM.Collect$$libinit$$00000002)
    .ARM.Collect$$libinit$$00000004          0x00000158   Section        0  libinit2.o(.ARM.Collect$$libinit$$00000004)
    .ARM.Collect$$libinit$$0000000A          0x00000158   Section        0  libinit2.o(.ARM.Collect$$libinit$$0000000A)
    .ARM.Collect$$libinit$$0000000C          0x00000158   Section        0  libinit2.o(.ARM.Collect$$libinit$$0000000C)
    .ARM.Collect$$libinit$$0000000E          0x00000158   Section        0  libinit2.o(.ARM.Collect$$libinit$$0000000E)
    .ARM.Collect$$libinit$$0000000F          0x00000158   Section        6  libinit2.o(.ARM.Collect$$libinit$$0000000F)
    .ARM.Collect$$libinit$$00000011          0x0000015e   Section        0  libinit2.o(.ARM.Collect$$libinit$$00000011)
    .ARM.Collect$$libinit$$00000013          0x0000015e   Section        0  libinit2.o(.ARM.Collect$$libinit$$00000013)
    .ARM.Collect$$libinit$$00000015          0x0000015e   Section        0  libinit2.o(.ARM.Collect$$libinit$$00000015)
    .ARM.Collect$$libinit$$00000016          0x0000015e   Section       10  libinit2.o(.ARM.Collect$$libinit$$00000016)
    .ARM.Collect$$libinit$$00000017          0x00000168   Section        0  libinit2.o(.ARM.Collect$$libinit$$00000017)
    .ARM.Collect$$libinit$$00000019          0x00000168   Section        0  libinit2.o(.ARM.Collect$$libinit$$00000019)
    .ARM.Collect$$libinit$$0000001B          0x00000168   Section        0  libinit2.o(.ARM.Collect$$libinit$$0000001B)
    .ARM.Collect$$libinit$$0000001D          0x00000168   Section        0  libinit2.o(.ARM.Collect$$libinit$$0000001D)
    .ARM.Collect$$libinit$$0000001F          0x00000168   Section        0  libinit2.o(.ARM.Collect$$libinit$$0000001F)
    .ARM.Collect$$libinit$$00000021          0x00000168   Section        0  libinit2.o(.ARM.Collect$$libinit$$00000021)
    .ARM.Collect$$libinit$$00000023          0x00000168   Section        0  libinit2.o(.ARM.Collect$$libinit$$00000023)
    .ARM.Collect$$libinit$$00000025          0x00000168   Section        0  libinit2.o(.ARM.Collect$$libinit$$00000025)
    .ARM.Collect$$libinit$$0000002C          0x00000168   Section        0  libinit2.o(.ARM.Collect$$libinit$$0000002C)
    .ARM.Collect$$libinit$$0000002E          0x00000168   Section        0  libinit2.o(.ARM.Collect$$libinit$$0000002E)
    .ARM.Collect$$libinit$$00000030          0x00000168   Section        0  libinit2.o(.ARM.Collect$$libinit$$00000030)
    .ARM.Collect$$libinit$$00000032          0x00000168   Section        0  libinit2.o(.ARM.Collect$$libinit$$00000032)
    .ARM.Collect$$libinit$$00000033          0x00000168   Section        2  libinit2.o(.ARM.Collect$$libinit$$00000033)
    .ARM.Collect$$libshutdown$$00000000      0x0000016a   Section        2  libshutdown.o(.ARM.Collect$$libshutdown$$00000000)
    .ARM.Collect$$libshutdown$$00000002      0x0000016c   Section        0  libshutdown2.o(.ARM.Collect$$libshutdown$$00000002)
    .ARM.Collect$$libshutdown$$00000004      0x0000016c   Section        0  libshutdown2.o(.ARM.Collect$$libshutdown$$00000004)
    .ARM.Collect$$libshutdown$$00000007      0x0000016c   Section        0  libshutdown2.o(.ARM.Collect$$libshutdown$$00000007)
    .ARM.Collect$$libshutdown$$0000000A      0x0000016c   Section        0  libshutdown2.o(.ARM.Collect$$libshutdown$$0000000A)
    .ARM.Collect$$libshutdown$$0000000C      0x0000016c   Section        0  libshutdown2.o(.ARM.Collect$$libshutdown$$0000000C)
    .ARM.Collect$$libshutdown$$0000000F      0x0000016c   Section        0  libshutdown2.o(.ARM.Collect$$libshutdown$$0000000F)
    .ARM.Collect$$libshutdown$$00000010      0x0000016c   Section        2  libshutdown2.o(.ARM.Collect$$libshutdown$$00000010)
    .ARM.Collect$$rtentry$$00000000          0x0000016e   Section        0  __rtentry.o(.ARM.Collect$$rtentry$$00000000)
    .ARM.Collect$$rtentry$$00000002          0x0000016e   Section        0  __rtentry2.o(.ARM.Collect$$rtentry$$00000002)
    .ARM.Collect$$rtentry$$00000004          0x0000016e   Section        6  __rtentry4.o(.ARM.Collect$$rtentry$$00000004)
    .ARM.Collect$$rtentry$$00000009          0x00000174   Section        0  __rtentry2.o(.ARM.Collect$$rtentry$$00000009)
    .ARM.Collect$$rtentry$$0000000A          0x00000174   Section        4  __rtentry2.o(.ARM.Collect$$rtentry$$0000000A)
    .ARM.Collect$$rtentry$$0000000C          0x00000178   Section        0  __rtentry2.o(.ARM.Collect$$rtentry$$0000000C)
    .ARM.Collect$$rtentry$$0000000D          0x00000178   Section        8  __rtentry2.o(.ARM.Collect$$rtentry$$0000000D)
    .ARM.Collect$$rtexit$$00000000           0x00000180   Section        2  rtexit.o(.ARM.Collect$$rtexit$$00000000)
    .ARM.Collect$$rtexit$$00000002           0x00000182   Section        0  rtexit2.o(.ARM.Collect$$rtexit$$00000002)
    .ARM.Collect$$rtexit$$00000003           0x00000182   Section        4  rtexit2.o(.ARM.Collect$$rtexit$$00000003)
    .ARM.Collect$$rtexit$$00000004           0x00000186   Section        6  rtexit2.o(.ARM.Collect$$rtexit$$00000004)
    .emb_text                                0x0000018c   Section       56  rt_memcpy.o(.emb_text)
    .text                                    0x000001c4   Section       60  startup_cms32f033.o(.text)
    .text                                    0x00000200   Section        0  noretval__2printf.o(.text)
    .text                                    0x0000021c   Section        0  _printf_dec.o(.text)
    .text                                    0x00000288   Section        0  __printf_flags_wp.o(.text)
    .text                                    0x000003c0   Section        0  rt_memcpy.o(.text)
    .text                                    0x00000442   Section      346  aeabi_sdiv.o(.text)
    .text                                    0x0000059c   Section        0  heapauxi.o(.text)
    .text                                    0x000005a4   Section        0  d2f.o(.text)
    .text                                    0x00000620   Section        0  daddsub.o(.text)
    _dadd1                                   0x00000621   Thumb Code   290  daddsub.o(.text)
    _dsub1                                   0x00000743   Thumb Code   470  daddsub.o(.text)
    .text                                    0x00000978   Section        0  ddiv.o(.text)
    .text                                    0x00000dc0   Section        0  dfixui.o(.text)
    .text                                    0x00000e08   Section        0  dflti.o(.text)
    .text                                    0x00000e60   Section        0  dmul.o(.text)
    .text                                    0x000010a8   Section        0  f2d.o(.text)
    .text                                    0x000010fc   Section        0  fdiv.o(.text)
    .text                                    0x0000125c   Section        0  ffixui.o(.text)
    .text                                    0x0000128c   Section        0  fflti.o(.text)
    .text                                    0x000012ea   Section        0  _printf_intcommon.o(.text)
    .text                                    0x0000139c   Section        0  _printf_fp_dec.o(.text)
    _fp_digits                               0x0000139f   Thumb Code   412  _printf_fp_dec.o(.text)
    .text                                    0x000017b4   Section        0  _printf_char_file.o(.text)
    .text                                    0x000017dc   Section        0  rtudiv10.o(.text)
    .text                                    0x00001804   Section        0  fcmpin.o(.text)
    .text                                    0x00001868   Section        8  rt_locale_intlibspace.o(.text)
    .text                                    0x00001870   Section        0  lludiv10.o(.text)
    .text                                    0x000018ec   Section        0  _printf_char_common.o(.text)
    _printf_input_char                       0x000018ed   Thumb Code    10  _printf_char_common.o(.text)
    .text                                    0x0000191c   Section        0  _printf_fp_infnan.o(.text)
    .text                                    0x000019a4   Section        0  bigflt0.o(.text)
    .text                                    0x00001a7c   Section        0  btod.o(.text)
    btod_internal_mul                        0x00001abd   Thumb Code   492  btod.o(.text)
    btod_internal_div                        0x00001ca9   Thumb Code   520  btod.o(.text)
    .text                                    0x00001ffc   Section        0  cmpret.o(.text)
    .text                                    0x0000202c   Section        0  fnan2.o(.text)
    .text                                    0x0000203c   Section        8  libspace.o(.text)
    .text                                    0x00002044   Section       62  sys_stackheap_outer.o(.text)
    .text                                    0x00002082   Section        0  exit.o(.text)
    .text                                    0x00002094   Section        0  strcmp.o(.text)
    .text                                    0x0000211c   Section        0  retnan.o(.text)
    i.ACMP_ACMP0_Config                      0x0000217c   Section        0  demo_acmp.o(i.ACMP_ACMP0_Config)
    i.ACMP_ClearIntFlag                      0x000021f0   Section        0  acmp.o(i.ACMP_ClearIntFlag)
    i.ACMP_ConfigEventAndIntMode             0x00002204   Section        0  acmp.o(i.ACMP_ConfigEventAndIntMode)
    i.ACMP_ConfigHYS                         0x0000224e   Section        0  acmp.o(i.ACMP_ConfigHYS)
    i.ACMP_ConfigNegative                    0x000022b4   Section        0  acmp.o(i.ACMP_ConfigNegative)
    i.ACMP_ConfigPositive                    0x0000234e   Section        0  acmp.o(i.ACMP_ConfigPositive)
    i.ACMP_DisableEventOut                   0x000023a2   Section        0  acmp.o(i.ACMP_DisableEventOut)
    i.ACMP_DisableReverseOutput              0x000023da   Section        0  acmp.o(i.ACMP_DisableReverseOutput)
    i.ACMP_EnableFilter                      0x00002414   Section        0  acmp.o(i.ACMP_EnableFilter)
    i.ACMP_EnableInt                         0x00002474   Section        0  acmp.o(i.ACMP_EnableInt)
    i.ACMP_GetIntFlag                        0x00002492   Section        0  acmp.o(i.ACMP_GetIntFlag)
    i.ACMP_GetResult                         0x000024ac   Section        0  acmp.o(i.ACMP_GetResult)
    i.ACMP_IRQHandler                        0x000024d8   Section        0  isr.o(i.ACMP_IRQHandler)
    i.ACMP_Start                             0x000024f8   Section        0  acmp.o(i.ACMP_Start)
    i.ADC1_ConfigCompare                     0x00002534   Section        0  adc1.o(i.ADC1_ConfigCompare)
    i.ADC1_ConfigRunMode                     0x00002578   Section        0  adc1.o(i.ADC1_ConfigRunMode)
    i.ADC1_EnableAdjust                      0x000025b0   Section        0  adc1.o(i.ADC1_EnableAdjust)
    i.ADC1_EnableCompare                     0x000025cc   Section        0  adc1.o(i.ADC1_EnableCompare)
    i.ADC1_EnableScanChannel                 0x000025e8   Section        0  adc1.o(i.ADC1_EnableScanChannel)
    i.ADC1_GetCompareResult                  0x000025fe   Section        0  adc1.o(i.ADC1_GetCompareResult)
    i.ADC1_GetResult                         0x00002610   Section        0  adc1.o(i.ADC1_GetResult)
    i.ADC1_Go                                0x00002620   Section        0  main.o(i.ADC1_Go)
    ADC1_Go                                  0x00002621   Thumb Code    28  main.o(i.ADC1_Go)
    i.ADC1_IRQHandler                        0x0000263c   Section        0  isr.o(i.ADC1_IRQHandler)
    i.ADC1_SetAN30Channel                    0x0000263e   Section        0  adc1.o(i.ADC1_SetAN30Channel)
    i.ADC1_Software_Trigger_Mode             0x00002664   Section        0  demo_adc1.o(i.ADC1_Software_Trigger_Mode)
    i.ADC1_Start                             0x000026cc   Section        0  adc1.o(i.ADC1_Start)
    i.ADC1_StartAdjust                       0x000026e8   Section        0  adc1.o(i.ADC1_StartAdjust)
    i.CCP_IRQHandler                         0x00002714   Section        0  isr.o(i.CCP_IRQHandler)
    i.CalculateTemperature                   0x00002718   Section        0  temp.o(i.CalculateTemperature)
    i.Check_State                            0x000027f4   Section        0  main.o(i.Check_State)
    i.EPWM_IRQHandler                        0x00002cc4   Section        0  isr.o(i.EPWM_IRQHandler)
    i.GPIO0_IRQHandler                       0x00002cc6   Section        0  isr.o(i.GPIO0_IRQHandler)
    i.GPIO1_IRQHandler                       0x00002cc8   Section        0  isr.o(i.GPIO1_IRQHandler)
    i.GPIO2_IRQHandler                       0x00002d06   Section        0  isr.o(i.GPIO2_IRQHandler)
    i.GPIO3_IRQHandler                       0x00002d08   Section        0  isr.o(i.GPIO3_IRQHandler)
    i.GPIO4_IRQHandler                       0x00002d0a   Section        0  isr.o(i.GPIO4_IRQHandler)
    i.GPIO_ClearIntFlag                      0x00002d0c   Section        0  gpio.o(i.GPIO_ClearIntFlag)
    i.GPIO_Config                            0x00002d18   Section        0  demo_gpio.o(i.GPIO_Config)
    i.GPIO_GetIntFlag                        0x00002d60   Section        0  gpio.o(i.GPIO_GetIntFlag)
    i.HardFault_Handler                      0x00002d76   Section        0  isr.o(i.HardFault_Handler)
    i.I2C0_IRQHandler                        0x00002d78   Section        0  isr.o(i.I2C0_IRQHandler)
    i.I_Float                                0x00002d7c   Section        0  main.o(i.I_Float)
    i.I_Set                                  0x00002dec   Section        0  main.o(i.I_Set)
    i.NMI_Handler                            0x00002e10   Section        0  isr.o(i.NMI_Handler)
    i.NRF24L01_Check                         0x00002e14   Section        0  drv_rf24l01.o(i.NRF24L01_Check)
    i.NRF24L01_Gpio_Init                     0x00002e60   Section        0  drv_rf24l01.o(i.NRF24L01_Gpio_Init)
    i.NRF24L01_Init                          0x00002eec   Section        0  drv_rf24l01.o(i.NRF24L01_Init)
    i.NRF24L01_Read_Buf                      0x00002f0e   Section        0  drv_rf24l01.o(i.NRF24L01_Read_Buf)
    i.NRF24L01_Read_Reg                      0x00002f58   Section        0  drv_rf24l01.o(i.NRF24L01_Read_Reg)
    i.NRF24L01_RxPacket                      0x00002f90   Section        0  drv_rf24l01.o(i.NRF24L01_RxPacket)
    i.NRF24L01_TxPacket                      0x00002fc6   Section        0  drv_rf24l01.o(i.NRF24L01_TxPacket)
    i.NRF24L01_Write_Buf                     0x0000303a   Section        0  drv_rf24l01.o(i.NRF24L01_Write_Buf)
    i.NRF24L01_Write_Reg                     0x00003082   Section        0  drv_rf24l01.o(i.NRF24L01_Write_Reg)
    i.NVIC_SetPriority                       0x000030bc   Section        0  demo_acmp.o(i.NVIC_SetPriority)
    NVIC_SetPriority                         0x000030bd   Thumb Code   110  demo_acmp.o(i.NVIC_SetPriority)
    i.OPA0_Config                            0x00003134   Section        0  demo_opa.o(i.OPA0_Config)
    i.OPA_ConfigNegative                     0x0000318c   Section        0  opa.o(i.OPA_ConfigNegative)
    i.OPA_ConfigOutput                       0x0000319c   Section        0  opa.o(i.OPA_ConfigOutput)
    i.OPA_ConfigPositive                     0x000031ac   Section        0  opa.o(i.OPA_ConfigPositive)
    i.OPA_ConfigRunMode                      0x000031bc   Section        0  opa.o(i.OPA_ConfigRunMode)
    i.OPA_Start                              0x000031cc   Section        0  opa.o(i.OPA_Start)
    i.PGA_ConfigGain                         0x000031d6   Section        0  pga.o(i.PGA_ConfigGain)
    i.PGA_ConfigPositive                     0x000031e8   Section        0  pga.o(i.PGA_ConfigPositive)
    i.PGA_ConfigResistance                   0x000031fc   Section        0  pga.o(i.PGA_ConfigResistance)
    i.PGA_PGA1_Config                        0x00003210   Section        0  demo_pga.o(i.PGA_PGA1_Config)
    i.PGA_Start                              0x00003260   Section        0  pga.o(i.PGA_Start)
    i.PendSV_Handler                         0x0000326c   Section        0  isr.o(i.PendSV_Handler)
    i.RX_Mode                                0x00003270   Section        0  drv_rf24l01.o(i.RX_Mode)
    i.SSP0_IRQHandler                        0x000032dc   Section        0  isr.o(i.SSP0_IRQHandler)
    i.SVC_Handler                            0x000032de   Section        0  isr.o(i.SVC_Handler)
    i.SYS_CHK_IRQHandler                     0x000032e0   Section        0  isr.o(i.SYS_CHK_IRQHandler)
    i.SYS_ConfigAHBClock                     0x000032e4   Section        0  system.o(i.SYS_ConfigAHBClock)
    i.SYS_ConfigAPBClock                     0x00003320   Section        0  system.o(i.SYS_ConfigAPBClock)
    i.SYS_ConfigHSI                          0x00003330   Section        0  system.o(i.SYS_ConfigHSI)
    i.SYS_EnableHSI                          0x00003354   Section        0  system.o(i.SYS_EnableHSI)
    i.SYS_EnablePeripheralClk                0x00003370   Section        0  system.o(i.SYS_EnablePeripheralClk)
    i.SYS_GetHSIState                        0x00003380   Section        0  system.o(i.SYS_GetHSIState)
    i.SysTick_Handler                        0x0000338c   Section        0  isr.o(i.SysTick_Handler)
    i.SystemCoreClockUpdate                  0x00003390   Section        0  system_cms32f033.o(i.SystemCoreClockUpdate)
    i.SystemInit                             0x00003444   Section        0  system_cms32f033.o(i.SystemInit)
    i.TIMER0_IRQHandler                      0x0000344c   Section        0  isr.o(i.TIMER0_IRQHandler)
    i.TIMER1_IRQHandler                      0x0000344e   Section        0  isr.o(i.TIMER1_IRQHandler)
    i.TX_Mode                                0x00003450   Section        0  drv_rf24l01.o(i.TX_Mode)
    i.TX_TEMPER_1                            0x000034c4   Section        0  temp.o(i.TX_TEMPER_1)
    i.UART0_IRQHandler                       0x00003538   Section        0  isr.o(i.UART0_IRQHandler)
    i.UART1_IRQHandler                       0x0000353a   Section        0  isr.o(i.UART1_IRQHandler)
    i.UART_ConfigRunMode                     0x0000353c   Section        0  uart.o(i.UART_ConfigRunMode)
    i.UART_UART1_Config                      0x00003574   Section        0  demo_uart.o(i.UART_UART1_Config)
    i.V_Float                                0x000035a4   Section        0  temp.o(i.V_Float)
    i.V_Set                                  0x00003600   Section        0  main.o(i.V_Set)
    i.Verge                                  0x00003624   Section        0  main.o(i.Verge)
    i.WDT_IRQHandler                         0x00003988   Section        0  isr.o(i.WDT_IRQHandler)
    i.WWDT_IRQHandler                        0x0000398a   Section        0  isr.o(i.WWDT_IRQHandler)
    i.__ARM_common_ll_muluu                  0x0000398c   Section        0  btod.o(i.__ARM_common_ll_muluu)
    i.__ARM_fpclassify                       0x000039bc   Section        0  fpclassify.o(i.__ARM_fpclassify)
    i._is_digit                              0x000039e8   Section        0  __printf_wp.o(i._is_digit)
    i._sys_exit                              0x000039f6   Section        0  retarget.o(i._sys_exit)
    i.check_test                             0x000039fc   Section        0  main.o(i.check_test)
    i.delay_init                             0x00003b28   Section        0  delay.o(i.delay_init)
    i.delay_us                               0x00003b7c   Section        0  delay.o(i.delay_us)
    i.delay_xms                              0x00003bc4   Section        0  delay.o(i.delay_xms)
    i.drv_spi_init                           0x00003bdc   Section        0  drv_spi.o(i.drv_spi_init)
    i.drv_spi_read_write_byte                0x00003cd0   Section        0  drv_spi.o(i.drv_spi_read_write_byte)
    i.ferror                                 0x00003d6c   Section        0  retarget.o(i.ferror)
    i.fputc                                  0x00003d74   Section        0  retarget.o(i.fputc)
    i.main                                   0x00003da8   Section        0  main.o(i.main)
    i.usCRC16                                0x000041a4   Section        0  crc_1.o(i.usCRC16)
    locale$$code                             0x000041dc   Section       44  lc_numeric_c.o(locale$$code)
    x$fpl$fadd                               0x00004208   Section      140  faddsub.o(x$fpl$fadd)
    _fadd1                                   0x00004215   Thumb Code     0  faddsub.o(x$fpl$fadd)
    x$fpl$fleqf                              0x00004294   Section       84  flef.o(x$fpl$fleqf)
    x$fpl$fmul                               0x000042e8   Section      176  fmul.o(x$fpl$fmul)
    x$fpl$frleqf                             0x00004398   Section       88  frlef.o(x$fpl$frleqf)
    x$fpl$fsub                               0x000043f0   Section      208  faddsub.o(x$fpl$fsub)
    _fsub1                                   0x000043fd   Thumb Code     0  faddsub.o(x$fpl$fsub)
    x$fpl$printf1                            0x000044c0   Section       16  printf1.o(x$fpl$printf1)
    .constdata                               0x000044d0   Section      512  crc_1.o(.constdata)
    x$fpl$usenofp                            0x000044d0   Section        0  usenofp.o(x$fpl$usenofp)
    aucCRCHi                                 0x000044d0   Data         256  crc_1.o(.constdata)
    aucCRCLo                                 0x000045d0   Data         256  crc_1.o(.constdata)
    .constdata                               0x000046d0   Section      148  temp.o(.constdata)
    .constdata                               0x00004764   Section       17  __printf_flags_wp.o(.constdata)
    maptable                                 0x00004764   Data          17  __printf_flags_wp.o(.constdata)
    .constdata                               0x00004775   Section      128  ddiv.o(.constdata)
    ddiv_reciptbl                            0x00004775   Data         128  ddiv.o(.constdata)
    .constdata                               0x000047f5   Section       64  fdiv.o(.constdata)
    fdiv_tab                                 0x000047f5   Data          64  fdiv.o(.constdata)
    .constdata                               0x00004838   Section      148  bigflt0.o(.constdata)
    tenpwrs_x                                0x00004838   Data          60  bigflt0.o(.constdata)
    tenpwrs_i                                0x00004874   Data          64  bigflt0.o(.constdata)
    .conststring                             0x000048cc   Section      164  main.o(.conststring)
    .conststring                             0x00004970   Section       25  drv_rf24l01.o(.conststring)
    locale$$data                             0x000049ac   Section       28  lc_numeric_c.o(locale$$data)
    __lcnum_c_name                           0x000049b0   Data           2  lc_numeric_c.o(locale$$data)
    __lcnum_c_start                          0x000049b8   Data           0  lc_numeric_c.o(locale$$data)
    __lcnum_c_point                          0x000049c4   Data           0  lc_numeric_c.o(locale$$data)
    __lcnum_c_thousands                      0x000049c6   Data           0  lc_numeric_c.o(locale$$data)
    __lcnum_c_grouping                       0x000049c7   Data           0  lc_numeric_c.o(locale$$data)
    __lcnum_c_end                            0x000049c8   Data           0  lc_numeric_c.o(locale$$data)
    .data                                    0x20000000   Section       12  system_cms32f033.o(.data)
    .data                                    0x2000000c   Section        8  retarget.o(.data)
    .data                                    0x20000014   Section       67  main.o(.data)
    OVER_V_FLAG                              0x20000014   Data           1  main.o(.data)
    FALL_State                               0x20000017   Data           1  main.o(.data)
    STATE                                    0x20000018   Data           1  main.o(.data)
    V_V_time                                 0x2000002a   Data           1  main.o(.data)
    connect_time                             0x2000002c   Data           2  main.o(.data)
    V_CV_state                               0x20000030   Data           1  main.o(.data)
    ADC_Value                                0x20000034   Data           4  main.o(.data)
    ADC_V_Value                              0x20000038   Data           4  main.o(.data)
    Time                                     0x20000040   Data           2  main.o(.data)
    Temp_State                               0x20000042   Data           1  main.o(.data)
    TX_RX_State                              0x20000043   Data           1  main.o(.data)
    Flag_65                                  0x20000052   Data           1  main.o(.data)
    Flag_70                                  0x20000053   Data           1  main.o(.data)
    Flag_75                                  0x20000054   Data           1  main.o(.data)
    Flag_80                                  0x20000055   Data           1  main.o(.data)
    Set_ADC_State                            0x20000056   Data           1  main.o(.data)
    .data                                    0x20000058   Section        9  drv_rf24l01.o(.data)
    .data                                    0x20000061   Section        1  delay.o(.data)
    fac_us                                   0x20000061   Data           1  delay.o(.data)
    .bss                                     0x20000064   Section       20  main.o(.bss)
    .bss                                     0x20000078   Section       96  libspace.o(.bss)
    HEAP                                     0x200000d8   Section      256  startup_cms32f033.o(HEAP)
    Heap_Mem                                 0x200000d8   Data         256  startup_cms32f033.o(HEAP)
    STACK                                    0x200001d8   Section     2048  startup_cms32f033.o(STACK)
    Stack_Mem                                0x200001d8   Data        2048  startup_cms32f033.o(STACK)
    __initial_sp                             0x200009d8   Data           0  startup_cms32f033.o(STACK)

    Global Symbols

    Symbol Name                              Value     Ov Type        Size  Object(Section)

    BuildAttributes$$THM_ISAv3M$S$PE$A:L22$X:L11$S22$IEEE1$IW$USESV6$~STKCKD$USESV7$~SHL$OTIME$ROPI$IEEEJ$EBA8$UX$STANDARDLIB$REQ8$PRES8$EABIv2 0x00000000   Number         0  anon$$obj.o ABSOLUTE
    __ARM_use_no_argv                        0x00000000   Number         0  main.o ABSOLUTE
    __Vectors                                0x00000000   Data           4  startup_cms32f033.o(RESET)
    _printf_flags                            0x00000000   Number         0  printf_stubs.o ABSOLUTE
    _printf_return_value                     0x00000000   Number         0  printf_stubs.o ABSOLUTE
    _printf_sizespec                         0x00000000   Number         0  printf_stubs.o ABSOLUTE
    _printf_widthprec                        0x00000000   Number         0  printf_stubs.o ABSOLUTE
    __ARM_exceptions_init                     - Undefined Weak Reference
    __alloca_initialize                       - Undefined Weak Reference
    __arm_preinit_                            - Undefined Weak Reference
    __cpp_initialize__aeabi_                  - Undefined Weak Reference
    __cxa_finalize                            - Undefined Weak Reference
    __sigvec_lookup                           - Undefined Weak Reference
    _atexit_init                              - Undefined Weak Reference
    _call_atexit_fns                          - Undefined Weak Reference
    _clock_init                               - Undefined Weak Reference
    _fp_trap_init                             - Undefined Weak Reference
    _fp_trap_shutdown                         - Undefined Weak Reference
    _get_lc_collate                           - Undefined Weak Reference
    _get_lc_ctype                             - Undefined Weak Reference
    _get_lc_monetary                          - Undefined Weak Reference
    _get_lc_time                              - Undefined Weak Reference
    _getenv_init                              - Undefined Weak Reference
    _handle_redirection                       - Undefined Weak Reference
    _init_alloc                               - Undefined Weak Reference
    _init_user_alloc                          - Undefined Weak Reference
    _initio                                   - Undefined Weak Reference
    _printf_post_padding                      - Undefined Weak Reference
    _printf_pre_padding                       - Undefined Weak Reference
    _printf_truncate_signed                   - Undefined Weak Reference
    _printf_truncate_unsigned                 - Undefined Weak Reference
    _rand_init                                - Undefined Weak Reference
    _signal_finish                            - Undefined Weak Reference
    _signal_init                              - Undefined Weak Reference
    _terminate_alloc                          - Undefined Weak Reference
    _terminate_user_alloc                     - Undefined Weak Reference
    _terminateio                              - Undefined Weak Reference
    __main                                   0x000000c1   Thumb Code     8  __main.o(!!!main)
    __scatterload                            0x000000c9   Thumb Code     0  __scatter.o(!!!scatter)
    __scatterload_rt2                        0x000000c9   Thumb Code    52  __scatter.o(!!!scatter)
    __scatterload_rt2_thumb_only             0x000000c9   Thumb Code     0  __scatter.o(!!!scatter)
    __scatterload_null                       0x000000d9   Thumb Code     0  __scatter.o(!!!scatter)
    __scatterload_copy                       0x00000105   Thumb Code    26  __scatter_copy.o(!!handler_copy)
    __scatterload_zeroinit                   0x00000121   Thumb Code    28  __scatter_zi.o(!!handler_zi)
    _printf_percent                          0x0000013d   Thumb Code     0  _printf_percent.o(.ARM.Collect$$_printf_percent$$00000000)
    _printf_f                                0x0000013f   Thumb Code     0  _printf_f.o(.ARM.Collect$$_printf_percent$$00000003)
    _printf_d                                0x00000149   Thumb Code     0  _printf_d.o(.ARM.Collect$$_printf_percent$$00000009)
    _printf_percent_end                      0x00000153   Thumb Code     0  _printf_percent_end.o(.ARM.Collect$$_printf_percent$$00000017)
    __rt_lib_init                            0x00000157   Thumb Code     0  libinit.o(.ARM.Collect$$libinit$$00000000)
    __rt_lib_init_fp_1                       0x00000159   Thumb Code     0  libinit2.o(.ARM.Collect$$libinit$$00000002)
    __rt_lib_init_heap_1                     0x00000159   Thumb Code     0  libinit2.o(.ARM.Collect$$libinit$$0000000A)
    __rt_lib_init_lc_common                  0x00000159   Thumb Code     0  libinit2.o(.ARM.Collect$$libinit$$0000000F)
    __rt_lib_init_preinit_1                  0x00000159   Thumb Code     0  libinit2.o(.ARM.Collect$$libinit$$00000004)
    __rt_lib_init_rand_1                     0x00000159   Thumb Code     0  libinit2.o(.ARM.Collect$$libinit$$0000000E)
    __rt_lib_init_user_alloc_1               0x00000159   Thumb Code     0  libinit2.o(.ARM.Collect$$libinit$$0000000C)
    __rt_lib_init_lc_collate_1               0x0000015f   Thumb Code     0  libinit2.o(.ARM.Collect$$libinit$$00000011)
    __rt_lib_init_lc_ctype_1                 0x0000015f   Thumb Code     0  libinit2.o(.ARM.Collect$$libinit$$00000013)
    __rt_lib_init_lc_monetary_1              0x0000015f   Thumb Code     0  libinit2.o(.ARM.Collect$$libinit$$00000015)
    __rt_lib_init_lc_numeric_2               0x0000015f   Thumb Code     0  libinit2.o(.ARM.Collect$$libinit$$00000016)
    __rt_lib_init_alloca_1                   0x00000169   Thumb Code     0  libinit2.o(.ARM.Collect$$libinit$$0000002E)
    __rt_lib_init_argv_1                     0x00000169   Thumb Code     0  libinit2.o(.ARM.Collect$$libinit$$0000002C)
    __rt_lib_init_atexit_1                   0x00000169   Thumb Code     0  libinit2.o(.ARM.Collect$$libinit$$0000001B)
    __rt_lib_init_clock_1                    0x00000169   Thumb Code     0  libinit2.o(.ARM.Collect$$libinit$$00000021)
    __rt_lib_init_cpp_1                      0x00000169   Thumb Code     0  libinit2.o(.ARM.Collect$$libinit$$00000032)
    __rt_lib_init_exceptions_1               0x00000169   Thumb Code     0  libinit2.o(.ARM.Collect$$libinit$$00000030)
    __rt_lib_init_fp_trap_1                  0x00000169   Thumb Code     0  libinit2.o(.ARM.Collect$$libinit$$0000001F)
    __rt_lib_init_getenv_1                   0x00000169   Thumb Code     0  libinit2.o(.ARM.Collect$$libinit$$00000023)
    __rt_lib_init_lc_numeric_1               0x00000169   Thumb Code     0  libinit2.o(.ARM.Collect$$libinit$$00000017)
    __rt_lib_init_lc_time_1                  0x00000169   Thumb Code     0  libinit2.o(.ARM.Collect$$libinit$$00000019)
    __rt_lib_init_return                     0x00000169   Thumb Code     0  libinit2.o(.ARM.Collect$$libinit$$00000033)
    __rt_lib_init_signal_1                   0x00000169   Thumb Code     0  libinit2.o(.ARM.Collect$$libinit$$0000001D)
    __rt_lib_init_stdio_1                    0x00000169   Thumb Code     0  libinit2.o(.ARM.Collect$$libinit$$00000025)
    __rt_lib_shutdown                        0x0000016b   Thumb Code     0  libshutdown.o(.ARM.Collect$$libshutdown$$00000000)
    __rt_lib_shutdown_cpp_1                  0x0000016d   Thumb Code     0  libshutdown2.o(.ARM.Collect$$libshutdown$$00000002)
    __rt_lib_shutdown_fp_trap_1              0x0000016d   Thumb Code     0  libshutdown2.o(.ARM.Collect$$libshutdown$$00000007)
    __rt_lib_shutdown_heap_1                 0x0000016d   Thumb Code     0  libshutdown2.o(.ARM.Collect$$libshutdown$$0000000F)
    __rt_lib_shutdown_return                 0x0000016d   Thumb Code     0  libshutdown2.o(.ARM.Collect$$libshutdown$$00000010)
    __rt_lib_shutdown_signal_1               0x0000016d   Thumb Code     0  libshutdown2.o(.ARM.Collect$$libshutdown$$0000000A)
    __rt_lib_shutdown_stdio_1                0x0000016d   Thumb Code     0  libshutdown2.o(.ARM.Collect$$libshutdown$$00000004)
    __rt_lib_shutdown_user_alloc_1           0x0000016d   Thumb Code     0  libshutdown2.o(.ARM.Collect$$libshutdown$$0000000C)
    __rt_entry                               0x0000016f   Thumb Code     0  __rtentry.o(.ARM.Collect$$rtentry$$00000000)
    __rt_entry_presh_1                       0x0000016f   Thumb Code     0  __rtentry2.o(.ARM.Collect$$rtentry$$00000002)
    __rt_entry_sh                            0x0000016f   Thumb Code     0  __rtentry4.o(.ARM.Collect$$rtentry$$00000004)
    __rt_entry_li                            0x00000175   Thumb Code     0  __rtentry2.o(.ARM.Collect$$rtentry$$0000000A)
    __rt_entry_postsh_1                      0x00000175   Thumb Code     0  __rtentry2.o(.ARM.Collect$$rtentry$$00000009)
    __rt_entry_main                          0x00000179   Thumb Code     0  __rtentry2.o(.ARM.Collect$$rtentry$$0000000D)
    __rt_entry_postli_1                      0x00000179   Thumb Code     0  __rtentry2.o(.ARM.Collect$$rtentry$$0000000C)
    __rt_exit                                0x00000181   Thumb Code     0  rtexit.o(.ARM.Collect$$rtexit$$00000000)
    __rt_exit_ls                             0x00000183   Thumb Code     0  rtexit2.o(.ARM.Collect$$rtexit$$00000003)
    __rt_exit_prels_1                        0x00000183   Thumb Code     0  rtexit2.o(.ARM.Collect$$rtexit$$00000002)
    __rt_exit_exit                           0x00000187   Thumb Code     0  rtexit2.o(.ARM.Collect$$rtexit$$00000004)
    __aeabi_memcpy4                          0x0000018d   Thumb Code    56  rt_memcpy.o(.emb_text)
    __aeabi_memcpy8                          0x0000018d   Thumb Code     0  rt_memcpy.o(.emb_text)
    Reset_Handler                            0x000001c5   Thumb Code     8  startup_cms32f033.o(.text)
    Reserved_IRQHandler                      0x000001d7   Thumb Code     2  startup_cms32f033.o(.text)
    ADC0_IRQHandler                          0x000001d9   Thumb Code     0  startup_cms32f033.o(.text)
    __user_initial_stackheap                 0x000001dd   Thumb Code     0  startup_cms32f033.o(.text)
    __2printf                                0x00000201   Thumb Code    22  noretval__2printf.o(.text)
    _printf_int_dec                          0x0000021d   Thumb Code    90  _printf_dec.o(.text)
    __printf                                 0x00000289   Thumb Code   306  __printf_flags_wp.o(.text)
    __aeabi_memcpy                           0x000003c1   Thumb Code   130  rt_memcpy.o(.text)
    __rt_memcpy                              0x000003c1   Thumb Code     0  rt_memcpy.o(.text)
    __aeabi_uidiv                            0x00000443   Thumb Code     0  aeabi_sdiv.o(.text)
    __aeabi_uidivmod                         0x00000443   Thumb Code    20  aeabi_sdiv.o(.text)
    __aeabi_idiv                             0x00000457   Thumb Code     0  aeabi_sdiv.o(.text)
    __aeabi_idivmod                          0x00000457   Thumb Code   326  aeabi_sdiv.o(.text)
    __use_two_region_memory                  0x0000059d   Thumb Code     2  heapauxi.o(.text)
    __rt_heap_escrow$2region                 0x0000059f   Thumb Code     2  heapauxi.o(.text)
    __rt_heap_expand$2region                 0x000005a1   Thumb Code     2  heapauxi.o(.text)
    __aeabi_d2f                              0x000005a5   Thumb Code     0  d2f.o(.text)
    _d2f                                     0x000005a5   Thumb Code   120  d2f.o(.text)
    __aeabi_dadd                             0x00000919   Thumb Code     0  daddsub.o(.text)
    _dadd                                    0x00000919   Thumb Code    26  daddsub.o(.text)
    __aeabi_dsub                             0x00000933   Thumb Code     0  daddsub.o(.text)
    _dsub                                    0x00000933   Thumb Code    22  daddsub.o(.text)
    __aeabi_drsub                            0x00000949   Thumb Code     0  daddsub.o(.text)
    _drsb                                    0x00000949   Thumb Code    28  daddsub.o(.text)
    __aeabi_ddiv                             0x00000979   Thumb Code     0  ddiv.o(.text)
    _ddiv                                    0x00000979   Thumb Code  1072  ddiv.o(.text)
    _drdiv                                   0x00000da9   Thumb Code    20  ddiv.o(.text)
    __aeabi_d2uiz                            0x00000dc1   Thumb Code     0  dfixui.o(.text)
    _dfixu                                   0x00000dc1   Thumb Code    68  dfixui.o(.text)
    __aeabi_i2d_normalise                    0x00000e09   Thumb Code    66  dflti.o(.text)
    __aeabi_i2d                              0x00000e4b   Thumb Code    16  dflti.o(.text)
    _dflt                                    0x00000e4b   Thumb Code     0  dflti.o(.text)
    __aeabi_ui2d                             0x00000e5b   Thumb Code     6  dflti.o(.text)
    _dfltu                                   0x00000e5b   Thumb Code     0  dflti.o(.text)
    __aeabi_dmul                             0x00000e61   Thumb Code     0  dmul.o(.text)
    _dmul                                    0x00000e61   Thumb Code   558  dmul.o(.text)
    __aeabi_f2d                              0x000010a9   Thumb Code     0  f2d.o(.text)
    _f2d                                     0x000010a9   Thumb Code    80  f2d.o(.text)
    __aeabi_fdiv                             0x000010fd   Thumb Code     0  fdiv.o(.text)
    _fdiv                                    0x000010fd   Thumb Code   334  fdiv.o(.text)
    _frdiv                                   0x0000124b   Thumb Code     8  fdiv.o(.text)
    __aeabi_f2uiz                            0x0000125d   Thumb Code     0  ffixui.o(.text)
    _ffixu                                   0x0000125d   Thumb Code    48  ffixui.o(.text)
    __aeabi_i2f_normalise                    0x0000128d   Thumb Code    72  fflti.o(.text)
    __aeabi_i2f                              0x000012d5   Thumb Code    16  fflti.o(.text)
    _fflt                                    0x000012d5   Thumb Code     0  fflti.o(.text)
    __aeabi_ui2f                             0x000012e5   Thumb Code     6  fflti.o(.text)
    _ffltu                                   0x000012e5   Thumb Code     0  fflti.o(.text)
    _printf_int_common                       0x000012eb   Thumb Code   176  _printf_intcommon.o(.text)
    __lib_sel_fp_printf                      0x0000139d   Thumb Code     2  _printf_fp_dec.o(.text)
    _printf_fp_dec_real                      0x0000153b   Thumb Code   620  _printf_fp_dec.o(.text)
    _printf_char_file                        0x000017b5   Thumb Code    34  _printf_char_file.o(.text)
    __rt_udiv10                              0x000017dd   Thumb Code    40  rtudiv10.o(.text)
    __fpl_fcmp_InfNaN                        0x00001805   Thumb Code    96  fcmpin.o(.text)
    __rt_locale                              0x00001869   Thumb Code     8  rt_locale_intlibspace.o(.text)
    _ll_udiv10                               0x00001871   Thumb Code   122  lludiv10.o(.text)
    _printf_char_common                      0x000018f7   Thumb Code    32  _printf_char_common.o(.text)
    _printf_fp_infnan                        0x0000191d   Thumb Code   120  _printf_fp_infnan.o(.text)
    _btod_etento                             0x000019a5   Thumb Code   210  bigflt0.o(.text)
    _btod_d2e                                0x00001a7d   Thumb Code    64  btod.o(.text)
    _btod_emul                               0x00001eb1   Thumb Code    28  btod.o(.text)
    _btod_emuld                              0x00001ecd   Thumb Code   144  btod.o(.text)
    _btod_ediv                               0x00001f5d   Thumb Code    26  btod.o(.text)
    _btod_edivd                              0x00001f77   Thumb Code   124  btod.o(.text)
    __fpl_cmpreturn                          0x00001ffd   Thumb Code    46  cmpret.o(.text)
    __fpl_fcheck_NaN2                        0x0000202d   Thumb Code    10  fnan2.o(.text)
    __user_libspace                          0x0000203d   Thumb Code     8  libspace.o(.text)
    __user_perproc_libspace                  0x0000203d   Thumb Code     0  libspace.o(.text)
    __user_perthread_libspace                0x0000203d   Thumb Code     0  libspace.o(.text)
    __user_setup_stackheap                   0x00002045   Thumb Code    62  sys_stackheap_outer.o(.text)
    exit                                     0x00002083   Thumb Code    16  exit.o(.text)
    strcmp                                   0x00002095   Thumb Code   132  strcmp.o(.text)
    __fpl_return_NaN                         0x0000211d   Thumb Code    94  retnan.o(.text)
    ACMP_ACMP0_Config                        0x0000217d   Thumb Code   108  demo_acmp.o(i.ACMP_ACMP0_Config)
    ACMP_ClearIntFlag                        0x000021f1   Thumb Code    20  acmp.o(i.ACMP_ClearIntFlag)
    ACMP_ConfigEventAndIntMode               0x00002205   Thumb Code    74  acmp.o(i.ACMP_ConfigEventAndIntMode)
    ACMP_ConfigHYS                           0x0000224f   Thumb Code   102  acmp.o(i.ACMP_ConfigHYS)
    ACMP_ConfigNegative                      0x000022b5   Thumb Code   154  acmp.o(i.ACMP_ConfigNegative)
    ACMP_ConfigPositive                      0x0000234f   Thumb Code    84  acmp.o(i.ACMP_ConfigPositive)
    ACMP_DisableEventOut                     0x000023a3   Thumb Code    56  acmp.o(i.ACMP_DisableEventOut)
    ACMP_DisableReverseOutput                0x000023db   Thumb Code    58  acmp.o(i.ACMP_DisableReverseOutput)
    ACMP_EnableFilter                        0x00002415   Thumb Code    96  acmp.o(i.ACMP_EnableFilter)
    ACMP_EnableInt                           0x00002475   Thumb Code    30  acmp.o(i.ACMP_EnableInt)
    ACMP_GetIntFlag                          0x00002493   Thumb Code    26  acmp.o(i.ACMP_GetIntFlag)
    ACMP_GetResult                           0x000024ad   Thumb Code    44  acmp.o(i.ACMP_GetResult)
    ACMP_IRQHandler                          0x000024d9   Thumb Code    26  isr.o(i.ACMP_IRQHandler)
    ACMP_Start                               0x000024f9   Thumb Code    58  acmp.o(i.ACMP_Start)
    ADC1_ConfigCompare                       0x00002535   Thumb Code    62  adc1.o(i.ADC1_ConfigCompare)
    ADC1_ConfigRunMode                       0x00002579   Thumb Code    52  adc1.o(i.ADC1_ConfigRunMode)
    ADC1_EnableAdjust                        0x000025b1   Thumb Code    28  adc1.o(i.ADC1_EnableAdjust)
    ADC1_EnableCompare                       0x000025cd   Thumb Code    28  adc1.o(i.ADC1_EnableCompare)
    ADC1_EnableScanChannel                   0x000025e9   Thumb Code    22  adc1.o(i.ADC1_EnableScanChannel)
    ADC1_GetCompareResult                    0x000025ff   Thumb Code    18  adc1.o(i.ADC1_GetCompareResult)
    ADC1_GetResult                           0x00002611   Thumb Code    10  adc1.o(i.ADC1_GetResult)
    ADC1_IRQHandler                          0x0000263d   Thumb Code     2  isr.o(i.ADC1_IRQHandler)
    ADC1_SetAN30Channel                      0x0000263f   Thumb Code    38  adc1.o(i.ADC1_SetAN30Channel)
    ADC1_Software_Trigger_Mode               0x00002665   Thumb Code    90  demo_adc1.o(i.ADC1_Software_Trigger_Mode)
    ADC1_Start                               0x000026cd   Thumb Code    28  adc1.o(i.ADC1_Start)
    ADC1_StartAdjust                         0x000026e9   Thumb Code    44  adc1.o(i.ADC1_StartAdjust)
    CCP_IRQHandler                           0x00002715   Thumb Code     2  isr.o(i.CCP_IRQHandler)
    CalculateTemperature                     0x00002719   Thumb Code   208  temp.o(i.CalculateTemperature)
    Check_State                              0x000027f5   Thumb Code  1210  main.o(i.Check_State)
    EPWM_IRQHandler                          0x00002cc5   Thumb Code     2  isr.o(i.EPWM_IRQHandler)
    GPIO0_IRQHandler                         0x00002cc7   Thumb Code     2  isr.o(i.GPIO0_IRQHandler)
    GPIO1_IRQHandler                         0x00002cc9   Thumb Code    62  isr.o(i.GPIO1_IRQHandler)
    GPIO2_IRQHandler                         0x00002d07   Thumb Code     2  isr.o(i.GPIO2_IRQHandler)
    GPIO3_IRQHandler                         0x00002d09   Thumb Code     2  isr.o(i.GPIO3_IRQHandler)
    GPIO4_IRQHandler                         0x00002d0b   Thumb Code     2  isr.o(i.GPIO4_IRQHandler)
    GPIO_ClearIntFlag                        0x00002d0d   Thumb Code    12  gpio.o(i.GPIO_ClearIntFlag)
    GPIO_Config                              0x00002d19   Thumb Code    66  demo_gpio.o(i.GPIO_Config)
    GPIO_GetIntFlag                          0x00002d61   Thumb Code    22  gpio.o(i.GPIO_GetIntFlag)
    HardFault_Handler                        0x00002d77   Thumb Code     2  isr.o(i.HardFault_Handler)
    I2C0_IRQHandler                          0x00002d79   Thumb Code     2  isr.o(i.I2C0_IRQHandler)
    I_Float                                  0x00002d7d   Thumb Code    86  main.o(i.I_Float)
    I_Set                                    0x00002ded   Thumb Code    28  main.o(i.I_Set)
    NMI_Handler                              0x00002e11   Thumb Code     2  isr.o(i.NMI_Handler)
    NRF24L01_Check                           0x00002e15   Thumb Code    68  drv_rf24l01.o(i.NRF24L01_Check)
    NRF24L01_Gpio_Init                       0x00002e61   Thumb Code   136  drv_rf24l01.o(i.NRF24L01_Gpio_Init)
    NRF24L01_Init                            0x00002eed   Thumb Code    34  drv_rf24l01.o(i.NRF24L01_Init)
    NRF24L01_Read_Buf                        0x00002f0f   Thumb Code    74  drv_rf24l01.o(i.NRF24L01_Read_Buf)
    NRF24L01_Read_Reg                        0x00002f59   Thumb Code    56  drv_rf24l01.o(i.NRF24L01_Read_Reg)
    NRF24L01_RxPacket                        0x00002f91   Thumb Code    54  drv_rf24l01.o(i.NRF24L01_RxPacket)
    NRF24L01_TxPacket                        0x00002fc7   Thumb Code   116  drv_rf24l01.o(i.NRF24L01_TxPacket)
    NRF24L01_Write_Buf                       0x0000303b   Thumb Code    72  drv_rf24l01.o(i.NRF24L01_Write_Buf)
    NRF24L01_Write_Reg                       0x00003083   Thumb Code    58  drv_rf24l01.o(i.NRF24L01_Write_Reg)
    OPA0_Config                              0x00003135   Thumb Code    82  demo_opa.o(i.OPA0_Config)
    OPA_ConfigNegative                       0x0000318d   Thumb Code    16  opa.o(i.OPA_ConfigNegative)
    OPA_ConfigOutput                         0x0000319d   Thumb Code    16  opa.o(i.OPA_ConfigOutput)
    OPA_ConfigPositive                       0x000031ad   Thumb Code    16  opa.o(i.OPA_ConfigPositive)
    OPA_ConfigRunMode                        0x000031bd   Thumb Code    16  opa.o(i.OPA_ConfigRunMode)
    OPA_Start                                0x000031cd   Thumb Code    10  opa.o(i.OPA_Start)
    PGA_ConfigGain                           0x000031d7   Thumb Code    18  pga.o(i.PGA_ConfigGain)
    PGA_ConfigPositive                       0x000031e9   Thumb Code    16  pga.o(i.PGA_ConfigPositive)
    PGA_ConfigResistance                     0x000031fd   Thumb Code    18  pga.o(i.PGA_ConfigResistance)
    PGA_PGA1_Config                          0x00003211   Thumb Code    70  demo_pga.o(i.PGA_PGA1_Config)
    PGA_Start                                0x00003261   Thumb Code    12  pga.o(i.PGA_Start)
    PendSV_Handler                           0x0000326d   Thumb Code     2  isr.o(i.PendSV_Handler)
    RX_Mode                                  0x00003271   Thumb Code   102  drv_rf24l01.o(i.RX_Mode)
    SSP0_IRQHandler                          0x000032dd   Thumb Code     2  isr.o(i.SSP0_IRQHandler)
    SVC_Handler                              0x000032df   Thumb Code     2  isr.o(i.SVC_Handler)
    SYS_CHK_IRQHandler                       0x000032e1   Thumb Code     2  isr.o(i.SYS_CHK_IRQHandler)
    SYS_ConfigAHBClock                       0x000032e5   Thumb Code    50  system.o(i.SYS_ConfigAHBClock)
    SYS_ConfigAPBClock                       0x00003321   Thumb Code    16  system.o(i.SYS_ConfigAPBClock)
    SYS_ConfigHSI                            0x00003331   Thumb Code    32  system.o(i.SYS_ConfigHSI)
    SYS_EnableHSI                            0x00003355   Thumb Code    24  system.o(i.SYS_EnableHSI)
    SYS_EnablePeripheralClk                  0x00003371   Thumb Code    16  system.o(i.SYS_EnablePeripheralClk)
    SYS_GetHSIState                          0x00003381   Thumb Code    12  system.o(i.SYS_GetHSIState)
    SysTick_Handler                          0x0000338d   Thumb Code     2  isr.o(i.SysTick_Handler)
    SystemCoreClockUpdate                    0x00003391   Thumb Code   150  system_cms32f033.o(i.SystemCoreClockUpdate)
    SystemInit                               0x00003445   Thumb Code     8  system_cms32f033.o(i.SystemInit)
    TIMER0_IRQHandler                        0x0000344d   Thumb Code     2  isr.o(i.TIMER0_IRQHandler)
    TIMER1_IRQHandler                        0x0000344f   Thumb Code     2  isr.o(i.TIMER1_IRQHandler)
    TX_Mode                                  0x00003451   Thumb Code   112  drv_rf24l01.o(i.TX_Mode)
    TX_TEMPER_1                              0x000034c5   Thumb Code    96  temp.o(i.TX_TEMPER_1)
    UART0_IRQHandler                         0x00003539   Thumb Code     2  isr.o(i.UART0_IRQHandler)
    UART1_IRQHandler                         0x0000353b   Thumb Code     2  isr.o(i.UART1_IRQHandler)
    UART_ConfigRunMode                       0x0000353d   Thumb Code    50  uart.o(i.UART_ConfigRunMode)
    UART_UART1_Config                        0x00003575   Thumb Code    42  demo_uart.o(i.UART_UART1_Config)
    V_Float                                  0x000035a5   Thumb Code    74  temp.o(i.V_Float)
    V_Set                                    0x00003601   Thumb Code    28  main.o(i.V_Set)
    Verge                                    0x00003625   Thumb Code   800  main.o(i.Verge)
    WDT_IRQHandler                           0x00003989   Thumb Code     2  isr.o(i.WDT_IRQHandler)
    WWDT_IRQHandler                          0x0000398b   Thumb Code     2  isr.o(i.WWDT_IRQHandler)
    __ARM_common_ll_muluu                    0x0000398d   Thumb Code    48  btod.o(i.__ARM_common_ll_muluu)
    __ARM_fpclassify                         0x000039bd   Thumb Code    40  fpclassify.o(i.__ARM_fpclassify)
    _is_digit                                0x000039e9   Thumb Code    14  __printf_wp.o(i._is_digit)
    _sys_exit                                0x000039f7   Thumb Code     4  retarget.o(i._sys_exit)
    check_test                               0x000039fd   Thumb Code   264  main.o(i.check_test)
    delay_init                               0x00003b29   Thumb Code    66  delay.o(i.delay_init)
    delay_us                                 0x00003b7d   Thumb Code    62  delay.o(i.delay_us)
    delay_xms                                0x00003bc5   Thumb Code    24  delay.o(i.delay_xms)
    drv_spi_init                             0x00003bdd   Thumb Code   240  drv_spi.o(i.drv_spi_init)
    drv_spi_read_write_byte                  0x00003cd1   Thumb Code   156  drv_spi.o(i.drv_spi_read_write_byte)
    ferror                                   0x00003d6d   Thumb Code     8  retarget.o(i.ferror)
    fputc                                    0x00003d75   Thumb Code    52  retarget.o(i.fputc)
    main                                     0x00003da9   Thumb Code   854  main.o(i.main)
    usCRC16                                  0x000041a5   Thumb Code    46  crc_1.o(i.usCRC16)
    _get_lc_numeric                          0x000041dd   Thumb Code    44  lc_numeric_c.o(locale$$code)
    __aeabi_fadd                             0x00004209   Thumb Code     0  faddsub.o(x$fpl$fadd)
    _fadd                                    0x00004209   Thumb Code   134  faddsub.o(x$fpl$fadd)
    __aeabi_cfcmple                          0x00004295   Thumb Code     0  flef.o(x$fpl$fleqf)
    _fcmple                                  0x00004295   Thumb Code    78  flef.o(x$fpl$fleqf)
    __aeabi_fmul                             0x000042e9   Thumb Code     0  fmul.o(x$fpl$fmul)
    _fmul                                    0x000042e9   Thumb Code   172  fmul.o(x$fpl$fmul)
    __aeabi_cfrcmple                         0x00004399   Thumb Code     0  frlef.o(x$fpl$frleqf)
    _frcmple                                 0x00004399   Thumb Code    84  frlef.o(x$fpl$frleqf)
    __aeabi_fsub                             0x000043f1   Thumb Code     0  faddsub.o(x$fpl$fsub)
    _fsub                                    0x000043f1   Thumb Code   204  faddsub.o(x$fpl$fsub)
    _printf_fp_dec                           0x000044c1   Thumb Code    16  printf1.o(x$fpl$printf1)
    __I$use$fp                               0x000044d0   Number         0  usenofp.o(x$fpl$usenofp)
    RTD_TAB_PT100                            0x000046d0   Data         148  temp.o(.constdata)
    Region$$Table$$Base                      0x0000498c   Number         0  anon$$obj.o(Region$$Table)
    Region$$Table$$Limit                     0x000049ac   Number         0  anon$$obj.o(Region$$Table)
    SystemCoreClock                          0x20000000   Data           4  system_cms32f033.o(.data)
    SystemAPBClock                           0x20000004   Data           4  system_cms32f033.o(.data)
    CyclesPerUs                              0x20000008   Data           4  system_cms32f033.o(.data)
    __stdout                                 0x2000000c   Data           4  retarget.o(.data)
    __stdin                                  0x20000010   Data           4  retarget.o(.data)
    tx_status                                0x20000015   Data           1  main.o(.data)
    rx_status                                0x20000016   Data           1  main.o(.data)
    AdcCompareValue                          0x2000001c   Data           4  main.o(.data)
    ADC30Value                               0x20000020   Data           4  main.o(.data)
    ADC24Value                               0x20000024   Data           4  main.o(.data)
    system_start                             0x20000028   Data           1  main.o(.data)
    ACMP_Status                              0x20000029   Data           1  main.o(.data)
    V_I_envage_time                          0x2000002e   Data           1  main.o(.data)
    V_envage_state                           0x2000002f   Data           1  main.o(.data)
    Temp_Value                               0x2000003c   Data           4  main.o(.data)
    CRC_Value                                0x20000044   Data           2  main.o(.data)
    Time_Out                                 0x20000046   Data           2  main.o(.data)
    Time_Count                               0x20000048   Data           2  main.o(.data)
    Delay_Time_Out                           0x2000004a   Data           2  main.o(.data)
    Delay_Time_Count                         0x2000004c   Data           2  main.o(.data)
    ADC_Real_V_Value                         0x2000004e   Data           2  main.o(.data)
    ADC_Real_I_Value                         0x20000050   Data           2  main.o(.data)
    g_ErrorString                            0x20000058   Data           4  drv_rf24l01.o(.data)
    INIT_ADDR                                0x2000005c   Data           5  drv_rf24l01.o(.data)
    tx_buf                                   0x20000064   Data          10  main.o(.bss)
    rx_buf                                   0x2000006e   Data          10  main.o(.bss)
    __libspace_start                         0x20000078   Data          96  libspace.o(.bss)
    __temporary_stack_top$libspace           0x200000d8   Data           0  libspace.o(.bss)



==============================================================================

Memory Map of the image

  Image Entry point : 0x000000c1

  Load Region LR_IROM1 (Base: 0x00000000, Size: 0x00004a2c, Max: 0x00008000, ABSOLUTE)

    Execution Region ER_IROM1 (Exec base: 0x00000000, Load base: 0x00000000, Size: 0x000049c8, Max: 0x00008000, ABSOLUTE)

    Exec Addr    Load Addr    Size         Type   Attr      Idx    E Section Name        Object

    0x00000000   0x00000000   0x000000c0   Data   RO          101    RESET               startup_cms32f033.o
    0x000000c0   0x000000c0   0x00000008   Code   RO         1716  * !!!main             c_p.l(__main.o)
    0x000000c8   0x000000c8   0x0000003c   Code   RO         1964    !!!scatter          c_p.l(__scatter.o)
    0x00000104   0x00000104   0x0000001a   Code   RO         1966    !!handler_copy      c_p.l(__scatter_copy.o)
    0x0000011e   0x0000011e   0x00000002   PAD
    0x00000120   0x00000120   0x0000001c   Code   RO         1968    !!handler_zi        c_p.l(__scatter_zi.o)
    0x0000013c   0x0000013c   0x00000002   Code   RO         1705    .ARM.Collect$$_printf_percent$$00000000  c_p.l(_printf_percent.o)
    0x0000013e   0x0000013e   0x0000000a   Code   RO         1704    .ARM.Collect$$_printf_percent$$00000003  c_p.l(_printf_f.o)
    0x00000148   0x00000148   0x0000000a   Code   RO         1703    .ARM.Collect$$_printf_percent$$00000009  c_p.l(_printf_d.o)
    0x00000152   0x00000152   0x00000004   Code   RO         1765    .ARM.Collect$$_printf_percent$$00000017  c_p.l(_printf_percent_end.o)
    0x00000156   0x00000156   0x00000002   Code   RO         1838    .ARM.Collect$$libinit$$00000000  c_p.l(libinit.o)
    0x00000158   0x00000158   0x00000000   Code   RO         1840    .ARM.Collect$$libinit$$00000002  c_p.l(libinit2.o)
    0x00000158   0x00000158   0x00000000   Code   RO         1842    .ARM.Collect$$libinit$$00000004  c_p.l(libinit2.o)
    0x00000158   0x00000158   0x00000000   Code   RO         1845    .ARM.Collect$$libinit$$0000000A  c_p.l(libinit2.o)
    0x00000158   0x00000158   0x00000000   Code   RO         1847    .ARM.Collect$$libinit$$0000000C  c_p.l(libinit2.o)
    0x00000158   0x00000158   0x00000000   Code   RO         1849    .ARM.Collect$$libinit$$0000000E  c_p.l(libinit2.o)
    0x00000158   0x00000158   0x00000006   Code   RO         1850    .ARM.Collect$$libinit$$0000000F  c_p.l(libinit2.o)
    0x0000015e   0x0000015e   0x00000000   Code   RO         1852    .ARM.Collect$$libinit$$00000011  c_p.l(libinit2.o)
    0x0000015e   0x0000015e   0x00000000   Code   RO         1854    .ARM.Collect$$libinit$$00000013  c_p.l(libinit2.o)
    0x0000015e   0x0000015e   0x00000000   Code   RO         1856    .ARM.Collect$$libinit$$00000015  c_p.l(libinit2.o)
    0x0000015e   0x0000015e   0x0000000a   Code   RO         1857    .ARM.Collect$$libinit$$00000016  c_p.l(libinit2.o)
    0x00000168   0x00000168   0x00000000   Code   RO         1858    .ARM.Collect$$libinit$$00000017  c_p.l(libinit2.o)
    0x00000168   0x00000168   0x00000000   Code   RO         1860    .ARM.Collect$$libinit$$00000019  c_p.l(libinit2.o)
    0x00000168   0x00000168   0x00000000   Code   RO         1862    .ARM.Collect$$libinit$$0000001B  c_p.l(libinit2.o)
    0x00000168   0x00000168   0x00000000   Code   RO         1864    .ARM.Collect$$libinit$$0000001D  c_p.l(libinit2.o)
    0x00000168   0x00000168   0x00000000   Code   RO         1866    .ARM.Collect$$libinit$$0000001F  c_p.l(libinit2.o)
    0x00000168   0x00000168   0x00000000   Code   RO         1868    .ARM.Collect$$libinit$$00000021  c_p.l(libinit2.o)
    0x00000168   0x00000168   0x00000000   Code   RO         1870    .ARM.Collect$$libinit$$00000023  c_p.l(libinit2.o)
    0x00000168   0x00000168   0x00000000   Code   RO         1872    .ARM.Collect$$libinit$$00000025  c_p.l(libinit2.o)
    0x00000168   0x00000168   0x00000000   Code   RO         1876    .ARM.Collect$$libinit$$0000002C  c_p.l(libinit2.o)
    0x00000168   0x00000168   0x00000000   Code   RO         1878    .ARM.Collect$$libinit$$0000002E  c_p.l(libinit2.o)
    0x00000168   0x00000168   0x00000000   Code   RO         1880    .ARM.Collect$$libinit$$00000030  c_p.l(libinit2.o)
    0x00000168   0x00000168   0x00000000   Code   RO         1882    .ARM.Collect$$libinit$$00000032  c_p.l(libinit2.o)
    0x00000168   0x00000168   0x00000002   Code   RO         1883    .ARM.Collect$$libinit$$00000033  c_p.l(libinit2.o)
    0x0000016a   0x0000016a   0x00000002   Code   RO         1926    .ARM.Collect$$libshutdown$$00000000  c_p.l(libshutdown.o)
    0x0000016c   0x0000016c   0x00000000   Code   RO         1947    .ARM.Collect$$libshutdown$$00000002  c_p.l(libshutdown2.o)
    0x0000016c   0x0000016c   0x00000000   Code   RO         1949    .ARM.Collect$$libshutdown$$00000004  c_p.l(libshutdown2.o)
    0x0000016c   0x0000016c   0x00000000   Code   RO         1952    .ARM.Collect$$libshutdown$$00000007  c_p.l(libshutdown2.o)
    0x0000016c   0x0000016c   0x00000000   Code   RO         1955    .ARM.Collect$$libshutdown$$0000000A  c_p.l(libshutdown2.o)
    0x0000016c   0x0000016c   0x00000000   Code   RO         1957    .ARM.Collect$$libshutdown$$0000000C  c_p.l(libshutdown2.o)
    0x0000016c   0x0000016c   0x00000000   Code   RO         1960    .ARM.Collect$$libshutdown$$0000000F  c_p.l(libshutdown2.o)
    0x0000016c   0x0000016c   0x00000002   Code   RO         1961    .ARM.Collect$$libshutdown$$00000010  c_p.l(libshutdown2.o)
    0x0000016e   0x0000016e   0x00000000   Code   RO         1754    .ARM.Collect$$rtentry$$00000000  c_p.l(__rtentry.o)
    0x0000016e   0x0000016e   0x00000000   Code   RO         1772    .ARM.Collect$$rtentry$$00000002  c_p.l(__rtentry2.o)
    0x0000016e   0x0000016e   0x00000006   Code   RO         1784    .ARM.Collect$$rtentry$$00000004  c_p.l(__rtentry4.o)
    0x00000174   0x00000174   0x00000000   Code   RO         1774    .ARM.Collect$$rtentry$$00000009  c_p.l(__rtentry2.o)
    0x00000174   0x00000174   0x00000004   Code   RO         1775    .ARM.Collect$$rtentry$$0000000A  c_p.l(__rtentry2.o)
    0x00000178   0x00000178   0x00000000   Code   RO         1777    .ARM.Collect$$rtentry$$0000000C  c_p.l(__rtentry2.o)
    0x00000178   0x00000178   0x00000008   Code   RO         1778    .ARM.Collect$$rtentry$$0000000D  c_p.l(__rtentry2.o)
    0x00000180   0x00000180   0x00000002   Code   RO         1887    .ARM.Collect$$rtexit$$00000000  c_p.l(rtexit.o)
    0x00000182   0x00000182   0x00000000   Code   RO         1900    .ARM.Collect$$rtexit$$00000002  c_p.l(rtexit2.o)
    0x00000182   0x00000182   0x00000004   Code   RO         1901    .ARM.Collect$$rtexit$$00000003  c_p.l(rtexit2.o)
    0x00000186   0x00000186   0x00000006   Code   RO         1902    .ARM.Collect$$rtexit$$00000004  c_p.l(rtexit2.o)
    0x0000018c   0x0000018c   0x00000038   Code   RO         1706    .emb_text           c_p.l(rt_memcpy.o)
    0x000001c4   0x000001c4   0x0000003c   Code   RO          102    .text               startup_cms32f033.o
    0x00000200   0x00000200   0x0000001c   Code   RO         1677    .text               c_p.l(noretval__2printf.o)
    0x0000021c   0x0000021c   0x0000006c   Code   RO         1681    .text               c_p.l(_printf_dec.o)
    0x00000288   0x00000288   0x00000138   Code   RO         1695    .text               c_p.l(__printf_flags_wp.o)
    0x000003c0   0x000003c0   0x00000082   Code   RO         1707    .text               c_p.l(rt_memcpy.o)
    0x00000442   0x00000442   0x0000015a   Code   RO         1710    .text               c_p.l(aeabi_sdiv.o)
    0x0000059c   0x0000059c   0x00000006   Code   RO         1714    .text               c_p.l(heapauxi.o)
    0x000005a2   0x000005a2   0x00000002   PAD
    0x000005a4   0x000005a4   0x0000007c   Code   RO         1718    .text               fz_ps.l(d2f.o)
    0x00000620   0x00000620   0x00000358   Code   RO         1720    .text               fz_ps.l(daddsub.o)
    0x00000978   0x00000978   0x00000448   Code   RO         1722    .text               fz_ps.l(ddiv.o)
    0x00000dc0   0x00000dc0   0x00000048   Code   RO         1725    .text               fz_ps.l(dfixui.o)
    0x00000e08   0x00000e08   0x00000058   Code   RO         1727    .text               fz_ps.l(dflti.o)
    0x00000e60   0x00000e60   0x00000248   Code   RO         1729    .text               fz_ps.l(dmul.o)
    0x000010a8   0x000010a8   0x00000054   Code   RO         1731    .text               fz_ps.l(f2d.o)
    0x000010fc   0x000010fc   0x00000160   Code   RO         1739    .text               fz_ps.l(fdiv.o)
    0x0000125c   0x0000125c   0x00000030   Code   RO         1742    .text               fz_ps.l(ffixui.o)
    0x0000128c   0x0000128c   0x0000005e   Code   RO         1744    .text               fz_ps.l(fflti.o)
    0x000012ea   0x000012ea   0x000000b0   Code   RO         1759    .text               c_p.l(_printf_intcommon.o)
    0x0000139a   0x0000139a   0x00000002   PAD
    0x0000139c   0x0000139c   0x00000418   Code   RO         1761    .text               c_p.l(_printf_fp_dec.o)
    0x000017b4   0x000017b4   0x00000028   Code   RO         1763    .text               c_p.l(_printf_char_file.o)
    0x000017dc   0x000017dc   0x00000028   Code   RO         1766    .text               c_p.l(rtudiv10.o)
    0x00001804   0x00001804   0x00000064   Code   RO         1768    .text               fz_ps.l(fcmpin.o)
    0x00001868   0x00001868   0x00000008   Code   RO         1791    .text               c_p.l(rt_locale_intlibspace.o)
    0x00001870   0x00001870   0x0000007a   Code   RO         1793    .text               c_p.l(lludiv10.o)
    0x000018ea   0x000018ea   0x00000002   PAD
    0x000018ec   0x000018ec   0x00000030   Code   RO         1795    .text               c_p.l(_printf_char_common.o)
    0x0000191c   0x0000191c   0x00000088   Code   RO         1797    .text               c_p.l(_printf_fp_infnan.o)
    0x000019a4   0x000019a4   0x000000d8   Code   RO         1799    .text               c_p.l(bigflt0.o)
    0x00001a7c   0x00001a7c   0x00000580   Code   RO         1802    .text               c_p.l(btod.o)
    0x00001ffc   0x00001ffc   0x0000002e   Code   RO         1809    .text               fz_ps.l(cmpret.o)
    0x0000202a   0x0000202a   0x00000002   PAD
    0x0000202c   0x0000202c   0x00000010   Code   RO         1811    .text               fz_ps.l(fnan2.o)
    0x0000203c   0x0000203c   0x00000008   Code   RO         1817    .text               c_p.l(libspace.o)
    0x00002044   0x00002044   0x0000003e   Code   RO         1820    .text               c_p.l(sys_stackheap_outer.o)
    0x00002082   0x00002082   0x00000010   Code   RO         1825    .text               c_p.l(exit.o)
    0x00002092   0x00002092   0x00000002   PAD
    0x00002094   0x00002094   0x00000088   Code   RO         1831    .text               c_p.l(strcmp.o)
    0x0000211c   0x0000211c   0x0000005e   Code   RO         1884    .text               fz_ps.l(retnan.o)
    0x0000217a   0x0000217a   0x00000002   PAD
    0x0000217c   0x0000217c   0x00000074   Code   RO         1555    i.ACMP_ACMP0_Config  demo_acmp.o
    0x000021f0   0x000021f0   0x00000014   Code   RO          921    i.ACMP_ClearIntFlag  acmp.o
    0x00002204   0x00002204   0x0000004a   Code   RO          922    i.ACMP_ConfigEventAndIntMode  acmp.o
    0x0000224e   0x0000224e   0x00000066   Code   RO          923    i.ACMP_ConfigHYS    acmp.o
    0x000022b4   0x000022b4   0x0000009a   Code   RO          924    i.ACMP_ConfigNegative  acmp.o
    0x0000234e   0x0000234e   0x00000054   Code   RO          925    i.ACMP_ConfigPositive  acmp.o
    0x000023a2   0x000023a2   0x00000038   Code   RO          927    i.ACMP_DisableEventOut  acmp.o
    0x000023da   0x000023da   0x0000003a   Code   RO          930    i.ACMP_DisableReverseOutput  acmp.o
    0x00002414   0x00002414   0x00000060   Code   RO          936    i.ACMP_EnableFilter  acmp.o
    0x00002474   0x00002474   0x0000001e   Code   RO          937    i.ACMP_EnableInt    acmp.o
    0x00002492   0x00002492   0x0000001a   Code   RO          939    i.ACMP_GetIntFlag   acmp.o
    0x000024ac   0x000024ac   0x0000002c   Code   RO          940    i.ACMP_GetResult    acmp.o
    0x000024d8   0x000024d8   0x00000020   Code   RO         1180    i.ACMP_IRQHandler   isr.o
    0x000024f8   0x000024f8   0x0000003a   Code   RO          941    i.ACMP_Start        acmp.o
    0x00002532   0x00002532   0x00000002   PAD
    0x00002534   0x00002534   0x00000044   Code   RO          737    i.ADC1_ConfigCompare  adc1.o
    0x00002578   0x00002578   0x00000038   Code   RO          738    i.ADC1_ConfigRunMode  adc1.o
    0x000025b0   0x000025b0   0x0000001c   Code   RO          745    i.ADC1_EnableAdjust  adc1.o
    0x000025cc   0x000025cc   0x0000001c   Code   RO          747    i.ADC1_EnableCompare  adc1.o
    0x000025e8   0x000025e8   0x00000016   Code   RO          751    i.ADC1_EnableScanChannel  adc1.o
    0x000025fe   0x000025fe   0x00000012   Code   RO          755    i.ADC1_GetCompareResult  adc1.o
    0x00002610   0x00002610   0x00000010   Code   RO          757    i.ADC1_GetResult    adc1.o
    0x00002620   0x00002620   0x0000001c   Code   RO         1067    i.ADC1_Go           main.o
    0x0000263c   0x0000263c   0x00000002   Code   RO         1181    i.ADC1_IRQHandler   isr.o
    0x0000263e   0x0000263e   0x00000026   Code   RO          758    i.ADC1_SetAN30Channel  adc1.o
    0x00002664   0x00002664   0x00000068   Code   RO         1530    i.ADC1_Software_Trigger_Mode  demo_adc1.o
    0x000026cc   0x000026cc   0x0000001c   Code   RO          759    i.ADC1_Start        adc1.o
    0x000026e8   0x000026e8   0x0000002c   Code   RO          760    i.ADC1_StartAdjust  adc1.o
    0x00002714   0x00002714   0x00000002   Code   RO         1182    i.CCP_IRQHandler    isr.o
    0x00002716   0x00002716   0x00000002   PAD
    0x00002718   0x00002718   0x000000dc   Code   RO         1639    i.CalculateTemperature  temp.o
    0x000027f4   0x000027f4   0x000004d0   Code   RO         1068    i.Check_State       main.o
    0x00002cc4   0x00002cc4   0x00000002   Code   RO         1183    i.EPWM_IRQHandler   isr.o
    0x00002cc6   0x00002cc6   0x00000002   Code   RO         1184    i.GPIO0_IRQHandler  isr.o
    0x00002cc8   0x00002cc8   0x0000003e   Code   RO         1185    i.GPIO1_IRQHandler  isr.o
    0x00002d06   0x00002d06   0x00000002   Code   RO         1186    i.GPIO2_IRQHandler  isr.o
    0x00002d08   0x00002d08   0x00000002   Code   RO         1187    i.GPIO3_IRQHandler  isr.o
    0x00002d0a   0x00002d0a   0x00000002   Code   RO         1188    i.GPIO4_IRQHandler  isr.o
    0x00002d0c   0x00002d0c   0x0000000c   Code   RO          108    i.GPIO_ClearIntFlag  gpio.o
    0x00002d18   0x00002d18   0x00000048   Code   RO         1333    i.GPIO_Config       demo_gpio.o
    0x00002d60   0x00002d60   0x00000016   Code   RO          114    i.GPIO_GetIntFlag   gpio.o
    0x00002d76   0x00002d76   0x00000002   Code   RO         1189    i.HardFault_Handler  isr.o
    0x00002d78   0x00002d78   0x00000002   Code   RO         1190    i.I2C0_IRQHandler   isr.o
    0x00002d7a   0x00002d7a   0x00000002   PAD
    0x00002d7c   0x00002d7c   0x00000070   Code   RO         1069    i.I_Float           main.o
    0x00002dec   0x00002dec   0x00000024   Code   RO         1070    i.I_Set             main.o
    0x00002e10   0x00002e10   0x00000002   Code   RO         1191    i.NMI_Handler       isr.o
    0x00002e12   0x00002e12   0x00000002   PAD
    0x00002e14   0x00002e14   0x0000004c   Code   RO         1353    i.NRF24L01_Check    drv_rf24l01.o
    0x00002e60   0x00002e60   0x0000008c   Code   RO         1354    i.NRF24L01_Gpio_Init  drv_rf24l01.o
    0x00002eec   0x00002eec   0x00000022   Code   RO         1355    i.NRF24L01_Init     drv_rf24l01.o
    0x00002f0e   0x00002f0e   0x0000004a   Code   RO         1356    i.NRF24L01_Read_Buf  drv_rf24l01.o
    0x00002f58   0x00002f58   0x00000038   Code   RO         1357    i.NRF24L01_Read_Reg  drv_rf24l01.o
    0x00002f90   0x00002f90   0x00000036   Code   RO         1358    i.NRF24L01_RxPacket  drv_rf24l01.o
    0x00002fc6   0x00002fc6   0x00000074   Code   RO         1359    i.NRF24L01_TxPacket  drv_rf24l01.o
    0x0000303a   0x0000303a   0x00000048   Code   RO         1360    i.NRF24L01_Write_Buf  drv_rf24l01.o
    0x00003082   0x00003082   0x0000003a   Code   RO         1361    i.NRF24L01_Write_Reg  drv_rf24l01.o
    0x000030bc   0x000030bc   0x00000078   Code   RO         1556    i.NVIC_SetPriority  demo_acmp.o
    0x00003134   0x00003134   0x00000058   Code   RO         1489    i.OPA0_Config       demo_opa.o
    0x0000318c   0x0000318c   0x00000010   Code   RO          597    i.OPA_ConfigNegative  opa.o
    0x0000319c   0x0000319c   0x00000010   Code   RO          598    i.OPA_ConfigOutput  opa.o
    0x000031ac   0x000031ac   0x00000010   Code   RO          599    i.OPA_ConfigPositive  opa.o
    0x000031bc   0x000031bc   0x00000010   Code   RO          600    i.OPA_ConfigRunMode  opa.o
    0x000031cc   0x000031cc   0x0000000a   Code   RO          607    i.OPA_Start         opa.o
    0x000031d6   0x000031d6   0x00000012   Code   RO          683    i.PGA_ConfigGain    pga.o
    0x000031e8   0x000031e8   0x00000014   Code   RO          685    i.PGA_ConfigPositive  pga.o
    0x000031fc   0x000031fc   0x00000012   Code   RO          686    i.PGA_ConfigResistance  pga.o
    0x0000320e   0x0000320e   0x00000002   PAD
    0x00003210   0x00003210   0x00000050   Code   RO         1509    i.PGA_PGA1_Config   demo_pga.o
    0x00003260   0x00003260   0x0000000c   Code   RO          687    i.PGA_Start         pga.o
    0x0000326c   0x0000326c   0x00000002   Code   RO         1192    i.PendSV_Handler    isr.o
    0x0000326e   0x0000326e   0x00000002   PAD
    0x00003270   0x00003270   0x0000006c   Code   RO         1362    i.RX_Mode           drv_rf24l01.o
    0x000032dc   0x000032dc   0x00000002   Code   RO         1193    i.SSP0_IRQHandler   isr.o
    0x000032de   0x000032de   0x00000002   Code   RO         1194    i.SVC_Handler       isr.o
    0x000032e0   0x000032e0   0x00000002   Code   RO         1195    i.SYS_CHK_IRQHandler  isr.o
    0x000032e2   0x000032e2   0x00000002   PAD
    0x000032e4   0x000032e4   0x0000003c   Code   RO          177    i.SYS_ConfigAHBClock  system.o
    0x00003320   0x00003320   0x00000010   Code   RO          178    i.SYS_ConfigAPBClock  system.o
    0x00003330   0x00003330   0x00000024   Code   RO          180    i.SYS_ConfigHSI     system.o
    0x00003354   0x00003354   0x0000001c   Code   RO          188    i.SYS_EnableHSI     system.o
    0x00003370   0x00003370   0x00000010   Code   RO          190    i.SYS_EnablePeripheralClk  system.o
    0x00003380   0x00003380   0x0000000c   Code   RO          194    i.SYS_GetHSIState   system.o
    0x0000338c   0x0000338c   0x00000002   Code   RO         1196    i.SysTick_Handler   isr.o
    0x0000338e   0x0000338e   0x00000002   PAD
    0x00003390   0x00003390   0x000000b4   Code   RO            3    i.SystemCoreClockUpdate  system_cms32f033.o
    0x00003444   0x00003444   0x00000008   Code   RO            4    i.SystemInit        system_cms32f033.o
    0x0000344c   0x0000344c   0x00000002   Code   RO         1197    i.TIMER0_IRQHandler  isr.o
    0x0000344e   0x0000344e   0x00000002   Code   RO         1198    i.TIMER1_IRQHandler  isr.o
    0x00003450   0x00003450   0x00000074   Code   RO         1363    i.TX_Mode           drv_rf24l01.o
    0x000034c4   0x000034c4   0x00000074   Code   RO         1640    i.TX_TEMPER_1       temp.o
    0x00003538   0x00003538   0x00000002   Code   RO         1199    i.UART0_IRQHandler  isr.o
    0x0000353a   0x0000353a   0x00000002   Code   RO         1200    i.UART1_IRQHandler  isr.o
    0x0000353c   0x0000353c   0x00000038   Code   RO          385    i.UART_ConfigRunMode  uart.o
    0x00003574   0x00003574   0x00000030   Code   RO         1469    i.UART_UART1_Config  demo_uart.o
    0x000035a4   0x000035a4   0x0000005c   Code   RO         1641    i.V_Float           temp.o
    0x00003600   0x00003600   0x00000024   Code   RO         1071    i.V_Set             main.o
    0x00003624   0x00003624   0x00000364   Code   RO         1072    i.Verge             main.o
    0x00003988   0x00003988   0x00000002   Code   RO         1201    i.WDT_IRQHandler    isr.o
    0x0000398a   0x0000398a   0x00000002   Code   RO         1202    i.WWDT_IRQHandler   isr.o
    0x0000398c   0x0000398c   0x00000030   Code   RO         1804    i.__ARM_common_ll_muluu  c_p.l(btod.o)
    0x000039bc   0x000039bc   0x0000002c   Code   RO         1815    i.__ARM_fpclassify  m_ps.l(fpclassify.o)
    0x000039e8   0x000039e8   0x0000000e   Code   RO         1693    i._is_digit         c_p.l(__printf_wp.o)
    0x000039f6   0x000039f6   0x00000004   Code   RO          334    i._sys_exit         retarget.o
    0x000039fa   0x000039fa   0x00000002   PAD
    0x000039fc   0x000039fc   0x0000012c   Code   RO         1073    i.check_test        main.o
    0x00003b28   0x00003b28   0x00000054   Code   RO         1605    i.delay_init        delay.o
    0x00003b7c   0x00003b7c   0x00000048   Code   RO         1606    i.delay_us          delay.o
    0x00003bc4   0x00003bc4   0x00000018   Code   RO         1607    i.delay_xms         delay.o
    0x00003bdc   0x00003bdc   0x000000f4   Code   RO         1437    i.drv_spi_init      drv_spi.o
    0x00003cd0   0x00003cd0   0x0000009c   Code   RO         1438    i.drv_spi_read_write_byte  drv_spi.o
    0x00003d6c   0x00003d6c   0x00000008   Code   RO          336    i.ferror            retarget.o
    0x00003d74   0x00003d74   0x00000034   Code   RO          338    i.fputc             retarget.o
    0x00003da8   0x00003da8   0x000003fc   Code   RO         1074    i.main              main.o
    0x000041a4   0x000041a4   0x00000038   Code   RO         1583    i.usCRC16           crc_1.o
    0x000041dc   0x000041dc   0x0000002c   Code   RO         1807    locale$$code        c_p.l(lc_numeric_c.o)
    0x00004208   0x00004208   0x0000008c   Code   RO         1733    x$fpl$fadd          fz_ps.l(faddsub.o)
    0x00004294   0x00004294   0x00000054   Code   RO         1746    x$fpl$fleqf         fz_ps.l(flef.o)
    0x000042e8   0x000042e8   0x000000b0   Code   RO         1748    x$fpl$fmul          fz_ps.l(fmul.o)
    0x00004398   0x00004398   0x00000058   Code   RO         1750    x$fpl$frleqf        fz_ps.l(frlef.o)
    0x000043f0   0x000043f0   0x000000d0   Code   RO         1735    x$fpl$fsub          fz_ps.l(faddsub.o)
    0x000044c0   0x000044c0   0x00000010   Code   RO         1752    x$fpl$printf1       fz_ps.l(printf1.o)
    0x000044d0   0x000044d0   0x00000000   Code   RO         1770    x$fpl$usenofp       fz_ps.l(usenofp.o)
    0x000044d0   0x000044d0   0x00000200   Data   RO         1584    .constdata          crc_1.o
    0x000046d0   0x000046d0   0x00000094   Data   RO         1642    .constdata          temp.o
    0x00004764   0x00004764   0x00000011   Data   RO         1696    .constdata          c_p.l(__printf_flags_wp.o)
    0x00004775   0x00004775   0x00000080   Data   RO         1723    .constdata          fz_ps.l(ddiv.o)
    0x000047f5   0x000047f5   0x00000040   Data   RO         1740    .constdata          fz_ps.l(fdiv.o)
    0x00004835   0x00004835   0x00000003   PAD
    0x00004838   0x00004838   0x00000094   Data   RO         1800    .constdata          c_p.l(bigflt0.o)
    0x000048cc   0x000048cc   0x000000a4   Data   RO         1076    .conststring        main.o
    0x00004970   0x00004970   0x00000019   Data   RO         1364    .conststring        drv_rf24l01.o
    0x00004989   0x00004989   0x00000003   PAD
    0x0000498c   0x0000498c   0x00000020   Data   RO         1962    Region$$Table       anon$$obj.o
    0x000049ac   0x000049ac   0x0000001c   Data   RO         1806    locale$$data        c_p.l(lc_numeric_c.o)


    Execution Region RW_IRAM1 (Exec base: 0x20000000, Load base: 0x000049c8, Size: 0x000009d8, Max: 0x00002000, ABSOLUTE)

    Exec Addr    Load Addr    Size         Type   Attr      Idx    E Section Name        Object

    0x20000000   0x000049c8   0x0000000c   Data   RW            5    .data               system_cms32f033.o
    0x2000000c   0x000049d4   0x00000008   Data   RW          339    .data               retarget.o
    0x20000014   0x000049dc   0x00000043   Data   RW         1077    .data               main.o
    0x20000057   0x00004a1f   0x00000001   PAD
    0x20000058   0x00004a20   0x00000009   Data   RW         1365    .data               drv_rf24l01.o
    0x20000061   0x00004a29   0x00000001   Data   RW         1608    .data               delay.o
    0x20000062   0x00004a2a   0x00000002   PAD
    0x20000064        -       0x00000014   Zero   RW         1075    .bss                main.o
    0x20000078        -       0x00000060   Zero   RW         1818    .bss                c_p.l(libspace.o)
    0x200000d8        -       0x00000100   Zero   RW          100    HEAP                startup_cms32f033.o
    0x200001d8        -       0x00000800   Zero   RW           99    STACK               startup_cms32f033.o


==============================================================================

Image component sizes


      Code (inc. data)   RO Data    RW Data    ZI Data      Debug   Object Name

       802          0          0          0          0       7426   acmp.o
       346         16          0          0          0       5747   adc1.o
        56         10        512          0          0       1290   crc_1.o
       180         28          0          1          0       1956   delay.o
       236         18          0          0          0       6948   demo_acmp.o
       104         14          0          0          0        549   demo_adc1.o
        72          6          0          0          0        466   demo_gpio.o
        88          6          0          0          0        502   demo_opa.o
        80         10          0          0          0        518   demo_pga.o
        48          6          0          0          0        524   demo_uart.o
       904         22         25          9          0       7670   drv_rf24l01.o
       400          4          0          0          0       1189   drv_spi.o
        34          0          0          0          0      41938   gpio.o
       136          6          0          0          0      10311   isr.o
      3632        426        164         67         20      24461   main.o
        74          0          0          0          0       3261   opa.o
        68          4          0          0          0       2665   pga.o
        64          0          0          8          0       3655   retarget.o
        60         28        192          0       2304        708   startup_cms32f033.o
       168         18          0          0          0       3502   system.o
       188         30          0         12          0      46298   system_cms32f033.o
       428         50        148          0          0       2888   temp.o
        56          6          0          0          0       1205   uart.o

    ----------------------------------------------------------------------
      8242        708       1076        100       2324     175677   Object Totals
         0          0         32          0          0          0   (incl. Generated)
        18          0          3          3          0          0   (incl. Padding)

    ----------------------------------------------------------------------

      Code (inc. data)   RO Data    RW Data    ZI Data      Debug   Library Member Name

         8          0          0          0          0         68   __main.o
       312          6         17          0          0         76   __printf_flags_wp.o
        14          0          0          0          0         60   __printf_wp.o
         0          0          0          0          0          0   __rtentry.o
        12          0          0          0          0          0   __rtentry2.o
         6          0          0          0          0          0   __rtentry4.o
        60          8          0          0          0          0   __scatter.o
        26          0          0          0          0          0   __scatter_copy.o
        28          0          0          0          0          0   __scatter_zi.o
        48          6          0          0          0         88   _printf_char_common.o
        40          6          0          0          0         72   _printf_char_file.o
        10          0          0          0          0          0   _printf_d.o
       108         18          0          0          0         76   _printf_dec.o
        10          0          0          0          0          0   _printf_f.o
      1048         14          0          0          0        176   _printf_fp_dec.o
       136         16          0          0          0         76   _printf_fp_infnan.o
       176          0          0          0          0         84   _printf_intcommon.o
         2          0          0          0          0          0   _printf_percent.o
         4          0          0          0          0          0   _printf_percent_end.o
       346          0          0          0          0         92   aeabi_sdiv.o
       216          6        148          0          0         80   bigflt0.o
      1456         30          0          0          0        336   btod.o
        16          0          0          0          0         68   exit.o
         6          0          0          0          0        136   heapauxi.o
        44         10         28          0          0         76   lc_numeric_c.o
         2          0          0          0          0          0   libinit.o
        18          0          0          0          0          0   libinit2.o
         2          0          0          0          0          0   libshutdown.o
         2          0          0          0          0          0   libshutdown2.o
         8          4          0          0         96         68   libspace.o
       122          0          0          0          0         72   lludiv10.o
        28          6          0          0          0         84   noretval__2printf.o
         8          4          0          0          0         68   rt_locale_intlibspace.o
       186          0          0          0          0        144   rt_memcpy.o
         2          0          0          0          0          0   rtexit.o
        10          0          0          0          0          0   rtexit2.o
        40          0          0          0          0         60   rtudiv10.o
       136          4          0          0          0         72   strcmp.o
        62          0          0          0          0         80   sys_stackheap_outer.o
        46          0          0          0          0         60   cmpret.o
       124          4          0          0          0         72   d2f.o
       856         20          0          0          0        208   daddsub.o
      1096         26        128          0          0        112   ddiv.o
        72          4          0          0          0         68   dfixui.o
        88          0          0          0          0         92   dflti.o
       584         26          0          0          0         84   dmul.o
        84          4          0          0          0         60   f2d.o
       348          8          0          0          0        160   faddsub.o
       100          4          0          0          0         68   fcmpin.o
       352         10         64          0          0         92   fdiv.o
        48          0          0          0          0         60   ffixui.o
        94          0          0          0          0         92   fflti.o
        84          4          0          0          0         76   flef.o
       176          4          0          0          0         80   fmul.o
        16          6          0          0          0         68   fnan2.o
        88          4          0          0          0         76   frlef.o
        16          4          0          0          0         76   printf1.o
        94          0          0          0          0         68   retnan.o
         0          0          0          0          0          0   usenofp.o
        44          4          0          0          0         60   fpclassify.o

    ----------------------------------------------------------------------
      9182        270        388          0         96       3944   Library Totals
        14          0          3          0          0          0   (incl. Padding)

    ----------------------------------------------------------------------

      Code (inc. data)   RO Data    RW Data    ZI Data      Debug   Library Name

      4758        138        193          0         96       2212   c_p.l
      4366        128        192          0          0       1672   fz_ps.l
        44          4          0          0          0         60   m_ps.l

    ----------------------------------------------------------------------
      9182        270        388          0         96       3944   Library Totals

    ----------------------------------------------------------------------

==============================================================================


      Code (inc. data)   RO Data    RW Data    ZI Data      Debug   

     17424        978       1464        100       2420     173341   Grand Totals
     17424        978       1464        100       2420     173341   ELF Image Totals
     17424        978       1464        100          0          0   ROM Totals

==============================================================================

    Total RO  Size (Code + RO Data)                18888 (  18.45kB)
    Total RW  Size (RW Data + ZI Data)              2520 (   2.46kB)
    Total ROM Size (Code + RO Data + RW Data)      18988 (  18.54kB)

==============================================================================

