Component: ARM Compiler 5.06 update 6 (build 750) Tool: armlink [4d35ed]

==============================================================================

Section Cross References

    system_cms32f033.o(i.SystemCoreClockUpdate) refers to aeabi_sdiv.o(.text) for __aeabi_uidivmod
    system_cms32f033.o(i.SystemCoreClockUpdate) refers to system_cms32f033.o(.data) for SystemCoreClock
    system_cms32f033.o(i.SystemInit) refers to system_cms32f033.o(i.SystemCoreClockUpdate) for SystemCoreClockUpdate
    startup_cms32f033.o(STACK) refers (Special) to heapauxi.o(.text) for __use_two_region_memory
    startup_cms32f033.o(HEAP) refers (Special) to heapauxi.o(.text) for __use_two_region_memory
    startup_cms32f033.o(RESET) refers (Special) to heapauxi.o(.text) for __use_two_region_memory
    startup_cms32f033.o(RESET) refers to startup_cms32f033.o(STACK) for __initial_sp
    startup_cms32f033.o(RESET) refers to startup_cms32f033.o(.text) for Reset_Handler
    startup_cms32f033.o(RESET) refers to isr.o(i.NMI_Handler) for NMI_Handler
    startup_cms32f033.o(RESET) refers to isr.o(i.HardFault_Handler) for HardFault_Handler
    startup_cms32f033.o(RESET) refers to isr.o(i.SVC_Handler) for SVC_Handler
    startup_cms32f033.o(RESET) refers to isr.o(i.PendSV_Handler) for PendSV_Handler
    startup_cms32f033.o(RESET) refers to isr.o(i.SysTick_Handler) for SysTick_Handler
    startup_cms32f033.o(RESET) refers to isr.o(i.GPIO0_IRQHandler) for GPIO0_IRQHandler
    startup_cms32f033.o(RESET) refers to isr.o(i.GPIO1_IRQHandler) for GPIO1_IRQHandler
    startup_cms32f033.o(RESET) refers to isr.o(i.GPIO2_IRQHandler) for GPIO2_IRQHandler
    startup_cms32f033.o(RESET) refers to isr.o(i.GPIO3_IRQHandler) for GPIO3_IRQHandler
    startup_cms32f033.o(RESET) refers to isr.o(i.GPIO4_IRQHandler) for GPIO4_IRQHandler
    startup_cms32f033.o(RESET) refers to isr.o(i.CCP_IRQHandler) for CCP_IRQHandler
    startup_cms32f033.o(RESET) refers to isr.o(i.WWDT_IRQHandler) for WWDT_IRQHandler
    startup_cms32f033.o(RESET) refers to isr.o(i.EPWM_IRQHandler) for EPWM_IRQHandler
    startup_cms32f033.o(RESET) refers to isr.o(i.ADC1_IRQHandler) for ADC1_IRQHandler
    startup_cms32f033.o(RESET) refers to isr.o(i.ACMP_IRQHandler) for ACMP_IRQHandler
    startup_cms32f033.o(RESET) refers to isr.o(i.UART0_IRQHandler) for UART0_IRQHandler
    startup_cms32f033.o(RESET) refers to isr.o(i.UART1_IRQHandler) for UART1_IRQHandler
    startup_cms32f033.o(RESET) refers to isr.o(i.TIMER0_IRQHandler) for TIMER0_IRQHandler
    startup_cms32f033.o(RESET) refers to isr.o(i.TIMER1_IRQHandler) for TIMER1_IRQHandler
    startup_cms32f033.o(RESET) refers to isr.o(i.WDT_IRQHandler) for WDT_IRQHandler
    startup_cms32f033.o(RESET) refers to isr.o(i.I2C0_IRQHandler) for I2C0_IRQHandler
    startup_cms32f033.o(RESET) refers to isr.o(i.SSP0_IRQHandler) for SSP0_IRQHandler
    startup_cms32f033.o(RESET) refers to isr.o(i.SYS_CHK_IRQHandler) for SYS_CHK_IRQHandler
    startup_cms32f033.o(.text) refers (Special) to heapauxi.o(.text) for __use_two_region_memory
    startup_cms32f033.o(.text) refers to system_cms32f033.o(i.SystemInit) for SystemInit
    startup_cms32f033.o(.text) refers to __main.o(!!!main) for __main
    startup_cms32f033.o(.text) refers to startup_cms32f033.o(HEAP) for Heap_Mem
    startup_cms32f033.o(.text) refers to startup_cms32f033.o(STACK) for Stack_Mem
    gpio.o(i.GPIO_EnableInt) refers to gpio.o(i.__ARM_common_switch8) for __ARM_common_switch8
    system.o(i.SYS_ConfigAHBClock) refers to system.o(i.SYS_GetHSIState) for SYS_GetHSIState
    system.o(i.SYS_ConfigAHBClock) refers to system_cms32f033.o(i.SystemCoreClockUpdate) for SystemCoreClockUpdate
    system.o(i.SYS_ConfigAPBClock) refers to system_cms32f033.o(i.SystemCoreClockUpdate) for SystemCoreClockUpdate
    uart.o(i.UART_ConfigRunMode) refers to aeabi_sdiv.o(.text) for __aeabi_uidivmod
    uart.o(i.UART_ConfigRunMode) refers to system_cms32f033.o(.data) for SystemAPBClock
    opa.o(i.OPA_GetAutoAdjustResult) refers to opa.o(i.OPA_EnableAdjustMode) for OPA_EnableAdjustMode
    opa.o(i.OPA_GetAutoAdjustResult) refers to opa.o(i.OPA_Start) for OPA_Start
    opa.o(i.OPA_GetAutoAdjustResult) refers to opa.o(i.OPA_GetResult) for OPA_GetResult
    opa.o(i.OPA_GetAutoAdjustResult) refers to opa.o(i.OPA_DisableAdjustMode) for OPA_DisableAdjustMode
    opa.o(i.OPA_GetAutoAdjustResult) refers to opa.o(i.OPA_Stop) for OPA_Stop
    acmp.o(i.ACMP_EnableAutoAdjust) refers to acmp.o(i.ACMP_EnableAdjustMode) for ACMP_EnableAdjustMode
    acmp.o(i.ACMP_EnableAutoAdjust) refers to acmp.o(i.ACMP_Start) for ACMP_Start
    acmp.o(i.ACMP_EnableAutoAdjust) refers to acmp.o(i.ACMP_GetResult) for ACMP_GetResult
    acmp.o(i.ACMP_EnableAutoAdjust) refers to acmp.o(i.ACMP_DisableAdjustMode) for ACMP_DisableAdjustMode
    acmp.o(i.ACMP_EnableAutoAdjust) refers to acmp.o(i.ACMP_Stop) for ACMP_Stop
    main.o(i.Check_State) refers to temp.o(i.TX_TEMPER_1) for TX_TEMPER_1
[...]
    ..\\..\\..\\..\\..\\Driver\\CMS32F033\\src\\acmp.c 0x00000000   Number         0  acmp.o ABSOLUTE
    ..\\..\\..\\..\\..\\Driver\\CMS32F033\\src\\adc1.c 0x00000000   Number         0  adc1.o ABSOLUTE
    ..\\..\\..\\..\\..\\Driver\\CMS32F033\\src\\gpio.c 0x00000000   Number         0  gpio.o ABSOLUTE
    ..\\..\\..\\..\\..\\Driver\\CMS32F033\\src\\opa.c 0x00000000   Number         0  opa.o ABSOLUTE
    ..\\..\\..\\..\\..\\Driver\\CMS32F033\\src\\pga.c 0x00000000   Number         0  pga.o ABSOLUTE
    ..\\..\\..\\..\\..\\Driver\\CMS32F033\\src\\retarget.c 0x00000000   Number         0  retarget.o ABSOLUTE
    ..\\..\\..\\..\\..\\Driver\\CMS32F033\\src\\system.c 0x00000000   Number         0  system.o ABSOLUTE
    ..\\..\\..\\..\\..\\Driver\\CMS32F033\\src\\uart.c 0x00000000   Number         0  uart.o ABSOLUTE
    ..\\Hardware\\Temp.c                     0x00000000   Number         0  temp.o ABSOLUTE
    ..\\Hardware\\crc_1.c                    0x00000000   Number         0  crc_1.o ABSOLUTE
    ..\\Hardware\\delay.c                    0x00000000   Number         0  delay.o ABSOLUTE
    ..\\code\\demo_acmp.c                    0x00000000   Number         0  demo_acmp.o ABSOLUTE
    ..\\code\\demo_adc1.c                    0x00000000   Number         0  demo_adc1.o ABSOLUTE
    ..\\code\\demo_gpio.c                    0x00000000   Number         0  demo_gpio.o ABSOLUTE
    ..\\code\\demo_opa.c                     0x00000000   Number         0  demo_opa.o ABSOLUTE
    ..\\code\\demo_pga.c                     0x00000000   Number         0  demo_pga.o ABSOLUTE
    ..\\code\\demo_uart.c                    0x00000000   Number         0  demo_uart.o ABSOLUTE
    ..\\code\\drv_RF24L01.c                  0x00000000   Number         0  drv_rf24l01.o ABSOLUTE
    ..\\code\\drv_spi.c                      0x00000000   Number         0  drv_spi.o ABSOLUTE
    ..\\code\\isr.c                          0x00000000   Number         0  isr.o ABSOLUTE
    ..\\code\\main.c                         0x00000000   Number         0  main.o ABSOLUTE
    ..\\code\\system_CMS32F033.c             0x00000000   Number         0  system_cms32f033.o ABSOLUTE
    ..\code\demo_acmp.c                      0x00000000   Number         0  demo_acmp.o ABSOLUTE
    ..\code\demo_adc1.c                      0x00000000   Number         0  demo_adc1.o ABSOLUTE
    ..\code\demo_gpio.c                      0x00000000   Number         0  demo_gpio.o ABSOLUTE
    ..\code\demo_opa.c                       0x00000000   Number         0  demo_opa.o ABSOLUTE
    ..\code\demo_pga.c                       0x00000000   Number         0  demo_pga.o ABSOLUTE
    ..\code\demo_uart.c                      0x00000000   Number         0  demo_uart.o ABSOLUTE
    ..\code\drv_RF24L01.c                    0x00000000   Number         0  drv_rf24l01.o ABSOLUTE
    ..\code\drv_spi.c                        0x00000000   Number         0  drv_spi.o ABSOLUTE
    ..\code\isr.c                            0x00000000   Number         0  isr.o ABSOLUTE
    ..\code\main.c                           0x00000000   Number         0  main.o ABSOLUTE
    ..\code\startup_CMS32F033.s              0x00000000   Number         0  startup_cms32f033.o ABSOLUTE
    ..\code\system_CMS32F033.c               0x00000000   Number         0  system_cms32f033.o ABSOLUTE
    dc.s                                     0x00000000   Number         0  dc.o ABSOLUTE
    !!!main                                  0x000000c0   Section        8  __main.o(!!!main)
    !!!scatter                               0x000000c8   Section       60  __scatter.o(!!!scatter)
    !!handler_copy                           0x00000104   Section       26  __scatter_copy.o(!!handler_copy)
    !!handler_zi                             0x00000120   Section       28  __scatter_zi.o(!!handler_zi)
    .ARM.Collect$$_printf_percent$$00000000  0x0000013c   Section        2  _printf_percent.o(.ARM.Collect$$_printf_percent$$00000000)
    .ARM.Collect$$_printf_percent$$00000003  0x0000013e   Section       10  _printf_f.o(.ARM.Collect$$_printf_percent$$00000003)
    .ARM.Collect$$_printf_percent$$00000017  0x00000148   Section        4  _printf_percent_end.o(.ARM.Collect$$_printf_percent$$00000017)
    .ARM.Collect$$libinit$$00000000          0x0000014c   Section        2  libinit.o(.ARM.Collect$$libinit$$00000000)
    .ARM.Collect$$libinit$$00000002          0x0000014e   Section        0  libinit2.o(.ARM.Collect$$libinit$$00000002)
    .ARM.Collect$$libinit$$00000004          0x0000014e   Section        0  libinit2.o(.ARM.Collect$$libinit$$00000004)
    .ARM.Collect$$libinit$$0000000A          0x0000014e   Section        0  libinit2.o(.ARM.Collect$$libinit$$0000000A)
    .ARM.Collect$$libinit$$0000000C          0x0000014e   Section        0  libinit2.o(.ARM.Collect$$libinit$$0000000C)
    .ARM.Collect$$libinit$$0000000E          0x0000014e   Section        0  libinit2.o(.ARM.Collect$$libinit$$0000000E)
    .ARM.Collect$$libinit$$0000000F          0x0000014e   Section        6  libinit2.o(.ARM.Collect$$libinit$$0000000F)
    .ARM.Collect$$libinit$$00000011          0x00000154   Section        0  libinit2.o(.ARM.Collect$$libinit$$00000011)
    .ARM.Collect$$libinit$$00000013          0x00000154   Section        0  libinit2.o(.ARM.Collect$$libinit$$00000013)
    .ARM.Collect$$libinit$$00000015          0x00000154   Section        0  libinit2.o(.ARM.Collect$$libinit$$00000015)
    .ARM.Collect$$libinit$$00000016          0x00000154   Section       10  libinit2.o(.ARM.Collect$$libinit$$00000016)
    .ARM.Collect$$libinit$$00000017          0x0000015e   Section        0  libinit2.o(.ARM.Collect$$libinit$$00000017)
    .ARM.Collect$$libinit$$00000019          0x0000015e   Section        0  libinit2.o(.ARM.Collect$$libinit$$00000019)
    .ARM.Collect$$libinit$$0000001B          0x0000015e   Section        0  libinit2.o(.ARM.Collect$$libinit$$0000001B)
    .ARM.Collect$$libinit$$0000001D          0x0000015e   Section        0  libinit2.o(.ARM.Collect$$libinit$$0000001D)
    .ARM.Collect$$libinit$$0000001F          0x0000015e   Section        0  libinit2.o(.ARM.Collect$$libinit$$0000001F)
    .ARM.Collect$$libinit$$00000021          0x0000015e   Section        0  libinit2.o(.ARM.Collect$$libinit$$00000021)
    .ARM.Collect$$libinit$$00000023          0x0000015e   Section        0  libinit2.o(.ARM.Collect$$libinit$$00000023)
    .ARM.Collect$$libinit$$00000025          0x0000015e   Section        0  libinit2.o(.ARM.Collect$$libinit$$00000025)
    .ARM.Collect$$libinit$$0000002C          0x0000015e   Section        0  libinit2.o(.ARM.Collect$$libinit$$0000002C)
    .ARM.Collect$$libinit$$0000002E          0x0000015e   Section        0  libinit2.o(.ARM.Collect$$libinit$$0000002E)
    .ARM.Collect$$libinit$$00000030          0x0000015e   Section        0  libinit2.o(.ARM.Collect$$libinit$$00000030)
    .ARM.Collect$$libinit$$00000032          0x0000015e   Section        0  libinit2.o(.ARM.Collect$$libinit$$00000032)
    .ARM.Collect$$libinit$$00000033          0x0000015e   Section        2  libinit2.o(.ARM.Collect$$libinit$$00000033)
    .ARM.Collect$$libshutdown$$00000000      0x00000160   Section        2  libshutdown.o(.ARM.Collect$$libshutdown$$00000000)
    .ARM.Collect$$libshutdown$$00000002      0x00000162   Section        0  libshutdown2.o(.ARM.Collect$$libshutdown$$00000002)
    .ARM.Collect$$libshutdown$$00000004      0x00000162   Section        0  libshutdown2.o(.ARM.Collect$$libshutdown$$00000004)
    .ARM.Collect$$libshutdown$$00000007      0x00000162   Section        0  libshutdown2.o(.ARM.Collect$$libshutdown$$00000007)
    .ARM.Collect$$libshutdown$$0000000A      0x00000162   Section        0  libshutdown2.o(.ARM.Collect$$libshutdown$$0000000A)
    .ARM.Collect$$libshutdown$$0000000C      0x00000162   Section        0  libshutdown2.o(.ARM.Collect$$libshutdown$$0000000C)
    .ARM.Collect$$libshutdown$$0000000F      0x00000162   Section        0  libshutdown2.o(.ARM.Collect$$libshutdown$$0000000F)
    .ARM.Collect$$libshutdown$$00000010      0x00000162   Section        2  libshutdown2.o(.ARM.Collect$$libshutdown$$00000010)
    .ARM.Collect$$rtentry$$00000000          0x00000164   Section        0  __rtentry.o(.ARM.Collect$$rtentry$$00000000)
    .ARM.Collect$$rtentry$$00000002          0x00000164   Section        0  __rtentry2.o(.ARM.Collect$$rtentry$$00000002)
    .ARM.Collect$$rtentry$$00000004          0x00000164   Section        6  __rtentry4.o(.ARM.Collect$$rtentry$$00000004)
    .ARM.Collect$$rtentry$$00000009          0x0000016a   Section        0  __rtentry2.o(.ARM.Collect$$rtentry$$00000009)
    .ARM.Collect$$rtentry$$0000000A          0x0000016a   Section        4  __rtentry2.o(.ARM.Collect$$rtentry$$0000000A)
    .ARM.Collect$$rtentry$$0000000C          0x0000016e   Section        0  __rtentry2.o(.ARM.Collect$$rtentry$$0000000C)
    .ARM.Collect$$rtentry$$0000000D          0x0000016e   Section        8  __rtentry2.o(.ARM.Collect$$rtentry$$0000000D)
    .ARM.Collect$$rtexit$$00000000           0x00000176   Section        2  rtexit.o(.ARM.Collect$$rtexit$$00000000)
    .ARM.Collect$$rtexit$$00000002           0x00000178   Section        0  rtexit2.o(.ARM.Collect$$rtexit$$00000002)
    .ARM.Collect$$rtexit$$00000003           0x00000178   Section        4  rtexit2.o(.ARM.Collect$$rtexit$$00000003)
    .ARM.Collect$$rtexit$$00000004           0x0000017c   Section        6  rtexit2.o(.ARM.Collect$$rtexit$$00000004)
    .emb_text                                0x00000184   Section       56  rt_memcpy.o(.emb_text)
    .text                                    0x000001bc   Section       60  startup_cms32f033.o(.text)
    .text                                    0x000001f8   Section        0  noretval__2printf.o(.text)
    .text                                    0x00000214   Section        0  __printf_flags_wp.o(.text)
    .text                                    0x0000034c   Section        0  rt_memcpy.o(.text)
    .text                                    0x000003ce   Section      346  aeabi_sdiv.o(.text)
    .text                                    0x00000528   Section        0  heapauxi.o(.text)
    .text                                    0x00000530   Section        0  d2f.o(.text)
    .text                                    0x000005ac   Section        0  daddsub.o(.text)
    _dadd1                                   0x000005ad   Thumb Code   290  daddsub.o(.text)
    _dsub1                                   0x000006cf   Thumb Code   470  daddsub.o(.text)
    .text                                    0x00000904   Section        0  ddiv.o(.text)
    .text                                    0x00000d4c   Section        0  dfixui.o(.text)
    .text                                    0x00000d94   Section        0  dflti.o(.text)
    .text                                    0x00000dec   Section        0  dmul.o(.text)
    .text                                    0x00001034   Section        0  f2d.o(.text)
    .text                                    0x00001088   Section        0  fdiv.o(.text)
    .text                                    0x000011e8   Section        0  ffixui.o(.text)
    .text                                    0x00001218   Section        0  fflti.o(.text)
    .text                                    0x00001278   Section        0  _printf_fp_dec.o(.text)
    _fp_digits                               0x0000127b   Thumb Code   412  _printf_fp_dec.o(.text)
    .text                                    0x00001690   Section        0  _printf_char_file.o(.text)
    .text                                    0x000016b8   Section        0  fcmpin.o(.text)
    .text                                    0x0000171c   Section        8  rt_locale_intlibspace.o(.text)
    .text                                    0x00001724   Section        0  lludiv10.o(.text)
    .text                                    0x000017a0   Section        0  _printf_char_common.o(.text)
    _printf_input_char                       0x000017a1   Thumb Code    10  _printf_char_common.o(.text)
    .text                                    0x000017d0   Section        0  _printf_fp_infnan.o(.text)
    .text                                    0x00001858   Section        0  bigflt0.o(.text)
    .text                                    0x00001930   Section        0  btod.o(.text)
    btod_internal_mul                        0x00001971   Thumb Code   492  btod.o(.text)
    btod_internal_div                        0x00001b5d   Thumb Code   520  btod.o(.text)
    .text                                    0x00001eb0   Section        0  rtudiv10.o(.text)
    .text                                    0x00001ed8   Section        0  cmpret.o(.text)
    .text                                    0x00001f08   Section        0  fnan2.o(.text)
    .text                                    0x00001f18   Section        8  libspace.o(.text)
    .text                                    0x00001f20   Section       62  sys_stackheap_outer.o(.text)
    .text                                    0x00001f5e   Section        0  exit.o(.text)
    .text                                    0x00001f70   Section        0  strcmp.o(.text)
    .text                                    0x00001ff8   Section        0  retnan.o(.text)
    i.ACMP_ACMP0_Config                      0x00002058   Section        0  demo_acmp.o(i.ACMP_ACMP0_Config)
    i.ACMP_ClearIntFlag                      0x000020cc   Section        0  acmp.o(i.ACMP_ClearIntFlag)
    i.ACMP_ConfigEventAndIntMode             0x000020e0   Section        0  acmp.o(i.ACMP_ConfigEventAndIntMode)
    i.ACMP_ConfigHYS                         0x0000212a   Section        0  acmp.o(i.ACMP_ConfigHYS)
    i.ACMP_ConfigNegative                    0x00002190   Section        0  acmp.o(i.ACMP_ConfigNegative)
    i.ACMP_ConfigPositive                    0x0000222a   Section        0  acmp.o(i.ACMP_ConfigPositive)
    i.ACMP_DisableEventOut                   0x0000227e   Section        0  acmp.o(i.ACMP_DisableEventOut)
    i.ACMP_DisableReverseOutput              0x000022b6   Section        0  acmp.o(i.ACMP_DisableReverseOutput)
    i.ACMP_EnableFilter                      0x000022f0   Section        0  acmp.o(i.ACMP_EnableFilter)
    i.ACMP_EnableInt                         0x00002350   Section        0  acmp.o(i.ACMP_EnableInt)
    i.ACMP_GetIntFlag                        0x0000236e   Section        0  acmp.o(i.ACMP_GetIntFlag)
    i.ACMP_GetResult                         0x00002388   Section        0  acmp.o(i.ACMP_GetResult)
    i.ACMP_IRQHandler                        0x000023b4   Section        0  isr.o(i.ACMP_IRQHandler)
    i.ACMP_Start                             0x000023d4   Section        0  acmp.o(i.ACMP_Start)
    i.ADC1_ConfigCompare                     0x00002410   Section        0  adc1.o(i.ADC1_ConfigCompare)
    i.ADC1_ConfigRunMode                     0x00002454   Section        0  adc1.o(i.ADC1_ConfigRunMode)
    i.ADC1_EnableAdjust                      0x0000248c   Section        0  adc1.o(i.ADC1_EnableAdjust)
    i.ADC1_EnableCompare                     0x000024a8   Section        0  adc1.o(i.ADC1_EnableCompare)
    i.ADC1_EnableScanChannel                 0x000024c4   Section        0  adc1.o(i.ADC1_EnableScanChannel)
    i.ADC1_GetCompareResult                  0x000024da   Section        0  adc1.o(i.ADC1_GetCompareResult)
    i.ADC1_GetResult                         0x000024ec   Section        0  adc1.o(i.ADC1_GetResult)
    i.ADC1_Go                                0x000024fc   Section        0  main.o(i.ADC1_Go)
    ADC1_Go                                  0x000024fd   Thumb Code    28  main.o(i.ADC1_Go)
    i.ADC1_IRQHandler                        0x00002518   Section        0  isr.o(i.ADC1_IRQHandler)
    i.ADC1_SetAN30Channel                    0x0000251a   Section        0  adc1.o(i.ADC1_SetAN30Channel)
    i.ADC1_Software_Trigger_Mode             0x00002540   Section        0  demo_adc1.o(i.ADC1_Software_Trigger_Mode)
    i.ADC1_Start                             0x000025a8   Section        0  adc1.o(i.ADC1_Start)
    i.ADC1_StartAdjust                       0x000025c4   Section        0  adc1.o(i.ADC1_StartAdjust)
    i.CCP_IRQHandler                         0x000025f0   Section        0  isr.o(i.CCP_IRQHandler)
    i.CalculateTemperature                   0x000025f4   Section        0  temp.o(i.CalculateTemperature)
    i.Check_State                            0x000026d0   Section        0  main.o(i.Check_State)
    i.EPWM_IRQHandler                        0x00002b38   Section        0  isr.o(i.EPWM_IRQHandler)
    i.GPIO0_IRQHandler                       0x00002b3a   Section        0  isr.o(i.GPIO0_IRQHandler)
    i.GPIO1_IRQHandler                       0x00002b3c   Section        0  isr.o(i.GPIO1_IRQHandler)
    i.GPIO2_IRQHandler                       0x00002b7a   Section        0  isr.o(i.GPIO2_IRQHandler)
    i.GPIO3_IRQHandler                       0x00002b7c   Section        0  isr.o(i.GPIO3_IRQHandler)
    i.GPIO4_IRQHandler                       0x00002b7e   Section        0  isr.o(i.GPIO4_IRQHandler)
    i.GPIO_ClearIntFlag                      0x00002b80   Section        0  gpio.o(i.GPIO_ClearIntFlag)
    i.GPIO_Config                            0x00002b8c   Section        0  demo_gpio.o(i.GPIO_Config)
    i.GPIO_GetIntFlag                        0x00002bb8   Section        0  gpio.o(i.GPIO_GetIntFlag)
    i.GPIO_OFF_Config                        0x00002bd0   Section        0  demo_gpio.o(i.GPIO_OFF_Config)
    i.HardFault_Handler                      0x00002c14   Section        0  isr.o(i.HardFault_Handler)
    i.I2C0_IRQHandler                        0x00002c16   Section        0  isr.o(i.I2C0_IRQHandler)
    i.I_Float                                0x00002c18   Section        0  main.o(i.I_Float)
    i.I_Set                                  0x00002c88   Section        0  main.o(i.I_Set)
    i.NMI_Handler                            0x00002cac   Section        0  isr.o(i.NMI_Handler)
    i.NRF24L01_Check                         0x00002cb0   Section        0  drv_rf24l01.o(i.NRF24L01_Check)
    i.NRF24L01_Gpio_Init                     0x00002cfc   Section        0  drv_rf24l01.o(i.NRF24L01_Gpio_Init)
    i.NRF24L01_Init                          0x00002d88   Section        0  drv_rf24l01.o(i.NRF24L01_Init)
    i.NRF24L01_Read_Buf                      0x00002daa   Section        0  drv_rf24l01.o(i.NRF24L01_Read_Buf)
    i.NRF24L01_Read_Reg                      0x00002df4   Section        0  drv_rf24l01.o(i.NRF24L01_Read_Reg)
    i.NRF24L01_RxPacket                      0x00002e2c   Section        0  drv_rf24l01.o(i.NRF24L01_RxPacket)
    i.NRF24L01_TxPacket                      0x00002e62   Section        0  drv_rf24l01.o(i.NRF24L01_TxPacket)
    i.NRF24L01_Write_Buf                     0x00002ed6   Section        0  drv_rf24l01.o(i.NRF24L01_Write_Buf)
    i.NRF24L01_Write_Reg                     0x00002f1e   Section        0  drv_rf24l01.o(i.NRF24L01_Write_Reg)
    i.NVIC_SetPriority                       0x00002f58   Section        0  demo_acmp.o(i.NVIC_SetPriority)
    NVIC_SetPriority                         0x00002f59   Thumb Code   110  demo_acmp.o(i.NVIC_SetPriority)
    i.OPA0_Config                            0x00002fd0   Section        0  demo_opa.o(i.OPA0_Config)
    i.OPA_ConfigNegative                     0x00003028   Section        0  opa.o(i.OPA_ConfigNegative)
    i.OPA_ConfigOutput                       0x00003038   Section        0  opa.o(i.OPA_ConfigOutput)
    i.OPA_ConfigPositive                     0x00003048   Section        0  opa.o(i.OPA_ConfigPositive)
    i.OPA_ConfigRunMode                      0x00003058   Section        0  opa.o(i.OPA_ConfigRunMode)
    i.OPA_Start                              0x00003068   Section        0  opa.o(i.OPA_Start)
    i.PGA_ConfigGain                         0x00003072   Section        0  pga.o(i.PGA_ConfigGain)
    i.PGA_ConfigPositive                     0x00003084   Section        0  pga.o(i.PGA_ConfigPositive)
    i.PGA_ConfigResistance                   0x00003098   Section        0  pga.o(i.PGA_ConfigResistance)
    i.PGA_PGA1_Config                        0x000030ac   Section        0  demo_pga.o(i.PGA_PGA1_Config)
    i.PGA_Start                              0x000030fc   Section        0  pga.o(i.PGA_Start)
    i.PendSV_Handler                         0x00003108   Section        0  isr.o(i.PendSV_Handler)
    i.RX_Mode                                0x0000310c   Section        0  drv_rf24l01.o(i.RX_Mode)
    i.SSP0_IRQHandler                        0x00003178   Section        0  isr.o(i.SSP0_IRQHandler)
    i.SVC_Handler                            0x0000317a   Section        0  isr.o(i.SVC_Handler)
    i.SYS_CHK_IRQHandler                     0x0000317c   Section        0  isr.o(i.SYS_CHK_IRQHandler)
    i.SYS_ConfigAHBClock                     0x00003180   Section        0  system.o(i.SYS_ConfigAHBClock)
    i.SYS_ConfigAPBClock                     0x000031bc   Section        0  system.o(i.SYS_ConfigAPBClock)
    i.SYS_ConfigHSI                          0x000031cc   Section        0  system.o(i.SYS_ConfigHSI)
    i.SYS_EnableHSI                          0x000031f0   Section        0  system.o(i.SYS_EnableHSI)
    i.SYS_EnablePeripheralClk                0x0000320c   Section        0  system.o(i.SYS_EnablePeripheralClk)
    i.SYS_GetHSIState                        0x0000321c   Section        0  system.o(i.SYS_GetHSIState)
    i.SysTick_Handler                        0x00003228   Section        0  isr.o(i.SysTick_Handler)
    i.SystemCoreClockUpdate                  0x0000322c   Section        0  system_cms32f033.o(i.SystemCoreClockUpdate)
    i.SystemInit                             0x000032e0   Section        0  system_cms32f033.o(i.SystemInit)
    i.TIMER0_IRQHandler                      0x000032e8   Section        0  isr.o(i.TIMER0_IRQHandler)
    i.TIMER1_IRQHandler                      0x000032ea   Section        0  isr.o(i.TIMER1_IRQHandler)
    i.TX_Mode                                0x000032ec   Section        0  drv_rf24l01.o(i.TX_Mode)
    i.TX_TEMPER_1                            0x00003360   Section        0  temp.o(i.TX_TEMPER_1)
    i.UART0_IRQHandler                       0x000033d4   Section        0  isr.o(i.UART0_IRQHandler)
    i.UART1_IRQHandler                       0x000033d6   Section        0  isr.o(i.UART1_IRQHandler)
    i.UART_ConfigRunMode                     0x000033d8   Section        0  uart.o(i.UART_ConfigRunMode)
    i.UART_UART1_Config                      0x00003410   Section        0  demo_uart.o(i.UART_UART1_Config)
    i.V_Float                                0x00003440   Section        0  temp.o(i.V_Float)
    i.V_Set                                  0x000034a4   Section        0  main.o(i.V_Set)
    i.Verge                                  0x000034c8   Section        0  main.o(i.Verge)
    i.WDT_IRQHandler                         0x0000382c   Section        0  isr.o(i.WDT_IRQHandler)
    i.WWDT_IRQHandler                        0x0000382e   Section        0  isr.o(i.WWDT_IRQHandler)
    i.__ARM_common_ll_muluu                  0x00003830   Section        0  btod.o(i.__ARM_common_ll_muluu)
    i.__ARM_fpclassify                       0x00003860   Section        0  fpclassify.o(i.__ARM_fpclassify)
    i._is_digit                              0x0000388c   Section        0  __printf_wp.o(i._is_digit)
    i._sys_exit                              0x0000389a   Section        0  retarget.o(i._sys_exit)
    i.check_test                             0x000038a0   Section        0  main.o(i.check_test)
    i.delay_init                             0x00003974   Section        0  delay.o(i.delay_init)
    i.delay_us                               0x000039c8   Section        0  delay.o(i.delay_us)
    i.delay_xms                              0x00003a10   Section        0  delay.o(i.delay_xms)
    i.drv_spi_init                           0x00003a28   Section        0  drv_spi.o(i.drv_spi_init)
    i.drv_spi_read_write_byte                0x00003b1c   Section        0  drv_spi.o(i.drv_spi_read_write_byte)
    i.ferror                                 0x00003bb8   Section        0  retarget.o(i.ferror)
    i.fputc                                  0x00003bc0   Section        0  retarget.o(i.fputc)
    i.main                                   0x00003bf4   Section        0  main.o(i.main)
    i.usCRC16                                0x00003ff8   Section        0  crc_1.o(i.usCRC16)
    locale$$code                             0x00004030   Section       44  lc_numeric_c.o(locale$$code)
    x$fpl$fadd                               0x0000405c   Section      140  faddsub.o(x$fpl$fadd)
    _fadd1                                   0x00004069   Thumb Code     0  faddsub.o(x$fpl$fadd)
    x$fpl$fleqf                              0x000040e8   Section       84  flef.o(x$fpl$fleqf)
    x$fpl$fmul                               0x0000413c   Section      176  fmul.o(x$fpl$fmul)
    x$fpl$frleqf                             0x000041ec   Section       88  frlef.o(x$fpl$frleqf)
    x$fpl$fsub                               0x00004244   Section      208  faddsub.o(x$fpl$fsub)
    _fsub1                                   0x00004251   Thumb Code     0  faddsub.o(x$fpl$fsub)
    x$fpl$printf1                            0x00004314   Section       16  printf1.o(x$fpl$printf1)
    .constdata                               0x00004324   Section      512  crc_1.o(.constdata)
    x$fpl$usenofp                            0x00004324   Section        0  usenofp.o(x$fpl$usenofp)
    aucCRCHi                                 0x00004324   Data         256  crc_1.o(.constdata)
    aucCRCLo                                 0x00004424   Data         256  crc_1.o(.constdata)
    .constdata                               0x00004524   Section      148  temp.o(.constdata)
    .constdata                               0x000045b8   Section       17  __printf_flags_wp.o(.constdata)
    maptable                                 0x000045b8   Data          17  __printf_flags_wp.o(.constdata)
    .constdata                               0x000045c9   Section      128  ddiv.o(.constdata)
    ddiv_reciptbl                            0x000045c9   Data         128  ddiv.o(.constdata)
    .constdata                               0x00004649   Section       64  fdiv.o(.constdata)
    fdiv_tab                                 0x00004649   Data          64  fdiv.o(.constdata)
    .constdata                               0x0000468c   Section      148  bigflt0.o(.constdata)
    tenpwrs_x                                0x0000468c   Data          60  bigflt0.o(.constdata)
    tenpwrs_i                                0x000046c8   Data          64  bigflt0.o(.constdata)
    .conststring                             0x00004720   Section       25  drv_rf24l01.o(.conststring)
    locale$$data                             0x0000475c   Section       28  lc_numeric_c.o(locale$$data)
    __lcnum_c_name                           0x00004760   Data           2  lc_numeric_c.o(locale$$data)
    __lcnum_c_start                          0x00004768   Data           0  lc_numeric_c.o(locale$$data)
    __lcnum_c_point                          0x00004774   Data           0  lc_numeric_c.o(locale$$data)
    __lcnum_c_thousands                      0x00004776   Data           0  lc_numeric_c.o(locale$$data)
    __lcnum_c_grouping                       0x00004777   Data           0  lc_numeric_c.o(locale$$data)
    __lcnum_c_end                            0x00004778   Data           0  lc_numeric_c.o(locale$$data)
    .data                                    0x20000000   Section       12  system_cms32f033.o(.data)
    .data                                    0x2000000c   Section        8  retarget.o(.data)
    .data                                    0x20000014   Section       67  main.o(.data)
    OVER_V_FLAG                              0x20000014   Data           1  main.o(.data)
    FALL_State                               0x20000017   Data           1  main.o(.data)
    STATE                                    0x20000018   Data           1  main.o(.data)
    V_V_time                                 0x2000002a   Data           1  main.o(.data)
    connect_time                             0x2000002c   Data           2  main.o(.data)
    V_CV_state                               0x20000030   Data           1  main.o(.data)
    ADC_Value                                0x20000034   Data           4  main.o(.data)
    ADC_V_Value                              0x20000038   Data           4  main.o(.data)
    Time                                     0x20000040   Data           2  main.o(.data)
    Temp_State                               0x20000042   Data           1  main.o(.data)
    TX_RX_State                              0x20000043   Data           1  main.o(.data)
    Flag_65                                  0x20000052   Data           1  main.o(.data)
    Flag_70                                  0x20000053   Data           1  main.o(.data)
    Flag_75                                  0x20000054   Data           1  main.o(.data)
    Flag_80                                  0x20000055   Data           1  main.o(.data)
    Set_ADC_State                            0x20000056   Data           1  main.o(.data)
    .data                                    0x20000058   Section        9  drv_rf24l01.o(.data)
    .data                                    0x20000061   Section        1  delay.o(.data)
    fac_us                                   0x20000061   Data           1  delay.o(.data)
    .bss                                     0x20000064   Section       20  main.o(.bss)
    .bss                                     0x20000078   Section       96  libspace.o(.bss)
    HEAP                                     0x200000d8   Section      256  startup_cms32f033.o(HEAP)
    Heap_Mem                                 0x200000d8   Data         256  startup_cms32f033.o(HEAP)
    STACK                                    0x200001d8   Section     2048  startup_cms32f033.o(STACK)
    Stack_Mem                                0x200001d8   Data        2048  startup_cms32f033.o(STACK)
    __initial_sp                             0x200009d8   Data           0  startup_cms32f033.o(STACK)

    Global Symbols

    Symbol Name                              Value     Ov Type        Size  Object(Section)

    BuildAttributes$$THM_ISAv3M$S$PE$A:L22$X:L11$S22$IEEE1$IW$USESV6$~STKCKD$USESV7$~SHL$OTIME$ROPI$IEEEJ$EBA8$UX$STANDARDLIB$REQ8$PRES8$EABIv2 0x00000000   Number         0  anon$$obj.o ABSOLUTE
    __ARM_use_no_argv                        0x00000000   Number         0  main.o ABSOLUTE
    __Vectors                                0x00000000   Data           4  startup_cms32f033.o(RESET)
    _printf_flags                            0x00000000   Number         0  printf_stubs.o ABSOLUTE
    _printf_return_value                     0x00000000   Number         0  printf_stubs.o ABSOLUTE
    _printf_sizespec                         0x00000000   Number         0  printf_stubs.o ABSOLUTE
    _printf_widthprec                        0x00000000   Number         0  printf_stubs.o ABSOLUTE
    __ARM_exceptions_init                     - Undefined Weak Reference
    __alloca_initialize                       - Undefined Weak Reference
    __arm_preinit_                            - Undefined Weak Reference
    __cpp_initialize__aeabi_                  - Undefined Weak Reference
    __cxa_finalize                            - Undefined Weak Reference
    __sigvec_lookup                           - Undefined Weak Reference
    _atexit_init                              - Undefined Weak Reference
    _call_atexit_fns                          - Undefined Weak Reference
    _clock_init                               - Undefined Weak Reference
    _fp_trap_init                             - Undefined Weak Reference
    _fp_trap_shutdown                         - Undefined Weak Reference
    _get_lc_collate                           - Undefined Weak Reference
    _get_lc_ctype                             - Undefined Weak Reference
    _get_lc_monetary                          - Undefined Weak Reference
    _get_lc_time                              - Undefined Weak Reference
    _getenv_init                              - Undefined Weak Reference
    _handle_redirection                       - Undefined Weak Reference
    _init_alloc                               - Undefined Weak Reference
    _init_user_alloc                          - Undefined Weak Reference
    _initio                                   - Undefined Weak Reference
    _printf_post_padding                      - Undefined Weak Reference
    _printf_pre_padding                       - Undefined Weak Reference
    _rand_init                                - Undefined Weak Reference
    _signal_finish                            - Undefined Weak Reference
    _signal_init                              - Undefined Weak Reference
    _terminate_alloc                          - Undefined Weak Reference
    _terminate_user_alloc                     - Undefined Weak Reference
    _terminateio                              - Undefined Weak Reference
    __main                                   0x000000c1   Thumb Code     8  __main.o(!!!main)
    __scatterload                            0x000000c9   Thumb Code     0  __scatter.o(!!!scatter)
    __scatterload_rt2                        0x000000c9   Thumb Code    52  __scatter.o(!!!scatter)
    __scatterload_rt2_thumb_only             0x000000c9   Thumb Code     0  __scatter.o(!!!scatter)
    __scatterload_null                       0x000000d9   Thumb Code     0  __scatter.o(!!!scatter)
    __scatterload_copy                       0x00000105   Thumb Code    26  __scatter_copy.o(!!handler_copy)
    __scatterload_zeroinit                   0x00000121   Thumb Code    28  __scatter_zi.o(!!handler_zi)
    _printf_percent                          0x0000013d   Thumb Code     0  _printf_percent.o(.ARM.Collect$$_printf_percent$$00000000)
    _printf_f                                0x0000013f   Thumb Code     0  _printf_f.o(.ARM.Collect$$_printf_percent$$00000003)
    _printf_percent_end                      0x00000149   Thumb Code     0  _printf_percent_end.o(.ARM.Collect$$_printf_percent$$00000017)
    __rt_lib_init                            0x0000014d   Thumb Code     0  libinit.o(.ARM.Collect$$libinit$$00000000)
    __rt_lib_init_fp_1                       0x0000014f   Thumb Code     0  libinit2.o(.ARM.Collect$$libinit$$00000002)
    __rt_lib_init_heap_1                     0x0000014f   Thumb Code     0  libinit2.o(.ARM.Collect$$libinit$$0000000A)
    __rt_lib_init_lc_common                  0x0000014f   Thumb Code     0  libinit2.o(.ARM.Collect$$libinit$$0000000F)
    __rt_lib_init_preinit_1                  0x0000014f   Thumb Code     0  libinit2.o(.ARM.Collect$$libinit$$00000004)
    __rt_lib_init_rand_1                     0x0000014f   Thumb Code     0  libinit2.o(.ARM.Collect$$libinit$$0000000E)
    __rt_lib_init_user_alloc_1               0x0000014f   Thumb Code     0  libinit2.o(.ARM.Collect$$libinit$$0000000C)
    __rt_lib_init_lc_collate_1               0x00000155   Thumb Code     0  libinit2.o(.ARM.Collect$$libinit$$00000011)
    __rt_lib_init_lc_ctype_1                 0x00000155   Thumb Code     0  libinit2.o(.ARM.Collect$$libinit$$00000013)
    __rt_lib_init_lc_monetary_1              0x00000155   Thumb Code     0  libinit2.o(.ARM.Collect$$libinit$$00000015)
    __rt_lib_init_lc_numeric_2               0x00000155   Thumb Code     0  libinit2.o(.ARM.Collect$$libinit$$00000016)
    __rt_lib_init_alloca_1                   0x0000015f   Thumb Code     0  libinit2.o(.ARM.Collect$$libinit$$0000002E)
    __rt_lib_init_argv_1                     0x0000015f   Thumb Code     0  libinit2.o(.ARM.Collect$$libinit$$0000002C)
    __rt_lib_init_atexit_1                   0x0000015f   Thumb Code     0  libinit2.o(.ARM.Collect$$libinit$$0000001B)
    __rt_lib_init_clock_1                    0x0000015f   Thumb Code     0  libinit2.o(.ARM.Collect$$libinit$$00000021)
    __rt_lib_init_cpp_1                      0x0000015f   Thumb Code     0  libinit2.o(.ARM.Collect$$libinit$$00000032)
    __rt_lib_init_exceptions_1               0x0000015f   Thumb Code     0  libinit2.o(.ARM.Collect$$libinit$$00000030)
    __rt_lib_init_fp_trap_1                  0x0000015f   Thumb Code     0  libinit2.o(.ARM.Collect$$libinit$$0000001F)
    __rt_lib_init_getenv_1                   0x0000015f   Thumb Code     0  libinit2.o(.ARM.Collect$$libinit$$00000023)
    __rt_lib_init_lc_numeric_1               0x0000015f   Thumb Code     0  libinit2.o(.ARM.Collect$$libinit$$00000017)
    __rt_lib_init_lc_time_1                  0x0000015f   Thumb Code     0  libinit2.o(.ARM.Collect$$libinit$$00000019)
    __rt_lib_init_return                     0x0000015f   Thumb Code     0  libinit2.o(.ARM.Collect$$libinit$$00000033)
    __rt_lib_init_signal_1                   0x0000015f   Thumb Code     0  libinit2.o(.ARM.Collect$$libinit$$0000001D)
    __rt_lib_init_stdio_1                    0x0000015f   Thumb Code     0  libinit2.o(.ARM.Collect$$libinit$$00000025)
    __rt_lib_shutdown                        0x00000161   Thumb Code     0  libshutdown.o(.ARM.Collect$$libshutdown$$00000000)
    __rt_lib_shutdown_cpp_1                  0x00000163   Thumb Code     0  libshutdown2.o(.ARM.Collect$$libshutdown$$00000002)
    __rt_lib_shutdown_fp_trap_1              0x00000163   Thumb Code     0  libshutdown2.o(.ARM.Collect$$libshutdown$$00000007)
    __rt_lib_shutdown_heap_1                 0x00000163   Thumb Code     0  libshutdown2.o(.ARM.Collect$$libshutdown$$0000000F)
    __rt_lib_shutdown_return                 0x00000163   Thumb Code     0  libshutdown2.o(.ARM.Collect$$libshutdown$$00000010)
    __rt_lib_shutdown_signal_1               0x00000163   Thumb Code     0  libshutdown2.o(.ARM.Collect$$libshutdown$$0000000A)
    __rt_lib_shutdown_stdio_1                0x00000163   Thumb Code     0  libshutdown2.o(.ARM.Collect$$libshutdown$$00000004)
    __rt_lib_shutdown_user_alloc_1           0x00000163   Thumb Code     0  libshutdown2.o(.ARM.Collect$$libshutdown$$0000000C)
    __rt_entry                               0x00000165   Thumb Code     0  __rtentry.o(.ARM.Collect$$rtentry$$00000000)
    __rt_entry_presh_1                       0x00000165   Thumb Code     0  __rtentry2.o(.ARM.Collect$$rtentry$$00000002)
    __rt_entry_sh                            0x00000165   Thumb Code     0  __rtentry4.o(.ARM.Collect$$rtentry$$00000004)
    __rt_entry_li                            0x0000016b   Thumb Code     0  __rtentry2.o(.ARM.Collect$$rtentry$$0000000A)
    __rt_entry_postsh_1                      0x0000016b   Thumb Code     0  __rtentry2.o(.ARM.Collect$$rtentry$$00000009)
    __rt_entry_main                          0x0000016f   Thumb Code     0  __rtentry2.o(.ARM.Collect$$rtentry$$0000000D)
    __rt_entry_postli_1                      0x0000016f   Thumb Code     0  __rtentry2.o(.ARM.Collect$$rtentry$$0000000C)
    __rt_exit                                0x00000177   Thumb Code     0  rtexit.o(.ARM.Collect$$rtexit$$00000000)
    __rt_exit_ls                             0x00000179   Thumb Code     0  rtexit2.o(.ARM.Collect$$rtexit$$00000003)
    __rt_exit_prels_1                        0x00000179   Thumb Code     0  rtexit2.o(.ARM.Collect$$rtexit$$00000002)
    __rt_exit_exit                           0x0000017d   Thumb Code     0  rtexit2.o(.ARM.Collect$$rtexit$$00000004)
    __aeabi_memcpy4                          0x00000185   Thumb Code    56  rt_memcpy.o(.emb_text)
    __aeabi_memcpy8                          0x00000185   Thumb Code     0  rt_memcpy.o(.emb_text)
    Reset_Handler                            0x000001bd   Thumb Code     8  startup_cms32f033.o(.text)
    Reserved_IRQHandler                      0x000001cf   Thumb Code     2  startup_cms32f033.o(.text)
    ADC0_IRQHandler                          0x000001d1   Thumb Code     0  startup_cms32f033.o(.text)
    __user_initial_stackheap                 0x000001d5   Thumb Code     0  startup_cms32f033.o(.text)
    __2printf                                0x000001f9   Thumb Code    22  noretval__2printf.o(.text)
    __printf                                 0x00000215   Thumb Code   306  __printf_flags_wp.o(.text)
    __aeabi_memcpy                           0x0000034d   Thumb Code   130  rt_memcpy.o(.text)
    __rt_memcpy                              0x0000034d   Thumb Code     0  rt_memcpy.o(.text)
    __aeabi_uidiv                            0x000003cf   Thumb Code     0  aeabi_sdiv.o(.text)
    __aeabi_uidivmod                         0x000003cf   Thumb Code    20  aeabi_sdiv.o(.text)
    __aeabi_idiv                             0x000003e3   Thumb Code     0  aeabi_sdiv.o(.text)
    __aeabi_idivmod                          0x000003e3   Thumb Code   326  aeabi_sdiv.o(.text)
    __use_two_region_memory                  0x00000529   Thumb Code     2  heapauxi.o(.text)
    __rt_heap_escrow$2region                 0x0000052b   Thumb Code     2  heapauxi.o(.text)
    __rt_heap_expand$2region                 0x0000052d   Thumb Code     2  heapauxi.o(.text)
    __aeabi_d2f                              0x00000531   Thumb Code     0  d2f.o(.text)
    _d2f                                     0x00000531   Thumb Code   120  d2f.o(.text)
    __aeabi_dadd                             0x000008a5   Thumb Code     0  daddsub.o(.text)
    _dadd                                    0x000008a5   Thumb Code    26  daddsub.o(.text)
    __aeabi_dsub                             0x000008bf   Thumb Code     0  daddsub.o(.text)
    _dsub                                    0x000008bf   Thumb Code    22  daddsub.o(.text)
    __aeabi_drsub                            0x000008d5   Thumb Code     0  daddsub.o(.text)
    _drsb                                    0x000008d5   Thumb Code    28  daddsub.o(.text)
    __aeabi_ddiv                             0x00000905   Thumb Code     0  ddiv.o(.text)
    _ddiv                                    0x00000905   Thumb Code  1072  ddiv.o(.text)
    _drdiv                                   0x00000d35   Thumb Code    20  ddiv.o(.text)
    __aeabi_d2uiz                            0x00000d4d   Thumb Code     0  dfixui.o(.text)
    _dfixu                                   0x00000d4d   Thumb Code    68  dfixui.o(.text)
    __aeabi_i2d_normalise                    0x00000d95   Thumb Code    66  dflti.o(.text)
    __aeabi_i2d                              0x00000dd7   Thumb Code    16  dflti.o(.text)
    _dflt                                    0x00000dd7   Thumb Code     0  dflti.o(.text)
    __aeabi_ui2d                             0x00000de7   Thumb Code     6  dflti.o(.text)
    _dfltu                                   0x00000de7   Thumb Code     0  dflti.o(.text)
    __aeabi_dmul                             0x00000ded   Thumb Code     0  dmul.o(.text)
    _dmul                                    0x00000ded   Thumb Code   558  dmul.o(.text)
    __aeabi_f2d                              0x00001035   Thumb Code     0  f2d.o(.text)
    _f2d                                     0x00001035   Thumb Code    80  f2d.o(.text)
    __aeabi_fdiv                             0x00001089   Thumb Code     0  fdiv.o(.text)
    _fdiv                                    0x00001089   Thumb Code   334  fdiv.o(.text)
    _frdiv                                   0x000011d7   Thumb Code     8  fdiv.o(.text)
    __aeabi_f2uiz                            0x000011e9   Thumb Code     0  ffixui.o(.text)
    _ffixu                                   0x000011e9   Thumb Code    48  ffixui.o(.text)
    __aeabi_i2f_normalise                    0x00001219   Thumb Code    72  fflti.o(.text)
    __aeabi_i2f                              0x00001261   Thumb Code    16  fflti.o(.text)
    _fflt                                    0x00001261   Thumb Code     0  fflti.o(.text)
    __aeabi_ui2f                             0x00001271   Thumb Code     6  fflti.o(.text)
    _ffltu                                   0x00001271   Thumb Code     0  fflti.o(.text)
    __lib_sel_fp_printf                      0x00001279   Thumb Code     2  _printf_fp_dec.o(.text)
    _printf_fp_dec_real                      0x00001417   Thumb Code   620  _printf_fp_dec.o(.text)
    _printf_char_file                        0x00001691   Thumb Code    34  _printf_char_file.o(.text)
    __fpl_fcmp_InfNaN                        0x000016b9   Thumb Code    96  fcmpin.o(.text)
    __rt_locale                              0x0000171d   Thumb Code     8  rt_locale_intlibspace.o(.text)
    _ll_udiv10                               0x00001725   Thumb Code   122  lludiv10.o(.text)
    _printf_char_common                      0x000017ab   Thumb Code    32  _printf_char_common.o(.text)
    _printf_fp_infnan                        0x000017d1   Thumb Code   120  _printf_fp_infnan.o(.text)
    _btod_etento                             0x00001859   Thumb Code   210  bigflt0.o(.text)
    _btod_d2e                                0x00001931   Thumb Code    64  btod.o(.text)
    _btod_emul                               0x00001d65   Thumb Code    28  btod.o(.text)
    _btod_emuld                              0x00001d81   Thumb Code   144  btod.o(.text)
    _btod_ediv                               0x00001e11   Thumb Code    26  btod.o(.text)
    _btod_edivd                              0x00001e2b   Thumb Code   124  btod.o(.text)
    __rt_udiv10                              0x00001eb1   Thumb Code    40  rtudiv10.o(.text)
    __fpl_cmpreturn                          0x00001ed9   Thumb Code    46  cmpret.o(.text)
    __fpl_fcheck_NaN2                        0x00001f09   Thumb Code    10  fnan2.o(.text)
    __user_libspace                          0x00001f19   Thumb Code     8  libspace.o(.text)
    __user_perproc_libspace                  0x00001f19   Thumb Code     0  libspace.o(.text)
    __user_perthread_libspace                0x00001f19   Thumb Code     0  libspace.o(.text)
    __user_setup_stackheap                   0x00001f21   Thumb Code    62  sys_stackheap_outer.o(.text)
    exit                                     0x00001f5f   Thumb Code    16  exit.o(.text)
    strcmp                                   0x00001f71   Thumb Code   132  strcmp.o(.text)
    __fpl_return_NaN                         0x00001ff9   Thumb Code    94  retnan.o(.text)
    ACMP_ACMP0_Config                        0x00002059   Thumb Code   108  demo_acmp.o(i.ACMP_ACMP0_Config)
    ACMP_ClearIntFlag                        0x000020cd   Thumb Code    20  acmp.o(i.ACMP_ClearIntFlag)
    ACMP_ConfigEventAndIntMode               0x000020e1   Thumb Code    74  acmp.o(i.ACMP_ConfigEventAndIntMode)
    ACMP_ConfigHYS                           0x0000212b   Thumb Code   102  acmp.o(i.ACMP_ConfigHYS)
    ACMP_ConfigNegative                      0x00002191   Thumb Code   154  acmp.o(i.ACMP_ConfigNegative)
    ACMP_ConfigPositive                      0x0000222b   Thumb Code    84  acmp.o(i.ACMP_ConfigPositive)
    ACMP_DisableEventOut                     0x0000227f   Thumb Code    56  acmp.o(i.ACMP_DisableEventOut)
    ACMP_DisableReverseOutput                0x000022b7   Thumb Code    58  acmp.o(i.ACMP_DisableReverseOutput)
    ACMP_EnableFilter                        0x000022f1   Thumb Code    96  acmp.o(i.ACMP_EnableFilter)
    ACMP_EnableInt                           0x00002351   Thumb Code    30  acmp.o(i.ACMP_EnableInt)
    ACMP_GetIntFlag                          0x0000236f   Thumb Code    26  acmp.o(i.ACMP_GetIntFlag)
    ACMP_GetResult                           0x00002389   Thumb Code    44  acmp.o(i.ACMP_GetResult)
    ACMP_IRQHandler                          0x000023b5   Thumb Code    26  isr.o(i.ACMP_IRQHandler)
    ACMP_Start                               0x000023d5   Thumb Code    58  acmp.o(i.ACMP_Start)
    ADC1_ConfigCompare                       0x00002411   Thumb Code    62  adc1.o(i.ADC1_ConfigCompare)
    ADC1_ConfigRunMode                       0x00002455   Thumb Code    52  adc1.o(i.ADC1_ConfigRunMode)
    ADC1_EnableAdjust                        0x0000248d   Thumb Code    28  adc1.o(i.ADC1_EnableAdjust)
    ADC1_EnableCompare                       0x000024a9   Thumb Code    28  adc1.o(i.ADC1_EnableCompare)
    ADC1_EnableScanChannel                   0x000024c5   Thumb Code    22  adc1.o(i.ADC1_EnableScanChannel)
    ADC1_GetCompareResult                    0x000024db   Thumb Code    18  adc1.o(i.ADC1_GetCompareResult)
    ADC1_GetResult                           0x000024ed   Thumb Code    10  adc1.o(i.ADC1_GetResult)
    ADC1_IRQHandler                          0x00002519   Thumb Code     2  isr.o(i.ADC1_IRQHandler)
    ADC1_SetAN30Channel                      0x0000251b   Thumb Code    38  adc1.o(i.ADC1_SetAN30Channel)
    ADC1_Software_Trigger_Mode               0x00002541   Thumb Code    90  demo_adc1.o(i.ADC1_Software_Trigger_Mode)
    ADC1_Start                               0x000025a9   Thumb Code    28  adc1.o(i.ADC1_Start)
    ADC1_StartAdjust                         0x000025c5   Thumb Code    44  adc1.o(i.ADC1_StartAdjust)
    CCP_IRQHandler                           0x000025f1   Thumb Code     2  isr.o(i.CCP_IRQHandler)
    CalculateTemperature                     0x000025f5   Thumb Code   208  temp.o(i.CalculateTemperature)
    Check_State                              0x000026d1   Thumb Code  1122  main.o(i.Check_State)
    EPWM_IRQHandler                          0x00002b39   Thumb Code     2  isr.o(i.EPWM_IRQHandler)
    GPIO0_IRQHandler                         0x00002b3b   Thumb Code     2  isr.o(i.GPIO0_IRQHandler)
    GPIO1_IRQHandler                         0x00002b3d   Thumb Code    62  isr.o(i.GPIO1_IRQHandler)
    GPIO2_IRQHandler                         0x00002b7b   Thumb Code     2  isr.o(i.GPIO2_IRQHandler)
    GPIO3_IRQHandler                         0x00002b7d   Thumb Code     2  isr.o(i.GPIO3_IRQHandler)
    GPIO4_IRQHandler                         0x00002b7f   Thumb Code     2  isr.o(i.GPIO4_IRQHandler)
    GPIO_ClearIntFlag                        0x00002b81   Thumb Code    12  gpio.o(i.GPIO_ClearIntFlag)
    GPIO_Config                              0x00002b8d   Thumb Code    40  demo_gpio.o(i.GPIO_Config)
    GPIO_GetIntFlag                          0x00002bb9   Thumb Code    22  gpio.o(i.GPIO_GetIntFlag)
    GPIO_OFF_Config                          0x00002bd1   Thumb Code    64  demo_gpio.o(i.GPIO_OFF_Config)
    HardFault_Handler                        0x00002c15   Thumb Code     2  isr.o(i.HardFault_Handler)
    I2C0_IRQHandler                          0x00002c17   Thumb Code     2  isr.o(i.I2C0_IRQHandler)
    I_Float                                  0x00002c19   Thumb Code    86  main.o(i.I_Float)
    I_Set                                    0x00002c89   Thumb Code    28  main.o(i.I_Set)
    NMI_Handler                              0x00002cad   Thumb Code     2  isr.o(i.NMI_Handler)
    NRF24L01_Check                           0x00002cb1   Thumb Code    68  drv_rf24l01.o(i.NRF24L01_Check)
    NRF24L01_Gpio_Init                       0x00002cfd   Thumb Code   136  drv_rf24l01.o(i.NRF24L01_Gpio_Init)
    NRF24L01_Init                            0x00002d89   Thumb Code    34  drv_rf24l01.o(i.NRF24L01_Init)
    NRF24L01_Read_Buf                        0x00002dab   Thumb Code    74  drv_rf24l01.o(i.NRF24L01_Read_Buf)
    NRF24L01_Read_Reg                        0x00002df5   Thumb Code    56  drv_rf24l01.o(i.NRF24L01_Read_Reg)
    NRF24L01_RxPacket                        0x00002e2d   Thumb Code    54  drv_rf24l01.o(i.NRF24L01_RxPacket)
    NRF24L01_TxPacket                        0x00002e63   Thumb Code   116  drv_rf24l01.o(i.NRF24L01_TxPacket)
    NRF24L01_Write_Buf                       0x00002ed7   Thumb Code    72  drv_rf24l01.o(i.NRF24L01_Write_Buf)
    NRF24L01_Write_Reg                       0x00002f1f   Thumb Code    58  drv_rf24l01.o(i.NRF24L01_Write_Reg)
    OPA0_Config                              0x00002fd1   Thumb Code    82  demo_opa.o(i.OPA0_Config)
    OPA_ConfigNegative                       0x00003029   Thumb Code    16  opa.o(i.OPA_ConfigNegative)
    OPA_ConfigOutput                         0x00003039   Thumb Code    16  opa.o(i.OPA_ConfigOutput)
    OPA_ConfigPositive                       0x00003049   Thumb Code    16  opa.o(i.OPA_ConfigPositive)
    OPA_ConfigRunMode                        0x00003059   Thumb Code    16  opa.o(i.OPA_ConfigRunMode)
    OPA_Start                                0x00003069   Thumb Code    10  opa.o(i.OPA_Start)
    PGA_ConfigGain                           0x00003073   Thumb Code    18  pga.o(i.PGA_ConfigGain)
    PGA_ConfigPositive                       0x00003085   Thumb Code    16  pga.o(i.PGA_ConfigPositive)
    PGA_ConfigResistance                     0x00003099   Thumb Code    18  pga.o(i.PGA_ConfigResistance)
    PGA_PGA1_Config                          0x000030ad   Thumb Code    70  demo_pga.o(i.PGA_PGA1_Config)
    PGA_Start                                0x000030fd   Thumb Code    12  pga.o(i.PGA_Start)
    PendSV_Handler                           0x00003109   Thumb Code     2  isr.o(i.PendSV_Handler)
    RX_Mode                                  0x0000310d   Thumb Code   102  drv_rf24l01.o(i.RX_Mode)
    SSP0_IRQHandler                          0x00003179   Thumb Code     2  isr.o(i.SSP0_IRQHandler)
    SVC_Handler                              0x0000317b   Thumb Code     2  isr.o(i.SVC_Handler)
    SYS_CHK_IRQHandler                       0x0000317d   Thumb Code     2  isr.o(i.SYS_CHK_IRQHandler)
    SYS_ConfigAHBClock                       0x00003181   Thumb Code    50  system.o(i.SYS_ConfigAHBClock)
    SYS_ConfigAPBClock                       0x000031bd   Thumb Code    16  system.o(i.SYS_ConfigAPBClock)
    SYS_ConfigHSI                            0x000031cd   Thumb Code    32  system.o(i.SYS_ConfigHSI)
    SYS_EnableHSI                            0x000031f1   Thumb Code    24  system.o(i.SYS_EnableHSI)
    SYS_EnablePeripheralClk                  0x0000320d   Thumb Code    16  system.o(i.SYS_EnablePeripheralClk)
    SYS_GetHSIState                          0x0000321d   Thumb Code    12  system.o(i.SYS_GetHSIState)
    SysTick_Handler                          0x00003229   Thumb Code     2  isr.o(i.SysTick_Handler)
    SystemCoreClockUpdate                    0x0000322d   Thumb Code   150  system_cms32f033.o(i.SystemCoreClockUpdate)
    SystemInit                               0x000032e1   Thumb Code     8  system_cms32f033.o(i.SystemInit)
    TIMER0_IRQHandler                        0x000032e9   Thumb Code     2  isr.o(i.TIMER0_IRQHandler)
    TIMER1_IRQHandler                        0x000032eb   Thumb Code     2  isr.o(i.TIMER1_IRQHandler)
    TX_Mode                                  0x000032ed   Thumb Code   112  drv_rf24l01.o(i.TX_Mode)
    TX_TEMPER_1                              0x00003361   Thumb Code    96  temp.o(i.TX_TEMPER_1)
    UART0_IRQHandler                         0x000033d5   Thumb Code     2  isr.o(i.UART0_IRQHandler)
    UART1_IRQHandler                         0x000033d7   Thumb Code     2  isr.o(i.UART1_IRQHandler)
    UART_ConfigRunMode                       0x000033d9   Thumb Code    50  uart.o(i.UART_ConfigRunMode)
    UART_UART1_Config                        0x00003411   Thumb Code    42  demo_uart.o(i.UART_UART1_Config)
    V_Float                                  0x00003441   Thumb Code    74  temp.o(i.V_Float)
    V_Set                                    0x000034a5   Thumb Code    28  main.o(i.V_Set)
    Verge                                    0x000034c9   Thumb Code   800  main.o(i.Verge)
    WDT_IRQHandler                           0x0000382d   Thumb Code     2  isr.o(i.WDT_IRQHandler)
    WWDT_IRQHandler                          0x0000382f   Thumb Code     2  isr.o(i.WWDT_IRQHandler)
    __ARM_common_ll_muluu                    0x00003831   Thumb Code    48  btod.o(i.__ARM_common_ll_muluu)
    __ARM_fpclassify                         0x00003861   Thumb Code    40  fpclassify.o(i.__ARM_fpclassify)
    _is_digit                                0x0000388d   Thumb Code    14  __printf_wp.o(i._is_digit)
    _sys_exit                                0x0000389b   Thumb Code     4  retarget.o(i._sys_exit)
    check_test                               0x000038a1   Thumb Code   184  main.o(i.check_test)
    delay_init                               0x00003975   Thumb Code    66  delay.o(i.delay_init)
    delay_us                                 0x000039c9   Thumb Code    62  delay.o(i.delay_us)
    delay_xms                                0x00003a11   Thumb Code    24  delay.o(i.delay_xms)
    drv_spi_init                             0x00003a29   Thumb Code   240  drv_spi.o(i.drv_spi_init)
    drv_spi_read_write_byte                  0x00003b1d   Thumb Code   156  drv_spi.o(i.drv_spi_read_write_byte)
    ferror                                   0x00003bb9   Thumb Code     8  retarget.o(i.ferror)
    fputc                                    0x00003bc1   Thumb Code    52  retarget.o(i.fputc)
    main                                     0x00003bf5   Thumb Code   862  main.o(i.main)
    usCRC16                                  0x00003ff9   Thumb Code    46  crc_1.o(i.usCRC16)
    _get_lc_numeric                          0x00004031   Thumb Code    44  lc_numeric_c.o(locale$$code)
    __aeabi_fadd                             0x0000405d   Thumb Code     0  faddsub.o(x$fpl$fadd)
    _fadd                                    0x0000405d   Thumb Code   134  faddsub.o(x$fpl$fadd)
    __aeabi_cfcmple                          0x000040e9   Thumb Code     0  flef.o(x$fpl$fleqf)
    _fcmple                                  0x000040e9   Thumb Code    78  flef.o(x$fpl$fleqf)
    __aeabi_fmul                             0x0000413d   Thumb Code     0  fmul.o(x$fpl$fmul)
    _fmul                                    0x0000413d   Thumb Code   172  fmul.o(x$fpl$fmul)
    __aeabi_cfrcmple                         0x000041ed   Thumb Code     0  frlef.o(x$fpl$frleqf)
    _frcmple                                 0x000041ed   Thumb Code    84  frlef.o(x$fpl$frleqf)
    __aeabi_fsub                             0x00004245   Thumb Code     0  faddsub.o(x$fpl$fsub)
    _fsub                                    0x00004245   Thumb Code   204  faddsub.o(x$fpl$fsub)
    _printf_fp_dec                           0x00004315   Thumb Code    16  printf1.o(x$fpl$printf1)
    __I$use$fp                               0x00004324   Number         0  usenofp.o(x$fpl$usenofp)
    RTD_TAB_PT100                            0x00004524   Data         148  temp.o(.constdata)
    Region$$Table$$Base                      0x0000473c   Number         0  anon$$obj.o(Region$$Table)
    Region$$Table$$Limit                     0x0000475c   Number         0  anon$$obj.o(Region$$Table)
    SystemCoreClock                          0x20000000   Data           4  system_cms32f033.o(.data)
    SystemAPBClock                           0x20000004   Data           4  system_cms32f033.o(.data)
    CyclesPerUs                              0x20000008   Data           4  system_cms32f033.o(.data)
    __stdout                                 0x2000000c   Data           4  retarget.o(.data)
    __stdin                                  0x20000010   Data           4  retarget.o(.data)
    tx_status                                0x20000015   Data           1  main.o(.data)
    rx_status                                0x20000016   Data           1  main.o(.data)
    AdcCompareValue                          0x2000001c   Data           4  main.o(.data)
    ADC30Value                               0x20000020   Data           4  main.o(.data)
    ADC24Value                               0x20000024   Data           4  main.o(.data)
    system_start                             0x20000028   Data           1  main.o(.data)
    ACMP_Status                              0x20000029   Data           1  main.o(.data)
    V_I_envage_time                          0x2000002e   Data           1  main.o(.data)
    V_envage_state                           0x2000002f   Data           1  main.o(.data)
    Temp_Value                               0x2000003c   Data           4  main.o(.data)
    CRC_Value                                0x20000044   Data           2  main.o(.data)
    Time_Out                                 0x20000046   Data           2  main.o(.data)
    Time_Count                               0x20000048   Data           2  main.o(.data)
    Delay_Time_Out                           0x2000004a   Data           2  main.o(.data)
    Delay_Time_Count                         0x2000004c   Data           2  main.o(.data)
    ADC_Real_V_Value                         0x2000004e   Data           2  main.o(.data)
    ADC_Real_I_Value                         0x20000050   Data           2  main.o(.data)
    g_ErrorString                            0x20000058   Data           4  drv_rf24l01.o(.data)
    INIT_ADDR                                0x2000005c   Data           5  drv_rf24l01.o(.data)
    tx_buf                                   0x20000064   Data          10  main.o(.bss)
    rx_buf                                   0x2000006e   Data          10  main.o(.bss)
    __libspace_start                         0x20000078   Data          96  libspace.o(.bss)
    __temporary_stack_top$libspace           0x200000d8   Data           0  libspace.o(.bss)



==============================================================================

Memory Map of the image

  Image Entry point : 0x000000c1

  Load Region LR_IROM1 (Base: 0x00000000, Size: 0x000047dc, Max: 0x00008000, ABSOLUTE)

    Execution Region ER_IROM1 (Exec base: 0x00000000, Load base: 0x00000000, Size: 0x00004778, Max: 0x00008000, ABSOLUTE)

    Exec Addr    Load Addr    Size         Type   Attr      Idx    E Section Name        Object

    0x00000000   0x00000000   0x000000c0   Data   RO          101    RESET               startup_cms32f033.o
    0x000000c0   0x000000c0   0x00000008   Code   RO         1718  * !!!main             c_p.l(__main.o)
    0x000000c8   0x000000c8   0x0000003c   Code   RO         1964    !!!scatter          c_p.l(__scatter.o)
    0x00000104   0x00000104   0x0000001a   Code   RO         1966    !!handler_copy      c_p.l(__scatter_copy.o)
    0x0000011e   0x0000011e   0x00000002   PAD
    0x00000120   0x00000120   0x0000001c   Code   RO         1968    !!handler_zi        c_p.l(__scatter_zi.o)
    0x0000013c   0x0000013c   0x00000002   Code   RO         1707    .ARM.Collect$$_printf_percent$$00000000  c_p.l(_printf_percent.o)
    0x0000013e   0x0000013e   0x0000000a   Code   RO         1706    .ARM.Collect$$_printf_percent$$00000003  c_p.l(_printf_f.o)
    0x00000148   0x00000148   0x00000004   Code   RO         1765    .ARM.Collect$$_printf_percent$$00000017  c_p.l(_printf_percent_end.o)
    0x0000014c   0x0000014c   0x00000002   Code   RO         1838    .ARM.Collect$$libinit$$00000000  c_p.l(libinit.o)
    0x0000014e   0x0000014e   0x00000000   Code   RO         1840    .ARM.Collect$$libinit$$00000002  c_p.l(libinit2.o)
    0x0000014e   0x0000014e   0x00000000   Code   RO         1842    .ARM.Collect$$libinit$$00000004  c_p.l(libinit2.o)
    0x0000014e   0x0000014e   0x00000000   Code   RO         1845    .ARM.Collect$$libinit$$0000000A  c_p.l(libinit2.o)
    0x0000014e   0x0000014e   0x00000000   Code   RO         1847    .ARM.Collect$$libinit$$0000000C  c_p.l(libinit2.o)
    0x0000014e   0x0000014e   0x00000000   Code   RO         1849    .ARM.Collect$$libinit$$0000000E  c_p.l(libinit2.o)
    0x0000014e   0x0000014e   0x00000006   Code   RO         1850    .ARM.Collect$$libinit$$0000000F  c_p.l(libinit2.o)
    0x00000154   0x00000154   0x00000000   Code   RO         1852    .ARM.Collect$$libinit$$00000011  c_p.l(libinit2.o)
    0x00000154   0x00000154   0x00000000   Code   RO         1854    .ARM.Collect$$libinit$$00000013  c_p.l(libinit2.o)
    0x00000154   0x00000154   0x00000000   Code   RO         1856    .ARM.Collect$$libinit$$00000015  c_p.l(libinit2.o)
    0x00000154   0x00000154   0x0000000a   Code   RO         1857    .ARM.Collect$$libinit$$00000016  c_p.l(libinit2.o)
    0x0000015e   0x0000015e   0x00000000   Code   RO         1858    .ARM.Collect$$libinit$$00000017  c_p.l(libinit2.o)
    0x0000015e   0x0000015e   0x00000000   Code   RO         1860    .ARM.Collect$$libinit$$00000019  c_p.l(libinit2.o)
    0x0000015e   0x0000015e   0x00000000   Code   RO         1862    .ARM.Collect$$libinit$$0000001B  c_p.l(libinit2.o)
    0x0000015e   0x0000015e   0x00000000   Code   RO         1864    .ARM.Collect$$libinit$$0000001D  c_p.l(libinit2.o)
    0x0000015e   0x0000015e   0x00000000   Code   RO         1866    .ARM.Collect$$libinit$$0000001F  c_p.l(libinit2.o)
    0x0000015e   0x0000015e   0x00000000   Code   RO         1868    .ARM.Collect$$libinit$$00000021  c_p.l(libinit2.o)
    0x0000015e   0x0000015e   0x00000000   Code   RO         1870    .ARM.Collect$$libinit$$00000023  c_p.l(libinit2.o)
    0x0000015e   0x0000015e   0x00000000   Code   RO         1872    .ARM.Collect$$libinit$$00000025  c_p.l(libinit2.o)
    0x0000015e   0x0000015e   0x00000000   Code   RO         1876    .ARM.Collect$$libinit$$0000002C  c_p.l(libinit2.o)
    0x0000015e   0x0000015e   0x00000000   Code   RO         1878    .ARM.Collect$$libinit$$0000002E  c_p.l(libinit2.o)
    0x0000015e   0x0000015e   0x00000000   Code   RO         1880    .ARM.Collect$$libinit$$00000030  c_p.l(libinit2.o)
    0x0000015e   0x0000015e   0x00000000   Code   RO         1882    .ARM.Collect$$libinit$$00000032  c_p.l(libinit2.o)
    0x0000015e   0x0000015e   0x00000002   Code   RO         1883    .ARM.Collect$$libinit$$00000033  c_p.l(libinit2.o)
    0x00000160   0x00000160   0x00000002   Code   RO         1926    .ARM.Collect$$libshutdown$$00000000  c_p.l(libshutdown.o)
    0x00000162   0x00000162   0x00000000   Code   RO         1947    .ARM.Collect$$libshutdown$$00000002  c_p.l(libshutdown2.o)
    0x00000162   0x00000162   0x00000000   Code   RO         1949    .ARM.Collect$$libshutdown$$00000004  c_p.l(libshutdown2.o)
    0x00000162   0x00000162   0x00000000   Code   RO         1952    .ARM.Collect$$libshutdown$$00000007  c_p.l(libshutdown2.o)
    0x00000162   0x00000162   0x00000000   Code   RO         1955    .ARM.Collect$$libshutdown$$0000000A  c_p.l(libshutdown2.o)
    0x00000162   0x00000162   0x00000000   Code   RO         1957    .ARM.Collect$$libshutdown$$0000000C  c_p.l(libshutdown2.o)
    0x00000162   0x00000162   0x00000000   Code   RO         1960    .ARM.Collect$$libshutdown$$0000000F  c_p.l(libshutdown2.o)
    0x00000162   0x00000162   0x00000002   Code   RO         1961    .ARM.Collect$$libshutdown$$00000010  c_p.l(libshutdown2.o)
    0x00000164   0x00000164   0x00000000   Code   RO         1756    .ARM.Collect$$rtentry$$00000000  c_p.l(__rtentry.o)
    0x00000164   0x00000164   0x00000000   Code   RO         1770    .ARM.Collect$$rtentry$$00000002  c_p.l(__rtentry2.o)
    0x00000164   0x00000164   0x00000006   Code   RO         1782    .ARM.Collect$$rtentry$$00000004  c_p.l(__rtentry4.o)
    0x0000016a   0x0000016a   0x00000000   Code   RO         1772    .ARM.Collect$$rtentry$$00000009  c_p.l(__rtentry2.o)
    0x0000016a   0x0000016a   0x00000004   Code   RO         1773    .ARM.Collect$$rtentry$$0000000A  c_p.l(__rtentry2.o)
    0x0000016e   0x0000016e   0x00000000   Code   RO         1775    .ARM.Collect$$rtentry$$0000000C  c_p.l(__rtentry2.o)
    0x0000016e   0x0000016e   0x00000008   Code   RO         1776    .ARM.Collect$$rtentry$$0000000D  c_p.l(__rtentry2.o)
    0x00000176   0x00000176   0x00000002   Code   RO         1887    .ARM.Collect$$rtexit$$00000000  c_p.l(rtexit.o)
    0x00000178   0x00000178   0x00000000   Code   RO         1900    .ARM.Collect$$rtexit$$00000002  c_p.l(rtexit2.o)
    0x00000178   0x00000178   0x00000004   Code   RO         1901    .ARM.Collect$$rtexit$$00000003  c_p.l(rtexit2.o)
    0x0000017c   0x0000017c   0x00000006   Code   RO         1902    .ARM.Collect$$rtexit$$00000004  c_p.l(rtexit2.o)
    0x00000182   0x00000182   0x00000002   PAD
    0x00000184   0x00000184   0x00000038   Code   RO         1708    .emb_text           c_p.l(rt_memcpy.o)
    0x000001bc   0x000001bc   0x0000003c   Code   RO          102    .text               startup_cms32f033.o
    0x000001f8   0x000001f8   0x0000001c   Code   RO         1682    .text               c_p.l(noretval__2printf.o)
    0x00000214   0x00000214   0x00000138   Code   RO         1698    .text               c_p.l(__printf_flags_wp.o)
    0x0000034c   0x0000034c   0x00000082   Code   RO         1709    .text               c_p.l(rt_memcpy.o)
    0x000003ce   0x000003ce   0x0000015a   Code   RO         1712    .text               c_p.l(aeabi_sdiv.o)
    0x00000528   0x00000528   0x00000006   Code   RO         1716    .text               c_p.l(heapauxi.o)
    0x0000052e   0x0000052e   0x00000002   PAD
    0x00000530   0x00000530   0x0000007c   Code   RO         1720    .text               fz_ps.l(d2f.o)
    0x000005ac   0x000005ac   0x00000358   Code   RO         1722    .text               fz_ps.l(daddsub.o)
    0x00000904   0x00000904   0x00000448   Code   RO         1724    .text               fz_ps.l(ddiv.o)
    0x00000d4c   0x00000d4c   0x00000048   Code   RO         1727    .text               fz_ps.l(dfixui.o)
    0x00000d94   0x00000d94   0x00000058   Code   RO         1729    .text               fz_ps.l(dflti.o)
    0x00000dec   0x00000dec   0x00000248   Code   RO         1731    .text               fz_ps.l(dmul.o)
    0x00001034   0x00001034   0x00000054   Code   RO         1733    .text               fz_ps.l(f2d.o)
    0x00001088   0x00001088   0x00000160   Code   RO         1741    .text               fz_ps.l(fdiv.o)
    0x000011e8   0x000011e8   0x00000030   Code   RO         1744    .text               fz_ps.l(ffixui.o)
    0x00001218   0x00001218   0x0000005e   Code   RO         1746    .text               fz_ps.l(fflti.o)
    0x00001276   0x00001276   0x00000002   PAD
    0x00001278   0x00001278   0x00000418   Code   RO         1761    .text               c_p.l(_printf_fp_dec.o)
    0x00001690   0x00001690   0x00000028   Code   RO         1763    .text               c_p.l(_printf_char_file.o)
    0x000016b8   0x000016b8   0x00000064   Code   RO         1766    .text               fz_ps.l(fcmpin.o)
    0x0000171c   0x0000171c   0x00000008   Code   RO         1789    .text               c_p.l(rt_locale_intlibspace.o)
    0x00001724   0x00001724   0x0000007a   Code   RO         1791    .text               c_p.l(lludiv10.o)
    0x0000179e   0x0000179e   0x00000002   PAD
    0x000017a0   0x000017a0   0x00000030   Code   RO         1793    .text               c_p.l(_printf_char_common.o)
    0x000017d0   0x000017d0   0x00000088   Code   RO         1795    .text               c_p.l(_printf_fp_infnan.o)
    0x00001858   0x00001858   0x000000d8   Code   RO         1797    .text               c_p.l(bigflt0.o)
    0x00001930   0x00001930   0x00000580   Code   RO         1800    .text               c_p.l(btod.o)
    0x00001eb0   0x00001eb0   0x00000028   Code   RO         1807    .text               c_p.l(rtudiv10.o)
    0x00001ed8   0x00001ed8   0x0000002e   Code   RO         1809    .text               fz_ps.l(cmpret.o)
    0x00001f06   0x00001f06   0x00000002   PAD
    0x00001f08   0x00001f08   0x00000010   Code   RO         1811    .text               fz_ps.l(fnan2.o)
    0x00001f18   0x00001f18   0x00000008   Code   RO         1817    .text               c_p.l(libspace.o)
    0x00001f20   0x00001f20   0x0000003e   Code   RO         1820    .text               c_p.l(sys_stackheap_outer.o)
    0x00001f5e   0x00001f5e   0x00000010   Code   RO         1825    .text               c_p.l(exit.o)
    0x00001f6e   0x00001f6e   0x00000002   PAD
    0x00001f70   0x00001f70   0x00000088   Code   RO         1831    .text               c_p.l(strcmp.o)
    0x00001ff8   0x00001ff8   0x0000005e   Code   RO         1884    .text               fz_ps.l(retnan.o)
    0x00002056   0x00002056   0x00000002   PAD
    0x00002058   0x00002058   0x00000074   Code   RO         1560    i.ACMP_ACMP0_Config  demo_acmp.o
    0x000020cc   0x000020cc   0x00000014   Code   RO          921    i.ACMP_ClearIntFlag  acmp.o
    0x000020e0   0x000020e0   0x0000004a   Code   RO          922    i.ACMP_ConfigEventAndIntMode  acmp.o
    0x0000212a   0x0000212a   0x00000066   Code   RO          923    i.ACMP_ConfigHYS    acmp.o
    0x00002190   0x00002190   0x0000009a   Code   RO          924    i.ACMP_ConfigNegative  acmp.o
    0x0000222a   0x0000222a   0x00000054   Code   RO          925    i.ACMP_ConfigPositive  acmp.o
    0x0000227e   0x0000227e   0x00000038   Code   RO          927    i.ACMP_DisableEventOut  acmp.o
    0x000022b6   0x000022b6   0x0000003a   Code   RO          930    i.ACMP_DisableReverseOutput  acmp.o
    0x000022f0   0x000022f0   0x00000060   Code   RO          936    i.ACMP_EnableFilter  acmp.o
    0x00002350   0x00002350   0x0000001e   Code   RO          937    i.ACMP_EnableInt    acmp.o
    0x0000236e   0x0000236e   0x0000001a   Code   RO          939    i.ACMP_GetIntFlag   acmp.o
    0x00002388   0x00002388   0x0000002c   Code   RO          940    i.ACMP_GetResult    acmp.o
    0x000023b4   0x000023b4   0x00000020   Code   RO         1179    i.ACMP_IRQHandler   isr.o
    0x000023d4   0x000023d4   0x0000003a   Code   RO          941    i.ACMP_Start        acmp.o
    0x0000240e   0x0000240e   0x00000002   PAD
    0x00002410   0x00002410   0x00000044   Code   RO          737    i.ADC1_ConfigCompare  adc1.o
    0x00002454   0x00002454   0x00000038   Code   RO          738    i.ADC1_ConfigRunMode  adc1.o
    0x0000248c   0x0000248c   0x0000001c   Code   RO          745    i.ADC1_EnableAdjust  adc1.o
    0x000024a8   0x000024a8   0x0000001c   Code   RO          747    i.ADC1_EnableCompare  adc1.o
    0x000024c4   0x000024c4   0x00000016   Code   RO          751    i.ADC1_EnableScanChannel  adc1.o
    0x000024da   0x000024da   0x00000012   Code   RO          755    i.ADC1_GetCompareResult  adc1.o
    0x000024ec   0x000024ec   0x00000010   Code   RO          757    i.ADC1_GetResult    adc1.o
    0x000024fc   0x000024fc   0x0000001c   Code   RO         1067    i.ADC1_Go           main.o
    0x00002518   0x00002518   0x00000002   Code   RO         1180    i.ADC1_IRQHandler   isr.o
    0x0000251a   0x0000251a   0x00000026   Code   RO          758    i.ADC1_SetAN30Channel  adc1.o
    0x00002540   0x00002540   0x00000068   Code   RO         1535    i.ADC1_Software_Trigger_Mode  demo_adc1.o
    0x000025a8   0x000025a8   0x0000001c   Code   RO          759    i.ADC1_Start        adc1.o
    0x000025c4   0x000025c4   0x0000002c   Code   RO          760    i.ADC1_StartAdjust  adc1.o
    0x000025f0   0x000025f0   0x00000002   Code   RO         1181    i.CCP_IRQHandler    isr.o
    0x000025f2   0x000025f2   0x00000002   PAD
    0x000025f4   0x000025f4   0x000000dc   Code   RO         1644    i.CalculateTemperature  temp.o
    0x000026d0   0x000026d0   0x00000468   Code   RO         1068    i.Check_State       main.o
    0x00002b38   0x00002b38   0x00000002   Code   RO         1182    i.EPWM_IRQHandler   isr.o
    0x00002b3a   0x00002b3a   0x00000002   Code   RO         1183    i.GPIO0_IRQHandler  isr.o
    0x00002b3c   0x00002b3c   0x0000003e   Code   RO         1184    i.GPIO1_IRQHandler  isr.o
    0x00002b7a   0x00002b7a   0x00000002   Code   RO         1185    i.GPIO2_IRQHandler  isr.o
    0x00002b7c   0x00002b7c   0x00000002   Code   RO         1186    i.GPIO3_IRQHandler  isr.o
    0x00002b7e   0x00002b7e   0x00000002   Code   RO         1187    i.GPIO4_IRQHandler  isr.o
    0x00002b80   0x00002b80   0x0000000c   Code   RO          108    i.GPIO_ClearIntFlag  gpio.o
    0x00002b8c   0x00002b8c   0x0000002c   Code   RO         1332    i.GPIO_Config       demo_gpio.o
    0x00002bb8   0x00002bb8   0x00000016   Code   RO          114    i.GPIO_GetIntFlag   gpio.o
    0x00002bce   0x00002bce   0x00000002   PAD
    0x00002bd0   0x00002bd0   0x00000044   Code   RO         1333    i.GPIO_OFF_Config   demo_gpio.o
    0x00002c14   0x00002c14   0x00000002   Code   RO         1188    i.HardFault_Handler  isr.o
    0x00002c16   0x00002c16   0x00000002   Code   RO         1189    i.I2C0_IRQHandler   isr.o
    0x00002c18   0x00002c18   0x00000070   Code   RO         1069    i.I_Float           main.o
    0x00002c88   0x00002c88   0x00000024   Code   RO         1070    i.I_Set             main.o
    0x00002cac   0x00002cac   0x00000002   Code   RO         1190    i.NMI_Handler       isr.o
    0x00002cae   0x00002cae   0x00000002   PAD
    0x00002cb0   0x00002cb0   0x0000004c   Code   RO         1358    i.NRF24L01_Check    drv_rf24l01.o
    0x00002cfc   0x00002cfc   0x0000008c   Code   RO         1359    i.NRF24L01_Gpio_Init  drv_rf24l01.o
    0x00002d88   0x00002d88   0x00000022   Code   RO         1360    i.NRF24L01_Init     drv_rf24l01.o
    0x00002daa   0x00002daa   0x0000004a   Code   RO         1361    i.NRF24L01_Read_Buf  drv_rf24l01.o
    0x00002df4   0x00002df4   0x00000038   Code   RO         1362    i.NRF24L01_Read_Reg  drv_rf24l01.o
    0x00002e2c   0x00002e2c   0x00000036   Code   RO         1363    i.NRF24L01_RxPacket  drv_rf24l01.o
    0x00002e62   0x00002e62   0x00000074   Code   RO         1364    i.NRF24L01_TxPacket  drv_rf24l01.o
    0x00002ed6   0x00002ed6   0x00000048   Code   RO         1365    i.NRF24L01_Write_Buf  drv_rf24l01.o
    0x00002f1e   0x00002f1e   0x0000003a   Code   RO         1366    i.NRF24L01_Write_Reg  drv_rf24l01.o
    0x00002f58   0x00002f58   0x00000078   Code   RO         1561    i.NVIC_SetPriority  demo_acmp.o
    0x00002fd0   0x00002fd0   0x00000058   Code   RO         1494    i.OPA0_Config       demo_opa.o
    0x00003028   0x00003028   0x00000010   Code   RO          597    i.OPA_ConfigNegative  opa.o
    0x00003038   0x00003038   0x00000010   Code   RO          598    i.OPA_ConfigOutput  opa.o
    0x00003048   0x00003048   0x00000010   Code   RO          599    i.OPA_ConfigPositive  opa.o
    0x00003058   0x00003058   0x00000010   Code   RO          600    i.OPA_ConfigRunMode  opa.o
    0x00003068   0x00003068   0x0000000a   Code   RO          607    i.OPA_Start         opa.o
    0x00003072   0x00003072   0x00000012   Code   RO          683    i.PGA_ConfigGain    pga.o
    0x00003084   0x00003084   0x00000014   Code   RO          685    i.PGA_ConfigPositive  pga.o
    0x00003098   0x00003098   0x00000012   Code   RO          686    i.PGA_ConfigResistance  pga.o
    0x000030aa   0x000030aa   0x00000002   PAD
    0x000030ac   0x000030ac   0x00000050   Code   RO         1514    i.PGA_PGA1_Config   demo_pga.o
    0x000030fc   0x000030fc   0x0000000c   Code   RO          687    i.PGA_Start         pga.o
    0x00003108   0x00003108   0x00000002   Code   RO         1191    i.PendSV_Handler    isr.o
    0x0000310a   0x0000310a   0x00000002   PAD
    0x0000310c   0x0000310c   0x0000006c   Code   RO         1367    i.RX_Mode           drv_rf24l01.o
    0x00003178   0x00003178   0x00000002   Code   RO         1192    i.SSP0_IRQHandler   isr.o
    0x0000317a   0x0000317a   0x00000002   Code   RO         1193    i.SVC_Handler       isr.o
    0x0000317c   0x0000317c   0x00000002   Code   RO         1194    i.SYS_CHK_IRQHandler  isr.o
    0x0000317e   0x0000317e   0x00000002   PAD
    0x00003180   0x00003180   0x0000003c   Code   RO          177    i.SYS_ConfigAHBClock  system.o
    0x000031bc   0x000031bc   0x00000010   Code   RO          178    i.SYS_ConfigAPBClock  system.o
    0x000031cc   0x000031cc   0x00000024   Code   RO          180    i.SYS_ConfigHSI     system.o
    0x000031f0   0x000031f0   0x0000001c   Code   RO          188    i.SYS_EnableHSI     system.o
    0x0000320c   0x0000320c   0x00000010   Code   RO          190    i.SYS_EnablePeripheralClk  system.o
    0x0000321c   0x0000321c   0x0000000c   Code   RO          194    i.SYS_GetHSIState   system.o
    0x00003228   0x00003228   0x00000002   Code   RO         1195    i.SysTick_Handler   isr.o
    0x0000322a   0x0000322a   0x00000002   PAD
    0x0000322c   0x0000322c   0x000000b4   Code   RO            3    i.SystemCoreClockUpdate  system_cms32f033.o
    0x000032e0   0x000032e0   0x00000008   Code   RO            4    i.SystemInit        system_cms32f033.o
    0x000032e8   0x000032e8   0x00000002   Code   RO         1196    i.TIMER0_IRQHandler  isr.o
    0x000032ea   0x000032ea   0x00000002   Code   RO         1197    i.TIMER1_IRQHandler  isr.o
    0x000032ec   0x000032ec   0x00000074   Code   RO         1368    i.TX_Mode           drv_rf24l01.o
    0x00003360   0x00003360   0x00000074   Code   RO         1645    i.TX_TEMPER_1       temp.o
    0x000033d4   0x000033d4   0x00000002   Code   RO         1198    i.UART0_IRQHandler  isr.o
    0x000033d6   0x000033d6   0x00000002   Code   RO         1199    i.UART1_IRQHandler  isr.o
    0x000033d8   0x000033d8   0x00000038   Code   RO          385    i.UART_ConfigRunMode  uart.o
    0x00003410   0x00003410   0x00000030   Code   RO         1474    i.UART_UART1_Config  demo_uart.o
    0x00003440   0x00003440   0x00000064   Code   RO         1646    i.V_Float           temp.o
    0x000034a4   0x000034a4   0x00000024   Code   RO         1071    i.V_Set             main.o
    0x000034c8   0x000034c8   0x00000364   Code   RO         1072    i.Verge             main.o
    0x0000382c   0x0000382c   0x00000002   Code   RO         1200    i.WDT_IRQHandler    isr.o
    0x0000382e   0x0000382e   0x00000002   Code   RO         1201    i.WWDT_IRQHandler   isr.o
    0x00003830   0x00003830   0x00000030   Code   RO         1802    i.__ARM_common_ll_muluu  c_p.l(btod.o)
    0x00003860   0x00003860   0x0000002c   Code   RO         1815    i.__ARM_fpclassify  m_ps.l(fpclassify.o)
    0x0000388c   0x0000388c   0x0000000e   Code   RO         1696    i._is_digit         c_p.l(__printf_wp.o)
    0x0000389a   0x0000389a   0x00000004   Code   RO          334    i._sys_exit         retarget.o
    0x0000389e   0x0000389e   0x00000002   PAD
    0x000038a0   0x000038a0   0x000000d4   Code   RO         1073    i.check_test        main.o
    0x00003974   0x00003974   0x00000054   Code   RO         1610    i.delay_init        delay.o
    0x000039c8   0x000039c8   0x00000048   Code   RO         1611    i.delay_us          delay.o
    0x00003a10   0x00003a10   0x00000018   Code   RO         1612    i.delay_xms         delay.o
    0x00003a28   0x00003a28   0x000000f4   Code   RO         1442    i.drv_spi_init      drv_spi.o
    0x00003b1c   0x00003b1c   0x0000009c   Code   RO         1443    i.drv_spi_read_write_byte  drv_spi.o
    0x00003bb8   0x00003bb8   0x00000008   Code   RO          336    i.ferror            retarget.o
    0x00003bc0   0x00003bc0   0x00000034   Code   RO          338    i.fputc             retarget.o
    0x00003bf4   0x00003bf4   0x00000404   Code   RO         1074    i.main              main.o
    0x00003ff8   0x00003ff8   0x00000038   Code   RO         1588    i.usCRC16           crc_1.o
    0x00004030   0x00004030   0x0000002c   Code   RO         1805    locale$$code        c_p.l(lc_numeric_c.o)
    0x0000405c   0x0000405c   0x0000008c   Code   RO         1735    x$fpl$fadd          fz_ps.l(faddsub.o)
    0x000040e8   0x000040e8   0x00000054   Code   RO         1748    x$fpl$fleqf         fz_ps.l(flef.o)
    0x0000413c   0x0000413c   0x000000b0   Code   RO         1750    x$fpl$fmul          fz_ps.l(fmul.o)
    0x000041ec   0x000041ec   0x00000058   Code   RO         1752    x$fpl$frleqf        fz_ps.l(frlef.o)
    0x00004244   0x00004244   0x000000d0   Code   RO         1737    x$fpl$fsub          fz_ps.l(faddsub.o)
    0x00004314   0x00004314   0x00000010   Code   RO         1754    x$fpl$printf1       fz_ps.l(printf1.o)
    0x00004324   0x00004324   0x00000000   Code   RO         1768    x$fpl$usenofp       fz_ps.l(usenofp.o)
    0x00004324   0x00004324   0x00000200   Data   RO         1589    .constdata          crc_1.o
    0x00004524   0x00004524   0x00000094   Data   RO         1647    .constdata          temp.o
    0x000045b8   0x000045b8   0x00000011   Data   RO         1699    .constdata          c_p.l(__printf_flags_wp.o)
    0x000045c9   0x000045c9   0x00000080   Data   RO         1725    .constdata          fz_ps.l(ddiv.o)
    0x00004649   0x00004649   0x00000040   Data   RO         1742    .constdata          fz_ps.l(fdiv.o)
    0x00004689   0x00004689   0x00000003   PAD
    0x0000468c   0x0000468c   0x00000094   Data   RO         1798    .constdata          c_p.l(bigflt0.o)
    0x00004720   0x00004720   0x00000019   Data   RO         1369    .conststring        drv_rf24l01.o
    0x00004739   0x00004739   0x00000003   PAD
    0x0000473c   0x0000473c   0x00000020   Data   RO         1962    Region$$Table       anon$$obj.o
    0x0000475c   0x0000475c   0x0000001c   Data   RO         1804    locale$$data        c_p.l(lc_numeric_c.o)


    Execution Region RW_IRAM1 (Exec base: 0x20000000, Load base: 0x00004778, Size: 0x000009d8, Max: 0x00002000, ABSOLUTE)

    Exec Addr    Load Addr    Size         Type   Attr      Idx    E Section Name        Object

    0x20000000   0x00004778   0x0000000c   Data   RW            5    .data               system_cms32f033.o
    0x2000000c   0x00004784   0x00000008   Data   RW          339    .data               retarget.o
    0x20000014   0x0000478c   0x00000043   Data   RW         1076    .data               main.o
    0x20000057   0x000047cf   0x00000001   PAD
    0x20000058   0x000047d0   0x00000009   Data   RW         1370    .data               drv_rf24l01.o
    0x20000061   0x000047d9   0x00000001   Data   RW         1613    .data               delay.o
    0x20000062   0x000047da   0x00000002   PAD
    0x20000064        -       0x00000014   Zero   RW         1075    .bss                main.o
    0x20000078        -       0x00000060   Zero   RW         1818    .bss                c_p.l(libspace.o)
    0x200000d8        -       0x00000100   Zero   RW          100    HEAP                startup_cms32f033.o
    0x200001d8        -       0x00000800   Zero   RW           99    STACK               startup_cms32f033.o


==============================================================================

Image component sizes


      Code (inc. data)   RO Data    RW Data    ZI Data      Debug   Object Name

       802          0          0          0          0       7462   acmp.o
       346         16          0          0          0       5775   adc1.o
        56         10        512          0          0       1298   crc_1.o
       180         28          0          1          0       1960   delay.o
       236         18          0          0          0       6956   demo_acmp.o
       104         14          0          0          0        549   demo_adc1.o
       112          8          0          0          0        944   demo_gpio.o
        88          6          0          0          0        502   demo_opa.o
        80         10          0          0          0        518   demo_pga.o
        48          6          0          0          0        528   demo_uart.o
       904         22         25          9          0       7702   drv_rf24l01.o
       400          4          0          0          0       1197   drv_spi.o
        34          0          0          0          0      41954   gpio.o
       136          6          0          0          0      10375   isr.o
      3448        404          0         67         20      24417   main.o
        74          0          0          0          0       3285   opa.o
        68          4          0          0          0       2681   pga.o
        64          0          0          8          0       3671   retarget.o
        60         28        192          0       2304        708   startup_cms32f033.o
       168         18          0          0          0       3518   system.o
       188         30          0         12          0      46314   system_cms32f033.o
       436         58        148          0          0       2908   temp.o
        56          6          0          0          0       1213   uart.o

    ----------------------------------------------------------------------
      8106        696        912        100       2324     176435   Object Totals
         0          0         32          0          0          0   (incl. Generated)
        18          0          3          3          0          0   (incl. Padding)

    ----------------------------------------------------------------------

      Code (inc. data)   RO Data    RW Data    ZI Data      Debug   Library Member Name

         8          0          0          0          0         68   __main.o
       312          6         17          0          0         76   __printf_flags_wp.o
        14          0          0          0          0         60   __printf_wp.o
         0          0          0          0          0          0   __rtentry.o
        12          0          0          0          0          0   __rtentry2.o
         6          0          0          0          0          0   __rtentry4.o
        60          8          0          0          0          0   __scatter.o
        26          0          0          0          0          0   __scatter_copy.o
        28          0          0          0          0          0   __scatter_zi.o
        48          6          0          0          0         88   _printf_char_common.o
        40          6          0          0          0         72   _printf_char_file.o
        10          0          0          0          0          0   _printf_f.o
      1048         14          0          0          0        176   _printf_fp_dec.o
       136         16          0          0          0         76   _printf_fp_infnan.o
         2          0          0          0          0          0   _printf_percent.o
         4          0          0          0          0          0   _printf_percent_end.o
       346          0          0          0          0         92   aeabi_sdiv.o
       216          6        148          0          0         80   bigflt0.o
      1456         30          0          0          0        336   btod.o
        16          0          0          0          0         68   exit.o
         6          0          0          0          0        136   heapauxi.o
        44         10         28          0          0         76   lc_numeric_c.o
         2          0          0          0          0          0   libinit.o
        18          0          0          0          0          0   libinit2.o
         2          0          0          0          0          0   libshutdown.o
         2          0          0          0          0          0   libshutdown2.o
         8          4          0          0         96         68   libspace.o
       122          0          0          0          0         72   lludiv10.o
        28          6          0          0          0         84   noretval__2printf.o
         8          4          0          0          0         68   rt_locale_intlibspace.o
       186          0          0          0          0        144   rt_memcpy.o
         2          0          0          0          0          0   rtexit.o
        10          0          0          0          0          0   rtexit2.o
        40          0          0          0          0         60   rtudiv10.o
       136          4          0          0          0         72   strcmp.o
        62          0          0          0          0         80   sys_stackheap_outer.o
        46          0          0          0          0         60   cmpret.o
       124          4          0          0          0         72   d2f.o
       856         20          0          0          0        208   daddsub.o
      1096         26        128          0          0        112   ddiv.o
        72          4          0          0          0         68   dfixui.o
        88          0          0          0          0         92   dflti.o
       584         26          0          0          0         84   dmul.o
        84          4          0          0          0         60   f2d.o
       348          8          0          0          0        160   faddsub.o
       100          4          0          0          0         68   fcmpin.o
       352         10         64          0          0         92   fdiv.o
        48          0          0          0          0         60   ffixui.o
        94          0          0          0          0         92   fflti.o
        84          4          0          0          0         76   flef.o
       176          4          0          0          0         80   fmul.o
        16          6          0          0          0         68   fnan2.o
        88          4          0          0          0         76   frlef.o
        16          4          0          0          0         76   printf1.o
        94          0          0          0          0         68   retnan.o
         0          0          0          0          0          0   usenofp.o
        44          4          0          0          0         60   fpclassify.o

    ----------------------------------------------------------------------
      8890        252        388          0         96       3784   Library Totals
        16          0          3          0          0          0   (incl. Padding)

    ----------------------------------------------------------------------

      Code (inc. data)   RO Data    RW Data    ZI Data      Debug   Library Name

      4464        120        193          0         96       2052   c_p.l
      4366        128        192          0          0       1672   fz_ps.l
        44          4          0          0          0         60   m_ps.l

    ----------------------------------------------------------------------
      8890        252        388          0         96       3784   Library Totals

    ----------------------------------------------------------------------

==============================================================================


      Code (inc. data)   RO Data    RW Data    ZI Data      Debug   

     16996        948       1300        100       2420     173983   Grand Totals
     16996        948       1300        100       2420     173983   ELF Image Totals
     16996        948       1300        100          0          0   ROM Totals

==============================================================================

    Total RO  Size (Code + RO Data)                18296 (  17.87kB)
    Total RW  Size (RW Data + ZI Data)              2520 (   2.46kB)
    Total ROM Size (Code + RO Data + RW Data)      18396 (  17.96kB)

==============================================================================

