Component: ARM Compiler 5.06 update 6 (build 750) Tool: armlink [4d35ed]

==============================================================================

Section Cross References

    system_cms32f033.o(i.SystemCoreClockUpdate) refers to aeabi_sdiv.o(.text) for __aeabi_uidivmod
    system_cms32f033.o(i.SystemCoreClockUpdate) refers to system_cms32f033.o(.data) for SystemCoreClock
    system_cms32f033.o(i.SystemInit) refers to system_cms32f033.o(i.SystemCoreClockUpdate) for SystemCoreClockUpdate
    startup_cms32f033.o(STACK) refers (Special) to heapauxi.o(.text) for __use_two_region_memory
    startup_cms32f033.o(HEAP) refers (Special) to heapauxi.o(.text) for __use_two_region_memory
    startup_cms32f033.o(RESET) refers (Special) to heapauxi.o(.text) for __use_two_region_memory
    startup_cms32f033.o(RESET) refers to startup_cms32f033.o(STACK) for __initial_sp
    startup_cms32f033.o(RESET) refers to startup_cms32f033.o(.text) for Reset_Handler
    startup_cms32f033.o(RESET) refers to isr.o(i.NMI_Handler) for NMI_Handler
    startup_cms32f033.o(RESET) refers to isr.o(i.HardFault_Handler) for HardFault_Handler
    startup_cms32f033.o(RESET) refers to isr.o(i.SVC_Handler) for SVC_Handler
    startup_cms32f033.o(RESET) refers to isr.o(i.PendSV_Handler) for PendSV_Handler
    startup_cms32f033.o(RESET) refers to isr.o(i.SysTick_Handler) for SysTick_Handler
    startup_cms32f033.o(RESET) refers to isr.o(i.GPIO0_IRQHandler) for GPIO0_IRQHandler
    startup_cms32f033.o(RESET) refers to isr.o(i.GPIO1_IRQHandler) for GPIO1_IRQHandler
    startup_cms32f033.o(RESET) refers to isr.o(i.GPIO2_IRQHandler) for GPIO2_IRQHandler
    startup_cms32f033.o(RESET) refers to isr.o(i.GPIO3_IRQHandler) for GPIO3_IRQHandler
    startup_cms32f033.o(RESET) refers to isr.o(i.GPIO4_IRQHandler) for GPIO4_IRQHandler
    startup_cms32f033.o(RESET) refers to isr.o(i.CCP_IRQHandler) for CCP_IRQHandler
    startup_cms32f033.o(RESET) refers to isr.o(i.WWDT_IRQHandler) for WWDT_IRQHandler
    startup_cms32f033.o(RESET) refers to isr.o(i.EPWM_IRQHandler) for EPWM_IRQHandler
    startup_cms32f033.o(RESET) refers to isr.o(i.ADC1_IRQHandler) for ADC1_IRQHandler
    startup_cms32f033.o(RESET) refers to isr.o(i.ACMP_IRQHandler) for ACMP_IRQHandler
    startup_cms32f033.o(RESET) refers to isr.o(i.UART0_IRQHandler) for UART0_IRQHandler
    startup_cms32f033.o(RESET) refers to isr.o(i.UART1_IRQHandler) for UART1_IRQHandler
    startup_cms32f033.o(RESET) refers to isr.o(i.TIMER0_IRQHandler) for TIMER0_IRQHandler
    startup_cms32f033.o(RESET) refers to isr.o(i.TIMER1_IRQHandler) for TIMER1_IRQHandler
    startup_cms32f033.o(RESET) refers to isr.o(i.WDT_IRQHandler) for WDT_IRQHandler
    startup_cms32f033.o(RESET) refers to isr.o(i.I2C0_IRQHandler) for I2C0_IRQHandler
    startup_cms32f033.o(RESET) refers to isr.o(i.SSP0_IRQHandler) for SSP0_IRQHandler
    startup_cms32f033.o(RESET) refers to isr.o(i.SYS_CHK_IRQHandler) for SYS_CHK_IRQHandler
    startup_cms32f033.o(.text) refers (Special) to heapauxi.o(.text) for __use_two_region_memory
    startup_cms32f033.o(.text) refers to system_cms32f033.o(i.SystemInit) for SystemInit
    startup_cms32f033.o(.text) refers to __main.o(!!!main) for __main
    startup_cms32f033.o(.text) refers to startup_cms32f033.o(HEAP) for Heap_Mem
    startup_cms32f033.o(.text) refers to startup_cms32f033.o(STACK) for Stack_Mem
    gpio.o(i.GPIO_EnableInt) refers to gpio.o(i.__ARM_common_switch8) for __ARM_common_switch8
    system.o(i.SYS_ConfigAHBClock) refers to system.o(i.SYS_GetHSIState) for SYS_GetHSIState
    system.o(i.SYS_ConfigAHBClock) refers to system_cms32f033.o(i.SystemCoreClockUpdate) for SystemCoreClockUpdate
    system.o(i.SYS_ConfigAPBClock) refers to system_cms32f033.o(i.SystemCoreClockUpdate) for SystemCoreClockUpdate
    uart.o(i.UART_ConfigRunMode) refers to aeabi_sdiv.o(.text) for __aeabi_uidivmod
    uart.o(i.UART_ConfigRunMode) refers to system_cms32f033.o(.data) for SystemAPBClock
    opa.o(i.OPA_GetAutoAdjustResult) refers to opa.o(i.OPA_EnableAdjustMode) for OPA_EnableAdjustMode
    opa.o(i.OPA_GetAutoAdjustResult) refers to opa.o(i.OPA_Start) for OPA_Start
    opa.o(i.OPA_GetAutoAdjustResult) refers to opa.o(i.OPA_GetResult) for OPA_GetResult
    opa.o(i.OPA_GetAutoAdjustResult) refers to opa.o(i.OPA_DisableAdjustMode) for OPA_DisableAdjustMode
    opa.o(i.OPA_GetAutoAdjustResult) refers to opa.o(i.OPA_Stop) for OPA_Stop
    acmp.o(i.ACMP_EnableAutoAdjust) refers to acmp.o(i.ACMP_EnableAdjustMode) for ACMP_EnableAdjustMode
    acmp.o(i.ACMP_EnableAutoAdjust) refers to acmp.o(i.ACMP_Start) for ACMP_Start
    acmp.o(i.ACMP_EnableAutoAdjust) refers to acmp.o(i.ACMP_GetResult) for ACMP_GetResult
    acmp.o(i.ACMP_EnableAutoAdjust) refers to acmp.o(i.ACMP_DisableAdjustMode) for ACMP_DisableAdjustMode
    acmp.o(i.ACMP_EnableAutoAdjust) refers to acmp.o(i.ACMP_Stop) for ACMP_Stop
    main.o(i.Check_State) refers to temp.o(i.TX_TEMPER_1) for TX_TEMPER_1
[...]
    aucCRCLo                                 0x00005a48   Data         256  rs485.o(.constdata)
    .constdata                               0x00005b48   Section       17  __printf_flags_ss_wp.o(.constdata)
    maptable                                 0x00005b48   Data          17  __printf_flags_ss_wp.o(.constdata)
    .constdata                               0x00005b59   Section      128  ddiv.o(.constdata)
    ddiv_reciptbl                            0x00005b59   Data         128  ddiv.o(.constdata)
    .constdata                               0x00005bd9   Section       64  fdiv.o(.constdata)
    fdiv_tab                                 0x00005bd9   Data          64  fdiv.o(.constdata)
    .constdata                               0x00005c1c   Section        8  _printf_wctomb.o(.constdata)
    initial_mbstate                          0x00005c1c   Data           8  _printf_wctomb.o(.constdata)
    .constdata                               0x00005c24   Section       40  _printf_hex_int_ll_ptr.o(.constdata)
    uc_hextab                                0x00005c24   Data          20  _printf_hex_int_ll_ptr.o(.constdata)
    lc_hextab                                0x00005c38   Data          20  _printf_hex_int_ll_ptr.o(.constdata)
    .constdata                               0x00005c4c   Section       38  _printf_fp_hex.o(.constdata)
    lc_hextab                                0x00005c4c   Data          19  _printf_fp_hex.o(.constdata)
    uc_hextab                                0x00005c5f   Data          19  _printf_fp_hex.o(.constdata)
    .constdata                               0x00005c74   Section      148  bigflt0.o(.constdata)
    tenpwrs_x                                0x00005c74   Data          60  bigflt0.o(.constdata)
    tenpwrs_i                                0x00005cb0   Data          64  bigflt0.o(.constdata)
    .conststring                             0x00005d08   Section      164  main.o(.conststring)
    .conststring                             0x00005dac   Section       25  drv_rf24l01.o(.conststring)
    locale$$data                             0x00005de8   Section       28  lc_numeric_c.o(locale$$data)
    __lcnum_c_name                           0x00005dec   Data           2  lc_numeric_c.o(locale$$data)
    __lcnum_c_start                          0x00005df4   Data           0  lc_numeric_c.o(locale$$data)
    __lcnum_c_point                          0x00005e00   Data           0  lc_numeric_c.o(locale$$data)
    __lcnum_c_thousands                      0x00005e02   Data           0  lc_numeric_c.o(locale$$data)
    __lcnum_c_grouping                       0x00005e03   Data           0  lc_numeric_c.o(locale$$data)
    locale$$data                             0x00005e04   Section      272  lc_ctype_c.o(locale$$data)
    __lcnum_c_end                            0x00005e04   Data           0  lc_numeric_c.o(locale$$data)
    __lcctype_c_name                         0x00005e08   Data           2  lc_ctype_c.o(locale$$data)
    __lcctype_c_start                        0x00005e10   Data           0  lc_ctype_c.o(locale$$data)
    __lcctype_c_end                          0x00005f14   Data           0  lc_ctype_c.o(locale$$data)
    .data                                    0x20000000   Section       12  system_cms32f033.o(.data)
    .data                                    0x2000000c   Section        8  retarget.o(.data)
    .data                                    0x20000014   Section       69  main.o(.data)
    OVER_V_FLAG                              0x20000014   Data           1  main.o(.data)
    FALL_State                               0x20000018   Data           2  main.o(.data)
    STATE                                    0x2000001a   Data           1  main.o(.data)
    connect_time                             0x2000002c   Data           2  main.o(.data)
    V_CV_state                               0x2000002e   Data           1  main.o(.data)
    ADC_Value                                0x20000030   Data           4  main.o(.data)
    ADC_V_Value                              0x20000034   Data           4  main.o(.data)
    Time                                     0x2000003c   Data           2  main.o(.data)
    Temp_State                               0x2000003e   Data           1  main.o(.data)
    TX_RX_State                              0x2000003f   Data           1  main.o(.data)
    Flag_65                                  0x20000054   Data           1  main.o(.data)
    Flag_70                                  0x20000055   Data           1  main.o(.data)
    Flag_75                                  0x20000056   Data           1  main.o(.data)
    Flag_80                                  0x20000057   Data           1  main.o(.data)
    Set_ADC_State                            0x20000058   Data           1  main.o(.data)
    .data                                    0x2000005c   Section       12  isr.o(.data)
    U_IntID                                  0x2000005c   Data           4  isr.o(.data)
    U_LSRFlag                                0x20000060   Data           4  isr.o(.data)
    U_count                                  0x20000064   Data           4  isr.o(.data)
    .data                                    0x20000068   Section        9  drv_rf24l01.o(.data)
    .data                                    0x20000071   Section        1  delay.o(.data)
    fac_us                                   0x20000071   Data           1  delay.o(.data)
    .data                                    0x20000074   Section       41  rs485.o(.data)
    .bss                                     0x200000a0   Section       52  main.o(.bss)
    .bss                                     0x200000d4   Section      352  rs485.o(.bss)
    .bss                                     0x20000234   Section       96  libspace.o(.bss)
    HEAP                                     0x20000298   Section      256  startup_cms32f033.o(HEAP)
    Heap_Mem                                 0x20000298   Data         256  startup_cms32f033.o(HEAP)
    STACK                                    0x20000398   Section     2048  startup_cms32f033.o(STACK)
    Stack_Mem                                0x20000398   Data        2048  startup_cms32f033.o(STACK)
    __initial_sp                             0x20000b98   Data           0  startup_cms32f033.o(STACK)

    Global Symbols

    Symbol Name                              Value     Ov Type        Size  Object(Section)

    BuildAttributes$$THM_ISAv3M$S$PE$A:L22$X:L11$S22$IEEE1$IW$USESV6$~STKCKD$USESV7$~SHL$OTIME$ROPI$IEEEJ$EBA8$UX$STANDARDLIB$REQ8$PRES8$EABIv2 0x00000000   Number         0  anon$$obj.o ABSOLUTE
    __ARM_use_no_argv                        0x00000000   Number         0  main.o ABSOLUTE
    __Vectors                                0x00000000   Data           4  startup_cms32f033.o(RESET)
    _printf_flags                            0x00000000   Number         0  printf_stubs.o ABSOLUTE
    _printf_return_value                     0x00000000   Number         0  printf_stubs.o ABSOLUTE
    _printf_sizespec                         0x00000000   Number         0  printf_stubs.o ABSOLUTE
    _printf_widthprec                        0x00000000   Number         0  printf_stubs.o ABSOLUTE
    __ARM_exceptions_init                     - Undefined Weak Reference
    __alloca_initialize                       - Undefined Weak Reference
    __arm_preinit_                            - Undefined Weak Reference
    __cpp_initialize__aeabi_                  - Undefined Weak Reference
    __cxa_finalize                            - Undefined Weak Reference
    __sigvec_lookup                           - Undefined Weak Reference
    _atexit_init                              - Undefined Weak Reference
    _call_atexit_fns                          - Undefined Weak Reference
    _clock_init                               - Undefined Weak Reference
    _fp_trap_init                             - Undefined Weak Reference
    _fp_trap_shutdown                         - Undefined Weak Reference
    _get_lc_collate                           - Undefined Weak Reference
    _get_lc_monetary                          - Undefined Weak Reference
    _get_lc_time                              - Undefined Weak Reference
    _getenv_init                              - Undefined Weak Reference
    _handle_redirection                       - Undefined Weak Reference
    _init_alloc                               - Undefined Weak Reference
    _init_user_alloc                          - Undefined Weak Reference
    _initio                                   - Undefined Weak Reference
    _printf_mbtowc                            - Undefined Weak Reference
    _printf_wc                                - Undefined Weak Reference
    _rand_init                                - Undefined Weak Reference
    _signal_finish                            - Undefined Weak Reference
    _signal_init                              - Undefined Weak Reference
    _terminate_alloc                          - Undefined Weak Reference
    _terminate_user_alloc                     - Undefined Weak Reference
    _terminateio                              - Undefined Weak Reference
    __main                                   0x000000c1   Thumb Code     8  __main.o(!!!main)
    __scatterload                            0x000000c9   Thumb Code     0  __scatter.o(!!!scatter)
    __scatterload_rt2                        0x000000c9   Thumb Code    52  __scatter.o(!!!scatter)
    __scatterload_rt2_thumb_only             0x000000c9   Thumb Code     0  __scatter.o(!!!scatter)
    __scatterload_null                       0x000000d9   Thumb Code     0  __scatter.o(!!!scatter)
    __scatterload_copy                       0x00000105   Thumb Code    26  __scatter_copy.o(!!handler_copy)
    __scatterload_zeroinit                   0x00000121   Thumb Code    28  __scatter_zi.o(!!handler_zi)
    _printf_percent                          0x0000013d   Thumb Code     0  _printf_percent.o(.ARM.Collect$$_printf_percent$$00000000)
    _printf_n                                0x0000013f   Thumb Code     0  _printf_n.o(.ARM.Collect$$_printf_percent$$00000001)
    _printf_p                                0x00000149   Thumb Code     0  _printf_p.o(.ARM.Collect$$_printf_percent$$00000002)
    _printf_f                                0x00000153   Thumb Code     0  _printf_f.o(.ARM.Collect$$_printf_percent$$00000003)
    _printf_e                                0x0000015d   Thumb Code     0  _printf_e.o(.ARM.Collect$$_printf_percent$$00000004)
    _printf_g                                0x00000167   Thumb Code     0  _printf_g.o(.ARM.Collect$$_printf_percent$$00000005)
    _printf_a                                0x00000171   Thumb Code     0  _printf_a.o(.ARM.Collect$$_printf_percent$$00000006)
    _printf_ll                               0x0000017b   Thumb Code     0  _printf_ll.o(.ARM.Collect$$_printf_percent$$00000007)
    _printf_i                                0x00000185   Thumb Code     0  _printf_i.o(.ARM.Collect$$_printf_percent$$00000008)
    _printf_d                                0x0000018f   Thumb Code     0  _printf_d.o(.ARM.Collect$$_printf_percent$$00000009)
    _printf_u                                0x00000199   Thumb Code     0  _printf_u.o(.ARM.Collect$$_printf_percent$$0000000A)
    _printf_o                                0x000001a3   Thumb Code     0  _printf_o.o(.ARM.Collect$$_printf_percent$$0000000B)
    _printf_x                                0x000001ad   Thumb Code     0  _printf_x.o(.ARM.Collect$$_printf_percent$$0000000C)
    _printf_lli                              0x000001b7   Thumb Code     0  _printf_lli.o(.ARM.Collect$$_printf_percent$$0000000D)
    _printf_lld                              0x000001c1   Thumb Code     0  _printf_lld.o(.ARM.Collect$$_printf_percent$$0000000E)
    _printf_llu                              0x000001cb   Thumb Code     0  _printf_llu.o(.ARM.Collect$$_printf_percent$$0000000F)
    _printf_llo                              0x000001d5   Thumb Code     0  _printf_llo.o(.ARM.Collect$$_printf_percent$$00000010)
    _printf_llx                              0x000001df   Thumb Code     0  _printf_llx.o(.ARM.Collect$$_printf_percent$$00000011)
    _printf_l                                0x000001e9   Thumb Code     0  _printf_l.o(.ARM.Collect$$_printf_percent$$00000012)
    _printf_c                                0x000001f3   Thumb Code     0  _printf_c.o(.ARM.Collect$$_printf_percent$$00000013)
    _printf_s                                0x000001fd   Thumb Code     0  _printf_s.o(.ARM.Collect$$_printf_percent$$00000014)
    _printf_lc                               0x00000207   Thumb Code     0  _printf_lc.o(.ARM.Collect$$_printf_percent$$00000015)
    _printf_ls                               0x00000211   Thumb Code     0  _printf_ls.o(.ARM.Collect$$_printf_percent$$00000016)
    _printf_percent_end                      0x0000021b   Thumb Code     0  _printf_percent_end.o(.ARM.Collect$$_printf_percent$$00000017)
    __rt_lib_init                            0x0000021f   Thumb Code     0  libinit.o(.ARM.Collect$$libinit$$00000000)
    __rt_lib_init_fp_1                       0x00000221   Thumb Code     0  libinit2.o(.ARM.Collect$$libinit$$00000002)
    __rt_lib_init_heap_1                     0x00000221   Thumb Code     0  libinit2.o(.ARM.Collect$$libinit$$0000000A)
    __rt_lib_init_lc_common                  0x00000221   Thumb Code     0  libinit2.o(.ARM.Collect$$libinit$$0000000F)
    __rt_lib_init_preinit_1                  0x00000221   Thumb Code     0  libinit2.o(.ARM.Collect$$libinit$$00000004)
    __rt_lib_init_rand_1                     0x00000221   Thumb Code     0  libinit2.o(.ARM.Collect$$libinit$$0000000E)
    __rt_lib_init_user_alloc_1               0x00000221   Thumb Code     0  libinit2.o(.ARM.Collect$$libinit$$0000000C)
    __rt_lib_init_lc_collate_1               0x00000227   Thumb Code     0  libinit2.o(.ARM.Collect$$libinit$$00000011)
    __rt_lib_init_lc_ctype_2                 0x00000227   Thumb Code     0  libinit2.o(.ARM.Collect$$libinit$$00000012)
    __rt_lib_init_lc_ctype_1                 0x00000233   Thumb Code     0  libinit2.o(.ARM.Collect$$libinit$$00000013)
    __rt_lib_init_lc_monetary_1              0x00000233   Thumb Code     0  libinit2.o(.ARM.Collect$$libinit$$00000015)
    __rt_lib_init_lc_numeric_2               0x00000233   Thumb Code     0  libinit2.o(.ARM.Collect$$libinit$$00000016)
    __rt_lib_init_alloca_1                   0x0000023d   Thumb Code     0  libinit2.o(.ARM.Collect$$libinit$$0000002E)
    __rt_lib_init_argv_1                     0x0000023d   Thumb Code     0  libinit2.o(.ARM.Collect$$libinit$$0000002C)
    __rt_lib_init_atexit_1                   0x0000023d   Thumb Code     0  libinit2.o(.ARM.Collect$$libinit$$0000001B)
    __rt_lib_init_clock_1                    0x0000023d   Thumb Code     0  libinit2.o(.ARM.Collect$$libinit$$00000021)
    __rt_lib_init_cpp_1                      0x0000023d   Thumb Code     0  libinit2.o(.ARM.Collect$$libinit$$00000032)
    __rt_lib_init_exceptions_1               0x0000023d   Thumb Code     0  libinit2.o(.ARM.Collect$$libinit$$00000030)
    __rt_lib_init_fp_trap_1                  0x0000023d   Thumb Code     0  libinit2.o(.ARM.Collect$$libinit$$0000001F)
    __rt_lib_init_getenv_1                   0x0000023d   Thumb Code     0  libinit2.o(.ARM.Collect$$libinit$$00000023)
    __rt_lib_init_lc_numeric_1               0x0000023d   Thumb Code     0  libinit2.o(.ARM.Collect$$libinit$$00000017)
    __rt_lib_init_lc_time_1                  0x0000023d   Thumb Code     0  libinit2.o(.ARM.Collect$$libinit$$00000019)
    __rt_lib_init_return                     0x0000023d   Thumb Code     0  libinit2.o(.ARM.Collect$$libinit$$00000033)
    __rt_lib_init_signal_1                   0x0000023d   Thumb Code     0  libinit2.o(.ARM.Collect$$libinit$$0000001D)
    __rt_lib_init_stdio_1                    0x0000023d   Thumb Code     0  libinit2.o(.ARM.Collect$$libinit$$00000025)
    __rt_lib_shutdown                        0x0000023f   Thumb Code     0  libshutdown.o(.ARM.Collect$$libshutdown$$00000000)
    __rt_lib_shutdown_cpp_1                  0x00000241   Thumb Code     0  libshutdown2.o(.ARM.Collect$$libshutdown$$00000002)
    __rt_lib_shutdown_fp_trap_1              0x00000241   Thumb Code     0  libshutdown2.o(.ARM.Collect$$libshutdown$$00000007)
    __rt_lib_shutdown_heap_1                 0x00000241   Thumb Code     0  libshutdown2.o(.ARM.Collect$$libshutdown$$0000000F)
    __rt_lib_shutdown_return                 0x00000241   Thumb Code     0  libshutdown2.o(.ARM.Collect$$libshutdown$$00000010)
    __rt_lib_shutdown_signal_1               0x00000241   Thumb Code     0  libshutdown2.o(.ARM.Collect$$libshutdown$$0000000A)
    __rt_lib_shutdown_stdio_1                0x00000241   Thumb Code     0  libshutdown2.o(.ARM.Collect$$libshutdown$$00000004)
    __rt_lib_shutdown_user_alloc_1           0x00000241   Thumb Code     0  libshutdown2.o(.ARM.Collect$$libshutdown$$0000000C)
    __rt_entry                               0x00000243   Thumb Code     0  __rtentry.o(.ARM.Collect$$rtentry$$00000000)
    __rt_entry_presh_1                       0x00000243   Thumb Code     0  __rtentry2.o(.ARM.Collect$$rtentry$$00000002)
    __rt_entry_sh                            0x00000243   Thumb Code     0  __rtentry4.o(.ARM.Collect$$rtentry$$00000004)
    __rt_entry_li                            0x00000249   Thumb Code     0  __rtentry2.o(.ARM.Collect$$rtentry$$0000000A)
    __rt_entry_postsh_1                      0x00000249   Thumb Code     0  __rtentry2.o(.ARM.Collect$$rtentry$$00000009)
    __rt_entry_main                          0x0000024d   Thumb Code     0  __rtentry2.o(.ARM.Collect$$rtentry$$0000000D)
    __rt_entry_postli_1                      0x0000024d   Thumb Code     0  __rtentry2.o(.ARM.Collect$$rtentry$$0000000C)
    __rt_exit                                0x00000255   Thumb Code     0  rtexit.o(.ARM.Collect$$rtexit$$00000000)
    __rt_exit_ls                             0x00000257   Thumb Code     0  rtexit2.o(.ARM.Collect$$rtexit$$00000003)
    __rt_exit_prels_1                        0x00000257   Thumb Code     0  rtexit2.o(.ARM.Collect$$rtexit$$00000002)
    __rt_exit_exit                           0x0000025b   Thumb Code     0  rtexit2.o(.ARM.Collect$$rtexit$$00000004)
    __aeabi_memcpy4                          0x00000261   Thumb Code    56  rt_memcpy.o(.emb_text)
    __aeabi_memcpy8                          0x00000261   Thumb Code     0  rt_memcpy.o(.emb_text)
    Reset_Handler                            0x00000299   Thumb Code     8  startup_cms32f033.o(.text)
    Reserved_IRQHandler                      0x000002ab   Thumb Code     2  startup_cms32f033.o(.text)
    ADC0_IRQHandler                          0x000002ad   Thumb Code     0  startup_cms32f033.o(.text)
    __user_initial_stackheap                 0x000002b1   Thumb Code     0  startup_cms32f033.o(.text)
    vsnprintf                                0x000002d5   Thumb Code    50  vsnprintf.o(.text)
    __2printf                                0x0000030d   Thumb Code    22  __2printf.o(.text)
    _printf_str                              0x00000329   Thumb Code    82  _printf_str.o(.text)
    __printf                                 0x0000037d   Thumb Code   386  __printf_flags_ss_wp.o(.text)
    __aeabi_memcpy                           0x00000505   Thumb Code   130  rt_memcpy.o(.text)
    __rt_memcpy                              0x00000505   Thumb Code     0  rt_memcpy.o(.text)
    _memset_w                                0x00000587   Thumb Code    26  rt_memclr.o(.text)
    _memset                                  0x000005a1   Thumb Code    30  rt_memclr.o(.text)
    __aeabi_memclr                           0x000005bf   Thumb Code     4  rt_memclr.o(.text)
    __rt_memclr                              0x000005bf   Thumb Code     0  rt_memclr.o(.text)
    __aeabi_memclr4                          0x000005c3   Thumb Code     0  rt_memclr.o(.text)
    __aeabi_memclr8                          0x000005c3   Thumb Code     0  rt_memclr.o(.text)
    __rt_memclr_w                            0x000005c3   Thumb Code     4  rt_memclr.o(.text)
    __aeabi_uidiv                            0x000005c7   Thumb Code     0  aeabi_sdiv.o(.text)
    __aeabi_uidivmod                         0x000005c7   Thumb Code    20  aeabi_sdiv.o(.text)
    __aeabi_idiv                             0x000005db   Thumb Code     0  aeabi_sdiv.o(.text)
    __aeabi_idivmod                          0x000005db   Thumb Code   326  aeabi_sdiv.o(.text)
    __use_two_region_memory                  0x00000721   Thumb Code     2  heapauxi.o(.text)
    __rt_heap_escrow$2region                 0x00000723   Thumb Code     2  heapauxi.o(.text)
    __rt_heap_expand$2region                 0x00000725   Thumb Code     2  heapauxi.o(.text)
    __aeabi_d2f                              0x00000729   Thumb Code     0  d2f.o(.text)
    _d2f                                     0x00000729   Thumb Code   120  d2f.o(.text)
    __aeabi_dadd                             0x00000a9d   Thumb Code     0  daddsub.o(.text)
    _dadd                                    0x00000a9d   Thumb Code    26  daddsub.o(.text)
    __aeabi_dsub                             0x00000ab7   Thumb Code     0  daddsub.o(.text)
    _dsub                                    0x00000ab7   Thumb Code    22  daddsub.o(.text)
    __aeabi_drsub                            0x00000acd   Thumb Code     0  daddsub.o(.text)
    _drsb                                    0x00000acd   Thumb Code    28  daddsub.o(.text)
    __aeabi_ddiv                             0x00000afd   Thumb Code     0  ddiv.o(.text)
    _ddiv                                    0x00000afd   Thumb Code  1072  ddiv.o(.text)
    _drdiv                                   0x00000f2d   Thumb Code    20  ddiv.o(.text)
    __aeabi_d2uiz                            0x00000f45   Thumb Code     0  dfixui.o(.text)
    _dfixu                                   0x00000f45   Thumb Code    68  dfixui.o(.text)
    __aeabi_i2d_normalise                    0x00000f8d   Thumb Code    66  dflti.o(.text)
    __aeabi_i2d                              0x00000fcf   Thumb Code    16  dflti.o(.text)
    _dflt                                    0x00000fcf   Thumb Code     0  dflti.o(.text)
    __aeabi_ui2d                             0x00000fdf   Thumb Code     6  dflti.o(.text)
    _dfltu                                   0x00000fdf   Thumb Code     0  dflti.o(.text)
    __aeabi_dmul                             0x00000fe5   Thumb Code     0  dmul.o(.text)
    _dmul                                    0x00000fe5   Thumb Code   558  dmul.o(.text)
    __aeabi_f2d                              0x0000122d   Thumb Code     0  f2d.o(.text)
    _f2d                                     0x0000122d   Thumb Code    80  f2d.o(.text)
    __aeabi_fdiv                             0x00001281   Thumb Code     0  fdiv.o(.text)
    _fdiv                                    0x00001281   Thumb Code   334  fdiv.o(.text)
    _frdiv                                   0x000013cf   Thumb Code     8  fdiv.o(.text)
    __aeabi_f2uiz                            0x000013e1   Thumb Code     0  ffixui.o(.text)
    _ffixu                                   0x000013e1   Thumb Code    48  ffixui.o(.text)
    __aeabi_i2f_normalise                    0x00001411   Thumb Code    72  fflti.o(.text)
    __aeabi_i2f                              0x00001459   Thumb Code    16  fflti.o(.text)
    _fflt                                    0x00001459   Thumb Code     0  fflti.o(.text)
    __aeabi_ui2f                             0x00001469   Thumb Code     6  fflti.o(.text)
    _ffltu                                   0x00001469   Thumb Code     0  fflti.o(.text)
    _printf_pre_padding                      0x0000146f   Thumb Code    44  _printf_pad.o(.text)
    _printf_post_padding                     0x0000149b   Thumb Code    34  _printf_pad.o(.text)
    _printf_truncate_signed                  0x000014bd   Thumb Code    18  _printf_truncate.o(.text)
    _printf_truncate_unsigned                0x000014cf   Thumb Code    18  _printf_truncate.o(.text)
    _printf_int_dec                          0x000014e1   Thumb Code    90  _printf_dec.o(.text)
    _printf_charcount                        0x0000154d   Thumb Code    38  _printf_charcount.o(.text)
    _printf_char_common                      0x0000157f   Thumb Code    32  _printf_char_common.o(.text)
    _sputc                                   0x000015a5   Thumb Code    10  _sputc.o(.text)
    _snputc                                  0x000015af   Thumb Code    16  _snputc.o(.text)
    _printf_cs_common                        0x000015bf   Thumb Code    22  _printf_char.o(.text)
    _printf_char                             0x000015d5   Thumb Code    16  _printf_char.o(.text)
    _printf_string                           0x000015e5   Thumb Code     8  _printf_char.o(.text)
    _printf_char_file                        0x000015ed   Thumb Code    34  _printf_char_file.o(.text)
    _printf_wctomb                           0x00001615   Thumb Code   182  _printf_wctomb.o(.text)
    _printf_longlong_dec                     0x000016d1   Thumb Code    94  _printf_longlong_dec.o(.text)
    _printf_longlong_oct                     0x00001741   Thumb Code    68  _printf_oct_int_ll.o(.text)
    _printf_int_oct                          0x00001785   Thumb Code    24  _printf_oct_int_ll.o(.text)
    _printf_ll_oct                           0x0000179d   Thumb Code    10  _printf_oct_int_ll.o(.text)
    _printf_longlong_hex                     0x000017b1   Thumb Code    88  _printf_hex_int_ll_ptr.o(.text)
    _printf_int_hex                          0x00001809   Thumb Code    28  _printf_hex_int_ll_ptr.o(.text)
    _printf_ll_hex                           0x00001825   Thumb Code    10  _printf_hex_int_ll_ptr.o(.text)
    _printf_hex_ptr                          0x0000182f   Thumb Code    22  _printf_hex_int_ll_ptr.o(.text)
    __fpl_fcmp_InfNaN                        0x00001849   Thumb Code    96  fcmpin.o(.text)
    _ll_udiv10                               0x000018ad   Thumb Code   122  lludiv10.o(.text)
    _printf_int_common                       0x00001927   Thumb Code   176  _printf_intcommon.o(.text)
    __lib_sel_fp_printf                      0x000019d9   Thumb Code     2  _printf_fp_dec.o(.text)
    _printf_fp_dec_real                      0x00001b77   Thumb Code   620  _printf_fp_dec.o(.text)
    _printf_fp_hex_real                      0x00001df1   Thumb Code   718  _printf_fp_hex.o(.text)
    _printf_lcs_common                       0x000020c9   Thumb Code    22  _printf_wchar.o(.text)
    _printf_wchar                            0x000020df   Thumb Code    16  _printf_wchar.o(.text)
    _printf_wstring                          0x000020ef   Thumb Code     8  _printf_wchar.o(.text)
    _wcrtomb                                 0x000020f7   Thumb Code    64  _wcrtomb.o(.text)
    __rt_udiv10                              0x00002137   Thumb Code    40  rtudiv10.o(.text)
    __fpl_cmpreturn                          0x0000215f   Thumb Code    46  cmpret.o(.text)
    __fpl_fcheck_NaN2                        0x0000218d   Thumb Code    10  fnan2.o(.text)
    __user_setup_stackheap                   0x0000219d   Thumb Code    62  sys_stackheap_outer.o(.text)
    __rt_ctype_table                         0x000021dd   Thumb Code    16  rt_ctype_table.o(.text)
    __rt_locale                              0x000021ed   Thumb Code     8  rt_locale_intlibspace.o(.text)
    _printf_fp_infnan                        0x000021f5   Thumb Code   120  _printf_fp_infnan.o(.text)
    _btod_etento                             0x0000227d   Thumb Code   210  bigflt0.o(.text)
    _btod_d2e                                0x00002355   Thumb Code    64  btod.o(.text)
    _btod_emul                               0x00002789   Thumb Code    28  btod.o(.text)
    _btod_emuld                              0x000027a5   Thumb Code   144  btod.o(.text)
    _btod_ediv                               0x00002835   Thumb Code    26  btod.o(.text)
    _btod_edivd                              0x0000284f   Thumb Code   124  btod.o(.text)
    exit                                     0x000028d5   Thumb Code    16  exit.o(.text)
    __fpl_return_NaN                         0x000028e5   Thumb Code    94  retnan.o(.text)
    __user_libspace                          0x00002945   Thumb Code     8  libspace.o(.text)
    __user_perproc_libspace                  0x00002945   Thumb Code     0  libspace.o(.text)
    __user_perthread_libspace                0x00002945   Thumb Code     0  libspace.o(.text)
    strcmp                                   0x0000294d   Thumb Code   132  strcmp.o(.text)
    ACMP_ACMP0_Config                        0x000029d5   Thumb Code   108  demo_acmp.o(i.ACMP_ACMP0_Config)
    ACMP_ClearIntFlag                        0x00002a49   Thumb Code    20  acmp.o(i.ACMP_ClearIntFlag)
    ACMP_ConfigEventAndIntMode               0x00002a5d   Thumb Code    74  acmp.o(i.ACMP_ConfigEventAndIntMode)
    ACMP_ConfigHYS                           0x00002aa7   Thumb Code   102  acmp.o(i.ACMP_ConfigHYS)
    ACMP_ConfigNegative                      0x00002b0d   Thumb Code   154  acmp.o(i.ACMP_ConfigNegative)
    ACMP_ConfigPositive                      0x00002ba7   Thumb Code    84  acmp.o(i.ACMP_ConfigPositive)
    ACMP_DisableEventOut                     0x00002bfb   Thumb Code    56  acmp.o(i.ACMP_DisableEventOut)
    ACMP_DisableReverseOutput                0x00002c33   Thumb Code    58  acmp.o(i.ACMP_DisableReverseOutput)
    ACMP_EnableFilter                        0x00002c6d   Thumb Code    96  acmp.o(i.ACMP_EnableFilter)
    ACMP_EnableInt                           0x00002ccd   Thumb Code    30  acmp.o(i.ACMP_EnableInt)
    ACMP_GetIntFlag                          0x00002ceb   Thumb Code    26  acmp.o(i.ACMP_GetIntFlag)
    ACMP_GetResult                           0x00002d05   Thumb Code    44  acmp.o(i.ACMP_GetResult)
    ACMP_IRQHandler                          0x00002d31   Thumb Code    26  isr.o(i.ACMP_IRQHandler)
    ACMP_Start                               0x00002d51   Thumb Code    58  acmp.o(i.ACMP_Start)
    ADC1_ConfigCompare                       0x00002d8d   Thumb Code    62  adc1.o(i.ADC1_ConfigCompare)
    ADC1_ConfigRunMode                       0x00002dd1   Thumb Code    52  adc1.o(i.ADC1_ConfigRunMode)
    ADC1_EnableAdjust                        0x00002e09   Thumb Code    28  adc1.o(i.ADC1_EnableAdjust)
    ADC1_EnableCompare                       0x00002e25   Thumb Code    28  adc1.o(i.ADC1_EnableCompare)
    ADC1_EnableScanChannel                   0x00002e41   Thumb Code    22  adc1.o(i.ADC1_EnableScanChannel)
    ADC1_GetCompareResult                    0x00002e57   Thumb Code    18  adc1.o(i.ADC1_GetCompareResult)
    ADC1_GetResult                           0x00002e69   Thumb Code    10  adc1.o(i.ADC1_GetResult)
    ADC1_IRQHandler                          0x00002e95   Thumb Code     2  isr.o(i.ADC1_IRQHandler)
    ADC1_SetAN30Channel                      0x00002e97   Thumb Code    38  adc1.o(i.ADC1_SetAN30Channel)
    ADC1_Software_Trigger_Mode               0x00002ebd   Thumb Code    90  demo_adc1.o(i.ADC1_Software_Trigger_Mode)
    ADC1_Start                               0x00002f25   Thumb Code    28  adc1.o(i.ADC1_Start)
    ADC1_StartAdjust                         0x00002f41   Thumb Code    44  adc1.o(i.ADC1_StartAdjust)
    CCP_IRQHandler                           0x00002f6d   Thumb Code     2  isr.o(i.CCP_IRQHandler)
    CalculateTemperature                     0x00002f71   Thumb Code   208  temp.o(i.CalculateTemperature)
    Check_State                              0x0000304d   Thumb Code  1274  main.o(i.Check_State)
    Debug_Printf                             0x00003565   Thumb Code    44  demo_uart.o(i.Debug_Printf)
    EPWM_IRQHandler                          0x00003595   Thumb Code     2  isr.o(i.EPWM_IRQHandler)
    FMC_ErasePage                            0x00003599   Thumb Code    66  fmc.o(i.FMC_ErasePage)
    FMC_Read                                 0x000035e1   Thumb Code    30  fmc.o(i.FMC_Read)
    FMC_Write                                0x00003605   Thumb Code    72  fmc.o(i.FMC_Write)
    GPIO0_IRQHandler                         0x00003651   Thumb Code     2  isr.o(i.GPIO0_IRQHandler)
    GPIO1_IRQHandler                         0x00003653   Thumb Code    62  isr.o(i.GPIO1_IRQHandler)
    GPIO2_IRQHandler                         0x00003691   Thumb Code     2  isr.o(i.GPIO2_IRQHandler)
    GPIO3_IRQHandler                         0x00003693   Thumb Code     2  isr.o(i.GPIO3_IRQHandler)
    GPIO4_IRQHandler                         0x00003695   Thumb Code     2  isr.o(i.GPIO4_IRQHandler)
    GPIO_ClearIntFlag                        0x00003697   Thumb Code    12  gpio.o(i.GPIO_ClearIntFlag)
    GPIO_Config                              0x000036a5   Thumb Code    40  demo_gpio.o(i.GPIO_Config)
    GPIO_GetIntFlag                          0x000036d1   Thumb Code    22  gpio.o(i.GPIO_GetIntFlag)
    GPIO_OFF_Config                          0x000036e9   Thumb Code    64  demo_gpio.o(i.GPIO_OFF_Config)
    HardFault_Handler                        0x0000372d   Thumb Code     2  isr.o(i.HardFault_Handler)
    I2C0_IRQHandler                          0x0000372f   Thumb Code     2  isr.o(i.I2C0_IRQHandler)
    IN16_TO_IN32                             0x00003731   Thumb Code    48  rs485.o(i.IN16_TO_IN32)
    I_Float                                  0x00003765   Thumb Code    86  main.o(i.I_Float)
    I_Set                                    0x000037d5   Thumb Code    28  main.o(i.I_Set)
    Modbus_03_Solve                          0x000037f9   Thumb Code   218  rs485.o(i.Modbus_03_Solve)
    Modbus_06_Solve                          0x000038ed   Thumb Code   124  rs485.o(i.Modbus_06_Solve)
    Modbus_RegMap                            0x0000397d   Thumb Code   164  rs485.o(i.Modbus_RegMap)
    NMI_Handler                              0x00003a51   Thumb Code     2  isr.o(i.NMI_Handler)
    NRF24L01_Check                           0x00003a55   Thumb Code    68  drv_rf24l01.o(i.NRF24L01_Check)
    NRF24L01_Gpio_Init                       0x00003aa1   Thumb Code   136  drv_rf24l01.o(i.NRF24L01_Gpio_Init)
    NRF24L01_Init                            0x00003b2d   Thumb Code    34  drv_rf24l01.o(i.NRF24L01_Init)
    NRF24L01_Read_Buf                        0x00003b4f   Thumb Code    74  drv_rf24l01.o(i.NRF24L01_Read_Buf)
    NRF24L01_Read_Reg                        0x00003b99   Thumb Code    56  drv_rf24l01.o(i.NRF24L01_Read_Reg)
    NRF24L01_RxPacket                        0x00003bd1   Thumb Code    54  drv_rf24l01.o(i.NRF24L01_RxPacket)
    NRF24L01_TxPacket                        0x00003c07   Thumb Code   116  drv_rf24l01.o(i.NRF24L01_TxPacket)
    NRF24L01_Write_Buf                       0x00003c7b   Thumb Code    72  drv_rf24l01.o(i.NRF24L01_Write_Buf)
    NRF24L01_Write_Reg                       0x00003cc3   Thumb Code    58  drv_rf24l01.o(i.NRF24L01_Write_Reg)
    OPA0_Config                              0x00003e01   Thumb Code    82  demo_opa.o(i.OPA0_Config)
    OPA_ConfigNegative                       0x00003e59   Thumb Code    16  opa.o(i.OPA_ConfigNegative)
    OPA_ConfigOutput                         0x00003e69   Thumb Code    16  opa.o(i.OPA_ConfigOutput)
    OPA_ConfigPositive                       0x00003e79   Thumb Code    16  opa.o(i.OPA_ConfigPositive)
    OPA_ConfigRunMode                        0x00003e89   Thumb Code    16  opa.o(i.OPA_ConfigRunMode)
    OPA_Start                                0x00003e99   Thumb Code    10  opa.o(i.OPA_Start)
    PGA_ConfigGain                           0x00003ea3   Thumb Code    18  pga.o(i.PGA_ConfigGain)
    PGA_ConfigPositive                       0x00003eb5   Thumb Code    16  pga.o(i.PGA_ConfigPositive)
    PGA_ConfigResistance                     0x00003ec9   Thumb Code    18  pga.o(i.PGA_ConfigResistance)
    PGA_PGA1_Config                          0x00003edd   Thumb Code    70  demo_pga.o(i.PGA_PGA1_Config)
    PGA_Start                                0x00003f2d   Thumb Code    12  pga.o(i.PGA_Start)
    PendSV_Handler                           0x00003f39   Thumb Code     2  isr.o(i.PendSV_Handler)
    RS485_Anylize                            0x00003f3d   Thumb Code    80  rs485.o(i.RS485_Anylize)
    RS485_Init                               0x00003fad   Thumb Code    22  rs485.o(i.RS485_Init)
    RS485_Service                            0x00003fc9   Thumb Code   338  rs485.o(i.RS485_Service)
    RS_485_Push                              0x00004141   Thumb Code    78  main.o(i.RS_485_Push)
    RX_Mode                                  0x000041a5   Thumb Code   102  drv_rf24l01.o(i.RX_Mode)
    SSP0_IRQHandler                          0x00004211   Thumb Code     2  isr.o(i.SSP0_IRQHandler)
    STMFLASH_Read                            0x00004213   Thumb Code    88  rs485.o(i.STMFLASH_Read)
    STMFLASH_Write                           0x0000426d   Thumb Code    70  rs485.o(i.STMFLASH_Write)
    SVC_Handler                              0x000042bd   Thumb Code     2  isr.o(i.SVC_Handler)
    SYS_CHK_IRQHandler                       0x000042bf   Thumb Code     2  isr.o(i.SYS_CHK_IRQHandler)
    SYS_ConfigAHBClock                       0x000042c1   Thumb Code    50  system.o(i.SYS_ConfigAHBClock)
    SYS_ConfigAPBClock                       0x000042fd   Thumb Code    16  system.o(i.SYS_ConfigAPBClock)
    SYS_ConfigHSI                            0x0000430d   Thumb Code    32  system.o(i.SYS_ConfigHSI)
    SYS_EnableHSI                            0x00004331   Thumb Code    24  system.o(i.SYS_EnableHSI)
    SYS_EnablePeripheralClk                  0x0000434d   Thumb Code    16  system.o(i.SYS_EnablePeripheralClk)
    SYS_GetHSIState                          0x0000435d   Thumb Code    12  system.o(i.SYS_GetHSIState)
    Setting_baud                             0x00004369   Thumb Code    74  rs485.o(i.Setting_baud)
    SoftReset                                0x000043b5   Thumb Code    34  rs485.o(i.SoftReset)
    SysTick_Handler                          0x000043e1   Thumb Code     2  isr.o(i.SysTick_Handler)
    SystemCoreClockUpdate                    0x000043e5   Thumb Code   150  system_cms32f033.o(i.SystemCoreClockUpdate)
    SystemInit                               0x00004499   Thumb Code     8  system_cms32f033.o(i.SystemInit)
    TIMER0_IRQHandler                        0x000044a1   Thumb Code     2  isr.o(i.TIMER0_IRQHandler)
    TIMER1_IRQHandler                        0x000044a3   Thumb Code     2  isr.o(i.TIMER1_IRQHandler)
    TX_Mode                                  0x000044a5   Thumb Code   112  drv_rf24l01.o(i.TX_Mode)
    TX_TEMPER_1                              0x00004519   Thumb Code    96  temp.o(i.TX_TEMPER_1)
    UART0_IRQHandler                         0x0000458d   Thumb Code     2  isr.o(i.UART0_IRQHandler)
    UART1_IRQHandler                         0x00004591   Thumb Code   200  isr.o(i.UART1_IRQHandler)
    UART_ConfigRunMode                       0x00004679   Thumb Code    50  uart.o(i.UART_ConfigRunMode)
    UART_EnableAuto                          0x000046b1   Thumb Code    10  uart.o(i.UART_EnableAuto)
    UART_EnableFIFO                          0x000046bb   Thumb Code    24  uart.o(i.UART_EnableFIFO)
    UART_EnableRBRInt                        0x000046d3   Thumb Code    10  uart.o(i.UART_EnableRBRInt)
    UART_EnableTHREInt                       0x000046dd   Thumb Code    10  uart.o(i.UART_EnableTHREInt)
    UART_ReadRBR                             0x000046e7   Thumb Code     6  uart.o(i.UART_ReadRBR)
    UART_UART1_Config                        0x000046ed   Thumb Code   110  demo_uart.o(i.UART_UART1_Config)
    UART_WriteTHR                            0x00004765   Thumb Code     4  uart.o(i.UART_WriteTHR)
    USART2_CommSendAtStr                     0x00004769   Thumb Code    64  rs485.o(i.USART2_CommSendAtStr)
    V_Float                                  0x000047ad   Thumb Code    74  temp.o(i.V_Float)
    V_Set                                    0x00004809   Thumb Code    28  main.o(i.V_Set)
    Verge                                    0x0000482d   Thumb Code   910  main.o(i.Verge)
    WDT_IRQHandler                           0x00004c05   Thumb Code     2  isr.o(i.WDT_IRQHandler)
    WWDT_IRQHandler                          0x00004c07   Thumb Code     2  isr.o(i.WWDT_IRQHandler)
    __ARM_common_ll_muluu                    0x00004c09   Thumb Code    48  btod.o(i.__ARM_common_ll_muluu)
    __ARM_common_switch8                     0x00004c39   Thumb Code    28  gpio.o(i.__ARM_common_switch8)
    __ARM_fpclassify                         0x00004c55   Thumb Code    40  fpclassify.o(i.__ARM_fpclassify)
    _is_digit                                0x00004c81   Thumb Code    14  __printf_wp.o(i._is_digit)
    _sys_exit                                0x00004c8f   Thumb Code     4  retarget.o(i._sys_exit)
    check_test                               0x00004c95   Thumb Code   346  main.o(i.check_test)
    delay_init                               0x00004e29   Thumb Code    66  delay.o(i.delay_init)
    delay_us                                 0x00004e7d   Thumb Code    62  delay.o(i.delay_us)
    delay_xms                                0x00004ec5   Thumb Code    24  delay.o(i.delay_xms)
    drv_spi_init                             0x00004edd   Thumb Code   240  drv_spi.o(i.drv_spi_init)
    drv_spi_read_write_byte                  0x00004fd1   Thumb Code   156  drv_spi.o(i.drv_spi_read_write_byte)
    ferror                                   0x0000506d   Thumb Code     8  retarget.o(i.ferror)
    fputc                                    0x00005075   Thumb Code    52  retarget.o(i.fputc)
    main                                     0x000050a9   Thumb Code   918  main.o(i.main)
    usCRC16                                  0x000054f9   Thumb Code    46  rs485.o(i.usCRC16)
    _get_lc_numeric                          0x00005531   Thumb Code    44  lc_numeric_c.o(locale$$code)
    _get_lc_ctype                            0x0000555d   Thumb Code    44  lc_ctype_c.o(locale$$code)
    __aeabi_fadd                             0x00005589   Thumb Code     0  faddsub.o(x$fpl$fadd)
    _fadd                                    0x00005589   Thumb Code   134  faddsub.o(x$fpl$fadd)
    __aeabi_cfcmpeq                          0x00005615   Thumb Code     0  feqf.o(x$fpl$feqf)
    _fcmpeq                                  0x00005615   Thumb Code    78  feqf.o(x$fpl$feqf)
    __aeabi_cfcmple                          0x00005669   Thumb Code     0  flef.o(x$fpl$fleqf)
    _fcmple                                  0x00005669   Thumb Code    78  flef.o(x$fpl$fleqf)
    __aeabi_fmul                             0x000056bd   Thumb Code     0  fmul.o(x$fpl$fmul)
    _fmul                                    0x000056bd   Thumb Code   172  fmul.o(x$fpl$fmul)
    __aeabi_cfrcmple                         0x0000576d   Thumb Code     0  frlef.o(x$fpl$frleqf)
    _frcmple                                 0x0000576d   Thumb Code    84  frlef.o(x$fpl$frleqf)
    __aeabi_fsub                             0x000057c5   Thumb Code     0  faddsub.o(x$fpl$fsub)
    _fsub                                    0x000057c5   Thumb Code   204  faddsub.o(x$fpl$fsub)
    _printf_fp_dec                           0x00005895   Thumb Code    16  printf1.o(x$fpl$printf1)
    _printf_fp_hex                           0x000058a5   Thumb Code    16  printf2.o(x$fpl$printf2)
    RTD_TAB_PT100                            0x000058b4   Data         148  temp.o(.constdata)
    __I$use$fp                               0x000058b4   Number         0  usenofp.o(x$fpl$usenofp)
    Region$$Table$$Base                      0x00005dc8   Number         0  anon$$obj.o(Region$$Table)
    Region$$Table$$Limit                     0x00005de8   Number         0  anon$$obj.o(Region$$Table)
    __ctype                                  0x00005e11   Data           0  lc_ctype_c.o(locale$$data)
    SystemCoreClock                          0x20000000   Data           4  system_cms32f033.o(.data)
    SystemAPBClock                           0x20000004   Data           4  system_cms32f033.o(.data)
    CyclesPerUs                              0x20000008   Data           4  system_cms32f033.o(.data)
    __stdout                                 0x2000000c   Data           4  retarget.o(.data)
    __stdin                                  0x20000010   Data           4  retarget.o(.data)
    RS485_FLAG                               0x20000015   Data           1  main.o(.data)
    tx_status                                0x20000016   Data           1  main.o(.data)
    rx_status                                0x20000017   Data           1  main.o(.data)
    AdcCompareValue                          0x2000001c   Data           4  main.o(.data)
    ADC30Value                               0x20000020   Data           4  main.o(.data)
    ADC24Value                               0x20000024   Data           4  main.o(.data)
    system_start                             0x20000028   Data           1  main.o(.data)
    ACMP_Status                              0x20000029   Data           1  main.o(.data)
    V_V_time                                 0x2000002a   Data           1  main.o(.data)
    V_envage_state                           0x2000002b   Data           1  main.o(.data)
    Temp_Value                               0x20000038   Data           4  main.o(.data)
    CRC_Value                                0x20000040   Data           2  main.o(.data)
    Time_Out                                 0x20000042   Data           2  main.o(.data)
    Time_Count                               0x20000044   Data           2  main.o(.data)
    Delay_Time_Out                           0x20000046   Data           2  main.o(.data)
    Delay_Time_Count                         0x20000048   Data           2  main.o(.data)
    ADC_Real_V_Value                         0x2000004a   Data           2  main.o(.data)
    ADC_Real_I_Value                         0x2000004c   Data           2  main.o(.data)
    U_RxdFlag                                0x20000050   Data           4  main.o(.data)
    g_ErrorString                            0x20000068   Data           4  drv_rf24l01.o(.data)
    INIT_ADDR                                0x2000006c   Data           5  drv_rf24l01.o(.data)
    RX_Uout_H                                0x20000074   Data           2  rs485.o(.data)
    RX_Uout_L                                0x20000076   Data           2  rs485.o(.data)
    RX_Iout                                  0x20000078   Data           2  rs485.o(.data)
    RX_Power                                 0x2000007a   Data           2  rs485.o(.data)
    TX_Buf                                   0x2000007c   Data           8  rs485.o(.data)
    TX_Status                                0x20000084   Data           2  rs485.o(.data)
    eeprom_flag                              0x20000086   Data           2  rs485.o(.data)
    startRegAddr                             0x20000088   Data           2  rs485.o(.data)
    RegNum                                   0x2000008a   Data           2  rs485.o(.data)
    calCRC                                   0x2000008c   Data           2  rs485.o(.data)
    RS485_Addr                               0x2000008e   Data           1  rs485.o(.data)
    baud                                     0x2000008f   Data           1  rs485.o(.data)
    DATA_StartAddr                           0x20000090   Data           4  rs485.o(.data)
    DATA_StopAddr                            0x20000094   Data           4  rs485.o(.data)
    U_TxdFlag                                0x20000098   Data           4  rs485.o(.data)
    RS485_Lenth                              0x2000009c   Data           1  rs485.o(.data)
    tx_buf                                   0x200000a0   Data          10  main.o(.bss)
    rx_buf                                   0x200000aa   Data          10  main.o(.bss)
    U_ReceiveData                            0x200000b4   Data          32  main.o(.bss)
    RXparameter                              0x200000d4   Data          20  rs485.o(.bss)
    Buffer_Rx                                0x200000e8   Data         130  rs485.o(.bss)
    Buffer_Tx                                0x2000016a   Data         130  rs485.o(.bss)
    Modbus_HoldReg                           0x200001ec   Data          40  rs485.o(.bss)
    DATA_DataTab                             0x20000214   Data          32  rs485.o(.bss)
    __libspace_start                         0x20000234   Data          96  libspace.o(.bss)
    __temporary_stack_top$libspace           0x20000294   Data           0  libspace.o(.bss)



==============================================================================

Memory Map of the image

  Image Entry point : 0x000000c1

  Load Region LR_IROM1 (Base: 0x00000000, Size: 0x00005fb4, Max: 0x00008000, ABSOLUTE)

    Execution Region ER_IROM1 (Exec base: 0x00000000, Load base: 0x00000000, Size: 0x00005f14, Max: 0x00008000, ABSOLUTE)

    Exec Addr    Load Addr    Size         Type   Attr      Idx    E Section Name        Object

    0x00000000   0x00000000   0x000000c0   Data   RO          101    RESET               startup_cms32f033.o
    0x000000c0   0x000000c0   0x00000008   Code   RO         1892  * !!!main             c_p.l(__main.o)
    0x000000c8   0x000000c8   0x0000003c   Code   RO         2227    !!!scatter          c_p.l(__scatter.o)
    0x00000104   0x00000104   0x0000001a   Code   RO         2229    !!handler_copy      c_p.l(__scatter_copy.o)
    0x0000011e   0x0000011e   0x00000002   PAD
    0x00000120   0x00000120   0x0000001c   Code   RO         2231    !!handler_zi        c_p.l(__scatter_zi.o)
    0x0000013c   0x0000013c   0x00000002   Code   RO         1879    .ARM.Collect$$_printf_percent$$00000000  c_p.l(_printf_percent.o)
    0x0000013e   0x0000013e   0x0000000a   Code   RO         1986    .ARM.Collect$$_printf_percent$$00000001  c_p.l(_printf_n.o)
    0x00000148   0x00000148   0x0000000a   Code   RO         1988    .ARM.Collect$$_printf_percent$$00000002  c_p.l(_printf_p.o)
    0x00000152   0x00000152   0x0000000a   Code   RO         1993    .ARM.Collect$$_printf_percent$$00000003  c_p.l(_printf_f.o)
    0x0000015c   0x0000015c   0x0000000a   Code   RO         1994    .ARM.Collect$$_printf_percent$$00000004  c_p.l(_printf_e.o)
    0x00000166   0x00000166   0x0000000a   Code   RO         1995    .ARM.Collect$$_printf_percent$$00000005  c_p.l(_printf_g.o)
    0x00000170   0x00000170   0x0000000a   Code   RO         1996    .ARM.Collect$$_printf_percent$$00000006  c_p.l(_printf_a.o)
    0x0000017a   0x0000017a   0x0000000a   Code   RO         2001    .ARM.Collect$$_printf_percent$$00000007  c_p.l(_printf_ll.o)
    0x00000184   0x00000184   0x0000000a   Code   RO         1990    .ARM.Collect$$_printf_percent$$00000008  c_p.l(_printf_i.o)
    0x0000018e   0x0000018e   0x0000000a   Code   RO         1991    .ARM.Collect$$_printf_percent$$00000009  c_p.l(_printf_d.o)
    0x00000198   0x00000198   0x0000000a   Code   RO         1992    .ARM.Collect$$_printf_percent$$0000000A  c_p.l(_printf_u.o)
    0x000001a2   0x000001a2   0x0000000a   Code   RO         1989    .ARM.Collect$$_printf_percent$$0000000B  c_p.l(_printf_o.o)
    0x000001ac   0x000001ac   0x0000000a   Code   RO         1987    .ARM.Collect$$_printf_percent$$0000000C  c_p.l(_printf_x.o)
    0x000001b6   0x000001b6   0x0000000a   Code   RO         1998    .ARM.Collect$$_printf_percent$$0000000D  c_p.l(_printf_lli.o)
    0x000001c0   0x000001c0   0x0000000a   Code   RO         1999    .ARM.Collect$$_printf_percent$$0000000E  c_p.l(_printf_lld.o)
    0x000001ca   0x000001ca   0x0000000a   Code   RO         2000    .ARM.Collect$$_printf_percent$$0000000F  c_p.l(_printf_llu.o)
    0x000001d4   0x000001d4   0x0000000a   Code   RO         2005    .ARM.Collect$$_printf_percent$$00000010  c_p.l(_printf_llo.o)
    0x000001de   0x000001de   0x0000000a   Code   RO         2006    .ARM.Collect$$_printf_percent$$00000011  c_p.l(_printf_llx.o)
    0x000001e8   0x000001e8   0x0000000a   Code   RO         2002    .ARM.Collect$$_printf_percent$$00000012  c_p.l(_printf_l.o)
    0x000001f2   0x000001f2   0x0000000a   Code   RO         1985    .ARM.Collect$$_printf_percent$$00000013  c_p.l(_printf_c.o)
    0x000001fc   0x000001fc   0x0000000a   Code   RO         1878    .ARM.Collect$$_printf_percent$$00000014  c_p.l(_printf_s.o)
    0x00000206   0x00000206   0x0000000a   Code   RO         2003    .ARM.Collect$$_printf_percent$$00000015  c_p.l(_printf_lc.o)
    0x00000210   0x00000210   0x0000000a   Code   RO         2004    .ARM.Collect$$_printf_percent$$00000016  c_p.l(_printf_ls.o)
    0x0000021a   0x0000021a   0x00000004   Code   RO         1997    .ARM.Collect$$_printf_percent$$00000017  c_p.l(_printf_percent_end.o)
    0x0000021e   0x0000021e   0x00000002   Code   RO         2089    .ARM.Collect$$libinit$$00000000  c_p.l(libinit.o)
    0x00000220   0x00000220   0x00000000   Code   RO         2114    .ARM.Collect$$libinit$$00000002  c_p.l(libinit2.o)
    0x00000220   0x00000220   0x00000000   Code   RO         2116    .ARM.Collect$$libinit$$00000004  c_p.l(libinit2.o)
    0x00000220   0x00000220   0x00000000   Code   RO         2119    .ARM.Collect$$libinit$$0000000A  c_p.l(libinit2.o)
    0x00000220   0x00000220   0x00000000   Code   RO         2121    .ARM.Collect$$libinit$$0000000C  c_p.l(libinit2.o)
    0x00000220   0x00000220   0x00000000   Code   RO         2123    .ARM.Collect$$libinit$$0000000E  c_p.l(libinit2.o)
    0x00000220   0x00000220   0x00000006   Code   RO         2124    .ARM.Collect$$libinit$$0000000F  c_p.l(libinit2.o)
    0x00000226   0x00000226   0x00000000   Code   RO         2126    .ARM.Collect$$libinit$$00000011  c_p.l(libinit2.o)
    0x00000226   0x00000226   0x0000000c   Code   RO         2127    .ARM.Collect$$libinit$$00000012  c_p.l(libinit2.o)
    0x00000232   0x00000232   0x00000000   Code   RO         2128    .ARM.Collect$$libinit$$00000013  c_p.l(libinit2.o)
    0x00000232   0x00000232   0x00000000   Code   RO         2130    .ARM.Collect$$libinit$$00000015  c_p.l(libinit2.o)
    0x00000232   0x00000232   0x0000000a   Code   RO         2131    .ARM.Collect$$libinit$$00000016  c_p.l(libinit2.o)
    0x0000023c   0x0000023c   0x00000000   Code   RO         2132    .ARM.Collect$$libinit$$00000017  c_p.l(libinit2.o)
    0x0000023c   0x0000023c   0x00000000   Code   RO         2134    .ARM.Collect$$libinit$$00000019  c_p.l(libinit2.o)
    0x0000023c   0x0000023c   0x00000000   Code   RO         2136    .ARM.Collect$$libinit$$0000001B  c_p.l(libinit2.o)
    0x0000023c   0x0000023c   0x00000000   Code   RO         2138    .ARM.Collect$$libinit$$0000001D  c_p.l(libinit2.o)
    0x0000023c   0x0000023c   0x00000000   Code   RO         2140    .ARM.Collect$$libinit$$0000001F  c_p.l(libinit2.o)
    0x0000023c   0x0000023c   0x00000000   Code   RO         2142    .ARM.Collect$$libinit$$00000021  c_p.l(libinit2.o)
    0x0000023c   0x0000023c   0x00000000   Code   RO         2144    .ARM.Collect$$libinit$$00000023  c_p.l(libinit2.o)
    0x0000023c   0x0000023c   0x00000000   Code   RO         2146    .ARM.Collect$$libinit$$00000025  c_p.l(libinit2.o)
    0x0000023c   0x0000023c   0x00000000   Code   RO         2150    .ARM.Collect$$libinit$$0000002C  c_p.l(libinit2.o)
    0x0000023c   0x0000023c   0x00000000   Code   RO         2152    .ARM.Collect$$libinit$$0000002E  c_p.l(libinit2.o)
    0x0000023c   0x0000023c   0x00000000   Code   RO         2154    .ARM.Collect$$libinit$$00000030  c_p.l(libinit2.o)
    0x0000023c   0x0000023c   0x00000000   Code   RO         2156    .ARM.Collect$$libinit$$00000032  c_p.l(libinit2.o)
    0x0000023c   0x0000023c   0x00000002   Code   RO         2157    .ARM.Collect$$libinit$$00000033  c_p.l(libinit2.o)
    0x0000023e   0x0000023e   0x00000002   Code   RO         2181    .ARM.Collect$$libshutdown$$00000000  c_p.l(libshutdown.o)
    0x00000240   0x00000240   0x00000000   Code   RO         2207    .ARM.Collect$$libshutdown$$00000002  c_p.l(libshutdown2.o)
    0x00000240   0x00000240   0x00000000   Code   RO         2209    .ARM.Collect$$libshutdown$$00000004  c_p.l(libshutdown2.o)
    0x00000240   0x00000240   0x00000000   Code   RO         2212    .ARM.Collect$$libshutdown$$00000007  c_p.l(libshutdown2.o)
    0x00000240   0x00000240   0x00000000   Code   RO         2215    .ARM.Collect$$libshutdown$$0000000A  c_p.l(libshutdown2.o)
    0x00000240   0x00000240   0x00000000   Code   RO         2217    .ARM.Collect$$libshutdown$$0000000C  c_p.l(libshutdown2.o)
    0x00000240   0x00000240   0x00000000   Code   RO         2220    .ARM.Collect$$libshutdown$$0000000F  c_p.l(libshutdown2.o)
    0x00000240   0x00000240   0x00000002   Code   RO         2221    .ARM.Collect$$libshutdown$$00000010  c_p.l(libshutdown2.o)
    0x00000242   0x00000242   0x00000000   Code   RO         1930    .ARM.Collect$$rtentry$$00000000  c_p.l(__rtentry.o)
    0x00000242   0x00000242   0x00000000   Code   RO         2019    .ARM.Collect$$rtentry$$00000002  c_p.l(__rtentry2.o)
    0x00000242   0x00000242   0x00000006   Code   RO         2031    .ARM.Collect$$rtentry$$00000004  c_p.l(__rtentry4.o)
    0x00000248   0x00000248   0x00000000   Code   RO         2021    .ARM.Collect$$rtentry$$00000009  c_p.l(__rtentry2.o)
    0x00000248   0x00000248   0x00000004   Code   RO         2022    .ARM.Collect$$rtentry$$0000000A  c_p.l(__rtentry2.o)
    0x0000024c   0x0000024c   0x00000000   Code   RO         2024    .ARM.Collect$$rtentry$$0000000C  c_p.l(__rtentry2.o)
    0x0000024c   0x0000024c   0x00000008   Code   RO         2025    .ARM.Collect$$rtentry$$0000000D  c_p.l(__rtentry2.o)
    0x00000254   0x00000254   0x00000002   Code   RO         2100    .ARM.Collect$$rtexit$$00000000  c_p.l(rtexit.o)
    0x00000256   0x00000256   0x00000000   Code   RO         2159    .ARM.Collect$$rtexit$$00000002  c_p.l(rtexit2.o)
    0x00000256   0x00000256   0x00000004   Code   RO         2160    .ARM.Collect$$rtexit$$00000003  c_p.l(rtexit2.o)
    0x0000025a   0x0000025a   0x00000006   Code   RO         2161    .ARM.Collect$$rtexit$$00000004  c_p.l(rtexit2.o)
    0x00000260   0x00000260   0x00000038   Code   RO         1880    .emb_text           c_p.l(rt_memcpy.o)
    0x00000298   0x00000298   0x0000003c   Code   RO          102    .text               startup_cms32f033.o
    0x000002d4   0x000002d4   0x00000038   Code   RO         1848    .text               c_p.l(vsnprintf.o)
    0x0000030c   0x0000030c   0x0000001c   Code   RO         1850    .text               c_p.l(__2printf.o)
    0x00000328   0x00000328   0x00000052   Code   RO         1856    .text               c_p.l(_printf_str.o)
    0x0000037a   0x0000037a   0x00000002   PAD
    0x0000037c   0x0000037c   0x00000188   Code   RO         1875    .text               c_p.l(__printf_flags_ss_wp.o)
    0x00000504   0x00000504   0x00000082   Code   RO         1881    .text               c_p.l(rt_memcpy.o)
    0x00000586   0x00000586   0x00000040   Code   RO         1884    .text               c_p.l(rt_memclr.o)
    0x000005c6   0x000005c6   0x0000015a   Code   RO         1886    .text               c_p.l(aeabi_sdiv.o)
    0x00000720   0x00000720   0x00000006   Code   RO         1890    .text               c_p.l(heapauxi.o)
    0x00000726   0x00000726   0x00000002   PAD
    0x00000728   0x00000728   0x0000007c   Code   RO         1894    .text               fz_ps.l(d2f.o)
    0x000007a4   0x000007a4   0x00000358   Code   RO         1896    .text               fz_ps.l(daddsub.o)
    0x00000afc   0x00000afc   0x00000448   Code   RO         1898    .text               fz_ps.l(ddiv.o)
    0x00000f44   0x00000f44   0x00000048   Code   RO         1901    .text               fz_ps.l(dfixui.o)
    0x00000f8c   0x00000f8c   0x00000058   Code   RO         1903    .text               fz_ps.l(dflti.o)
    0x00000fe4   0x00000fe4   0x00000248   Code   RO         1905    .text               fz_ps.l(dmul.o)
    0x0000122c   0x0000122c   0x00000054   Code   RO         1907    .text               fz_ps.l(f2d.o)
    0x00001280   0x00001280   0x00000160   Code   RO         1915    .text               fz_ps.l(fdiv.o)
    0x000013e0   0x000013e0   0x00000030   Code   RO         1920    .text               fz_ps.l(ffixui.o)
    0x00001410   0x00001410   0x0000005e   Code   RO         1922    .text               fz_ps.l(fflti.o)
    0x0000146e   0x0000146e   0x0000004e   Code   RO         1935    .text               c_p.l(_printf_pad.o)
    0x000014bc   0x000014bc   0x00000024   Code   RO         1937    .text               c_p.l(_printf_truncate.o)
    0x000014e0   0x000014e0   0x0000006c   Code   RO         1939    .text               c_p.l(_printf_dec.o)
    0x0000154c   0x0000154c   0x00000026   Code   RO         1941    .text               c_p.l(_printf_charcount.o)
    0x00001572   0x00001572   0x00000002   PAD
    0x00001574   0x00001574   0x00000030   Code   RO         1943    .text               c_p.l(_printf_char_common.o)
    0x000015a4   0x000015a4   0x0000000a   Code   RO         1945    .text               c_p.l(_sputc.o)
    0x000015ae   0x000015ae   0x00000010   Code   RO         1947    .text               c_p.l(_snputc.o)
    0x000015be   0x000015be   0x0000002e   Code   RO         1949    .text               c_p.l(_printf_char.o)
    0x000015ec   0x000015ec   0x00000028   Code   RO         1951    .text               c_p.l(_printf_char_file.o)
    0x00001614   0x00001614   0x000000bc   Code   RO         1953    .text               c_p.l(_printf_wctomb.o)
    0x000016d0   0x000016d0   0x00000070   Code   RO         1956    .text               c_p.l(_printf_longlong_dec.o)
    0x00001740   0x00001740   0x00000070   Code   RO         1962    .text               c_p.l(_printf_oct_int_ll.o)
    0x000017b0   0x000017b0   0x00000098   Code   RO         1982    .text               c_p.l(_printf_hex_int_ll_ptr.o)
    0x00001848   0x00001848   0x00000064   Code   RO         2007    .text               fz_ps.l(fcmpin.o)
    0x000018ac   0x000018ac   0x0000007a   Code   RO         2035    .text               c_p.l(lludiv10.o)
    0x00001926   0x00001926   0x000000b0   Code   RO         2037    .text               c_p.l(_printf_intcommon.o)
    0x000019d6   0x000019d6   0x00000002   PAD
    0x000019d8   0x000019d8   0x00000418   Code   RO         2039    .text               c_p.l(_printf_fp_dec.o)
    0x00001df0   0x00001df0   0x000002d8   Code   RO         2041    .text               c_p.l(_printf_fp_hex.o)
    0x000020c8   0x000020c8   0x0000002e   Code   RO         2046    .text               c_p.l(_printf_wchar.o)
    0x000020f6   0x000020f6   0x00000040   Code   RO         2048    .text               c_p.l(_wcrtomb.o)
    0x00002136   0x00002136   0x00000028   Code   RO         2050    .text               c_p.l(rtudiv10.o)
    0x0000215e   0x0000215e   0x0000002e   Code   RO         2052    .text               fz_ps.l(cmpret.o)
    0x0000218c   0x0000218c   0x00000010   Code   RO         2054    .text               fz_ps.l(fnan2.o)
    0x0000219c   0x0000219c   0x0000003e   Code   RO         2056    .text               c_p.l(sys_stackheap_outer.o)
    0x000021da   0x000021da   0x00000002   PAD
    0x000021dc   0x000021dc   0x00000010   Code   RO         2059    .text               c_p.l(rt_ctype_table.o)
    0x000021ec   0x000021ec   0x00000008   Code   RO         2064    .text               c_p.l(rt_locale_intlibspace.o)
    0x000021f4   0x000021f4   0x00000088   Code   RO         2066    .text               c_p.l(_printf_fp_infnan.o)
    0x0000227c   0x0000227c   0x000000d8   Code   RO         2068    .text               c_p.l(bigflt0.o)
    0x00002354   0x00002354   0x00000580   Code   RO         2071    .text               c_p.l(btod.o)
    0x000028d4   0x000028d4   0x00000010   Code   RO         2078    .text               c_p.l(exit.o)
    0x000028e4   0x000028e4   0x0000005e   Code   RO         2092    .text               fz_ps.l(retnan.o)
    0x00002942   0x00002942   0x00000002   PAD
    0x00002944   0x00002944   0x00000008   Code   RO         2096    .text               c_p.l(libspace.o)
    0x0000294c   0x0000294c   0x00000088   Code   RO         2111    .text               c_p.l(strcmp.o)
    0x000029d4   0x000029d4   0x00000074   Code   RO         1641    i.ACMP_ACMP0_Config  demo_acmp.o
    0x00002a48   0x00002a48   0x00000014   Code   RO          921    i.ACMP_ClearIntFlag  acmp.o
    0x00002a5c   0x00002a5c   0x0000004a   Code   RO          922    i.ACMP_ConfigEventAndIntMode  acmp.o
    0x00002aa6   0x00002aa6   0x00000066   Code   RO          923    i.ACMP_ConfigHYS    acmp.o
    0x00002b0c   0x00002b0c   0x0000009a   Code   RO          924    i.ACMP_ConfigNegative  acmp.o
    0x00002ba6   0x00002ba6   0x00000054   Code   RO          925    i.ACMP_ConfigPositive  acmp.o
    0x00002bfa   0x00002bfa   0x00000038   Code   RO          927    i.ACMP_DisableEventOut  acmp.o
    0x00002c32   0x00002c32   0x0000003a   Code   RO          930    i.ACMP_DisableReverseOutput  acmp.o
    0x00002c6c   0x00002c6c   0x00000060   Code   RO          936    i.ACMP_EnableFilter  acmp.o
    0x00002ccc   0x00002ccc   0x0000001e   Code   RO          937    i.ACMP_EnableInt    acmp.o
    0x00002cea   0x00002cea   0x0000001a   Code   RO          939    i.ACMP_GetIntFlag   acmp.o
    0x00002d04   0x00002d04   0x0000002c   Code   RO          940    i.ACMP_GetResult    acmp.o
    0x00002d30   0x00002d30   0x00000020   Code   RO         1237    i.ACMP_IRQHandler   isr.o
    0x00002d50   0x00002d50   0x0000003a   Code   RO          941    i.ACMP_Start        acmp.o
    0x00002d8a   0x00002d8a   0x00000002   PAD
    0x00002d8c   0x00002d8c   0x00000044   Code   RO          737    i.ADC1_ConfigCompare  adc1.o
    0x00002dd0   0x00002dd0   0x00000038   Code   RO          738    i.ADC1_ConfigRunMode  adc1.o
    0x00002e08   0x00002e08   0x0000001c   Code   RO          745    i.ADC1_EnableAdjust  adc1.o
    0x00002e24   0x00002e24   0x0000001c   Code   RO          747    i.ADC1_EnableCompare  adc1.o
    0x00002e40   0x00002e40   0x00000016   Code   RO          751    i.ADC1_EnableScanChannel  adc1.o
    0x00002e56   0x00002e56   0x00000012   Code   RO          755    i.ADC1_GetCompareResult  adc1.o
    0x00002e68   0x00002e68   0x00000010   Code   RO          757    i.ADC1_GetResult    adc1.o
    0x00002e78   0x00002e78   0x0000001c   Code   RO         1114    i.ADC1_Go           main.o
    0x00002e94   0x00002e94   0x00000002   Code   RO         1238    i.ADC1_IRQHandler   isr.o
    0x00002e96   0x00002e96   0x00000026   Code   RO          758    i.ADC1_SetAN30Channel  adc1.o
    0x00002ebc   0x00002ebc   0x00000068   Code   RO         1616    i.ADC1_Software_Trigger_Mode  demo_adc1.o
    0x00002f24   0x00002f24   0x0000001c   Code   RO          759    i.ADC1_Start        adc1.o
    0x00002f40   0x00002f40   0x0000002c   Code   RO          760    i.ADC1_StartAdjust  adc1.o
    0x00002f6c   0x00002f6c   0x00000002   Code   RO         1239    i.CCP_IRQHandler    isr.o
    0x00002f6e   0x00002f6e   0x00000002   PAD
    0x00002f70   0x00002f70   0x000000dc   Code   RO         1704    i.CalculateTemperature  temp.o
    0x0000304c   0x0000304c   0x00000518   Code   RO         1115    i.Check_State       main.o
    0x00003564   0x00003564   0x00000030   Code   RO         1534    i.Debug_Printf      demo_uart.o
    0x00003594   0x00003594   0x00000002   Code   RO         1240    i.EPWM_IRQHandler   isr.o
    0x00003596   0x00003596   0x00000002   PAD
    0x00003598   0x00003598   0x00000048   Code   RO         1069    i.FMC_ErasePage     fmc.o
    0x000035e0   0x000035e0   0x00000024   Code   RO         1070    i.FMC_Read          fmc.o
    0x00003604   0x00003604   0x0000004c   Code   RO         1071    i.FMC_Write         fmc.o
    0x00003650   0x00003650   0x00000002   Code   RO         1241    i.GPIO0_IRQHandler  isr.o
    0x00003652   0x00003652   0x0000003e   Code   RO         1242    i.GPIO1_IRQHandler  isr.o
    0x00003690   0x00003690   0x00000002   Code   RO         1243    i.GPIO2_IRQHandler  isr.o
    0x00003692   0x00003692   0x00000002   Code   RO         1244    i.GPIO3_IRQHandler  isr.o
    0x00003694   0x00003694   0x00000002   Code   RO         1245    i.GPIO4_IRQHandler  isr.o
    0x00003696   0x00003696   0x0000000c   Code   RO          108    i.GPIO_ClearIntFlag  gpio.o
    0x000036a2   0x000036a2   0x00000002   PAD
    0x000036a4   0x000036a4   0x0000002c   Code   RO         1392    i.GPIO_Config       demo_gpio.o
    0x000036d0   0x000036d0   0x00000016   Code   RO          114    i.GPIO_GetIntFlag   gpio.o
    0x000036e6   0x000036e6   0x00000002   PAD
    0x000036e8   0x000036e8   0x00000044   Code   RO         1393    i.GPIO_OFF_Config   demo_gpio.o
    0x0000372c   0x0000372c   0x00000002   Code   RO         1246    i.HardFault_Handler  isr.o
    0x0000372e   0x0000372e   0x00000002   Code   RO         1247    i.I2C0_IRQHandler   isr.o
    0x00003730   0x00003730   0x00000034   Code   RO         1740    i.IN16_TO_IN32      rs485.o
    0x00003764   0x00003764   0x00000070   Code   RO         1116    i.I_Float           main.o
    0x000037d4   0x000037d4   0x00000024   Code   RO         1117    i.I_Set             main.o
    0x000037f8   0x000037f8   0x000000f4   Code   RO         1741    i.Modbus_03_Solve   rs485.o
    0x000038ec   0x000038ec   0x00000090   Code   RO         1742    i.Modbus_06_Solve   rs485.o
    0x0000397c   0x0000397c   0x000000d4   Code   RO         1743    i.Modbus_RegMap     rs485.o
    0x00003a50   0x00003a50   0x00000002   Code   RO         1248    i.NMI_Handler       isr.o
    0x00003a52   0x00003a52   0x00000002   PAD
    0x00003a54   0x00003a54   0x0000004c   Code   RO         1418    i.NRF24L01_Check    drv_rf24l01.o
    0x00003aa0   0x00003aa0   0x0000008c   Code   RO         1419    i.NRF24L01_Gpio_Init  drv_rf24l01.o
    0x00003b2c   0x00003b2c   0x00000022   Code   RO         1420    i.NRF24L01_Init     drv_rf24l01.o
    0x00003b4e   0x00003b4e   0x0000004a   Code   RO         1421    i.NRF24L01_Read_Buf  drv_rf24l01.o
    0x00003b98   0x00003b98   0x00000038   Code   RO         1422    i.NRF24L01_Read_Reg  drv_rf24l01.o
    0x00003bd0   0x00003bd0   0x00000036   Code   RO         1423    i.NRF24L01_RxPacket  drv_rf24l01.o
    0x00003c06   0x00003c06   0x00000074   Code   RO         1424    i.NRF24L01_TxPacket  drv_rf24l01.o
    0x00003c7a   0x00003c7a   0x00000048   Code   RO         1425    i.NRF24L01_Write_Buf  drv_rf24l01.o
    0x00003cc2   0x00003cc2   0x0000003a   Code   RO         1426    i.NRF24L01_Write_Reg  drv_rf24l01.o
    0x00003cfc   0x00003cfc   0x00000014   Code   RO         1744    i.NVIC_DisableIRQ   rs485.o
    0x00003d10   0x00003d10   0x00000078   Code   RO         1535    i.NVIC_SetPriority  demo_uart.o
    0x00003d88   0x00003d88   0x00000078   Code   RO         1642    i.NVIC_SetPriority  demo_acmp.o
    0x00003e00   0x00003e00   0x00000058   Code   RO         1575    i.OPA0_Config       demo_opa.o
    0x00003e58   0x00003e58   0x00000010   Code   RO          597    i.OPA_ConfigNegative  opa.o
    0x00003e68   0x00003e68   0x00000010   Code   RO          598    i.OPA_ConfigOutput  opa.o
    0x00003e78   0x00003e78   0x00000010   Code   RO          599    i.OPA_ConfigPositive  opa.o
    0x00003e88   0x00003e88   0x00000010   Code   RO          600    i.OPA_ConfigRunMode  opa.o
    0x00003e98   0x00003e98   0x0000000a   Code   RO          607    i.OPA_Start         opa.o
    0x00003ea2   0x00003ea2   0x00000012   Code   RO          683    i.PGA_ConfigGain    pga.o
    0x00003eb4   0x00003eb4   0x00000014   Code   RO          685    i.PGA_ConfigPositive  pga.o
    0x00003ec8   0x00003ec8   0x00000012   Code   RO          686    i.PGA_ConfigResistance  pga.o
    0x00003eda   0x00003eda   0x00000002   PAD
    0x00003edc   0x00003edc   0x00000050   Code   RO         1595    i.PGA_PGA1_Config   demo_pga.o
    0x00003f2c   0x00003f2c   0x0000000c   Code   RO          687    i.PGA_Start         pga.o
    0x00003f38   0x00003f38   0x00000002   Code   RO         1249    i.PendSV_Handler    isr.o
    0x00003f3a   0x00003f3a   0x00000002   PAD
    0x00003f3c   0x00003f3c   0x00000070   Code   RO         1745    i.RS485_Anylize     rs485.o
    0x00003fac   0x00003fac   0x0000001c   Code   RO         1746    i.RS485_Init        rs485.o
    0x00003fc8   0x00003fc8   0x00000178   Code   RO         1747    i.RS485_Service     rs485.o
    0x00004140   0x00004140   0x00000064   Code   RO         1118    i.RS_485_Push       main.o
    0x000041a4   0x000041a4   0x0000006c   Code   RO         1427    i.RX_Mode           drv_rf24l01.o
    0x00004210   0x00004210   0x00000002   Code   RO         1250    i.SSP0_IRQHandler   isr.o
    0x00004212   0x00004212   0x00000058   Code   RO         1748    i.STMFLASH_Read     rs485.o
    0x0000426a   0x0000426a   0x00000002   PAD
    0x0000426c   0x0000426c   0x00000050   Code   RO         1749    i.STMFLASH_Write    rs485.o
    0x000042bc   0x000042bc   0x00000002   Code   RO         1251    i.SVC_Handler       isr.o
    0x000042be   0x000042be   0x00000002   Code   RO         1252    i.SYS_CHK_IRQHandler  isr.o
    0x000042c0   0x000042c0   0x0000003c   Code   RO          177    i.SYS_ConfigAHBClock  system.o
    0x000042fc   0x000042fc   0x00000010   Code   RO          178    i.SYS_ConfigAPBClock  system.o
    0x0000430c   0x0000430c   0x00000024   Code   RO          180    i.SYS_ConfigHSI     system.o
    0x00004330   0x00004330   0x0000001c   Code   RO          188    i.SYS_EnableHSI     system.o
    0x0000434c   0x0000434c   0x00000010   Code   RO          190    i.SYS_EnablePeripheralClk  system.o
    0x0000435c   0x0000435c   0x0000000c   Code   RO          194    i.SYS_GetHSIState   system.o
    0x00004368   0x00004368   0x0000004a   Code   RO         1750    i.Setting_baud      rs485.o
    0x000043b2   0x000043b2   0x00000002   PAD
    0x000043b4   0x000043b4   0x0000002c   Code   RO         1751    i.SoftReset         rs485.o
    0x000043e0   0x000043e0   0x00000002   Code   RO         1253    i.SysTick_Handler   isr.o
    0x000043e2   0x000043e2   0x00000002   PAD
    0x000043e4   0x000043e4   0x000000b4   Code   RO            3    i.SystemCoreClockUpdate  system_cms32f033.o
    0x00004498   0x00004498   0x00000008   Code   RO            4    i.SystemInit        system_cms32f033.o
    0x000044a0   0x000044a0   0x00000002   Code   RO         1254    i.TIMER0_IRQHandler  isr.o
    0x000044a2   0x000044a2   0x00000002   Code   RO         1255    i.TIMER1_IRQHandler  isr.o
    0x000044a4   0x000044a4   0x00000074   Code   RO         1428    i.TX_Mode           drv_rf24l01.o
    0x00004518   0x00004518   0x00000074   Code   RO         1705    i.TX_TEMPER_1       temp.o
    0x0000458c   0x0000458c   0x00000002   Code   RO         1256    i.UART0_IRQHandler  isr.o
    0x0000458e   0x0000458e   0x00000002   PAD
    0x00004590   0x00004590   0x000000e8   Code   RO         1257    i.UART1_IRQHandler  isr.o
    0x00004678   0x00004678   0x00000038   Code   RO          385    i.UART_ConfigRunMode  uart.o
    0x000046b0   0x000046b0   0x0000000a   Code   RO          398    i.UART_EnableAuto   uart.o
    0x000046ba   0x000046ba   0x00000018   Code   RO          401    i.UART_EnableFIFO   uart.o
    0x000046d2   0x000046d2   0x0000000a   Code   RO          403    i.UART_EnableRBRInt  uart.o
    0x000046dc   0x000046dc   0x0000000a   Code   RO          407    i.UART_EnableTHREInt  uart.o
    0x000046e6   0x000046e6   0x00000006   Code   RO          414    i.UART_ReadRBR      uart.o
    0x000046ec   0x000046ec   0x00000078   Code   RO         1536    i.UART_UART1_Config  demo_uart.o
    0x00004764   0x00004764   0x00000004   Code   RO          417    i.UART_WriteTHR     uart.o
    0x00004768   0x00004768   0x00000044   Code   RO         1752    i.USART2_CommSendAtStr  rs485.o
    0x000047ac   0x000047ac   0x0000005c   Code   RO         1706    i.V_Float           temp.o
    0x00004808   0x00004808   0x00000024   Code   RO         1119    i.V_Set             main.o
    0x0000482c   0x0000482c   0x000003d8   Code   RO         1120    i.Verge             main.o
    0x00004c04   0x00004c04   0x00000002   Code   RO         1258    i.WDT_IRQHandler    isr.o
    0x00004c06   0x00004c06   0x00000002   Code   RO         1259    i.WWDT_IRQHandler   isr.o
    0x00004c08   0x00004c08   0x00000030   Code   RO         2073    i.__ARM_common_ll_muluu  c_p.l(btod.o)
    0x00004c38   0x00004c38   0x0000001c   Code   RO          159    i.__ARM_common_switch8  gpio.o
    0x00004c54   0x00004c54   0x0000002c   Code   RO         2094    i.__ARM_fpclassify  m_ps.l(fpclassify.o)
    0x00004c80   0x00004c80   0x0000000e   Code   RO         1868    i._is_digit         c_p.l(__printf_wp.o)
    0x00004c8e   0x00004c8e   0x00000004   Code   RO          334    i._sys_exit         retarget.o
    0x00004c92   0x00004c92   0x00000002   PAD
    0x00004c94   0x00004c94   0x00000194   Code   RO         1121    i.check_test        main.o
    0x00004e28   0x00004e28   0x00000054   Code   RO         1666    i.delay_init        delay.o
    0x00004e7c   0x00004e7c   0x00000048   Code   RO         1667    i.delay_us          delay.o
    0x00004ec4   0x00004ec4   0x00000018   Code   RO         1668    i.delay_xms         delay.o
    0x00004edc   0x00004edc   0x000000f4   Code   RO         1502    i.drv_spi_init      drv_spi.o
    0x00004fd0   0x00004fd0   0x0000009c   Code   RO         1503    i.drv_spi_read_write_byte  drv_spi.o
    0x0000506c   0x0000506c   0x00000008   Code   RO          336    i.ferror            retarget.o
    0x00005074   0x00005074   0x00000034   Code   RO          338    i.fputc             retarget.o
    0x000050a8   0x000050a8   0x00000450   Code   RO         1122    i.main              main.o
    0x000054f8   0x000054f8   0x00000038   Code   RO         1753    i.usCRC16           rs485.o
    0x00005530   0x00005530   0x0000002c   Code   RO         2076    locale$$code        c_p.l(lc_numeric_c.o)
    0x0000555c   0x0000555c   0x0000002c   Code   RO         2105    locale$$code        c_p.l(lc_ctype_c.o)
    0x00005588   0x00005588   0x0000008c   Code   RO         1909    x$fpl$fadd          fz_ps.l(faddsub.o)
    0x00005614   0x00005614   0x00000054   Code   RO         1918    x$fpl$feqf          fz_ps.l(feqf.o)
    0x00005668   0x00005668   0x00000054   Code   RO         1924    x$fpl$fleqf         fz_ps.l(flef.o)
    0x000056bc   0x000056bc   0x000000b0   Code   RO         1926    x$fpl$fmul          fz_ps.l(fmul.o)
    0x0000576c   0x0000576c   0x00000058   Code   RO         1928    x$fpl$frleqf        fz_ps.l(frlef.o)
    0x000057c4   0x000057c4   0x000000d0   Code   RO         1911    x$fpl$fsub          fz_ps.l(faddsub.o)
    0x00005894   0x00005894   0x00000010   Code   RO         2009    x$fpl$printf1       fz_ps.l(printf1.o)
    0x000058a4   0x000058a4   0x00000010   Code   RO         2011    x$fpl$printf2       fz_ps.l(printf2.o)
    0x000058b4   0x000058b4   0x00000000   Code   RO         2017    x$fpl$usenofp       fz_ps.l(usenofp.o)
    0x000058b4   0x000058b4   0x00000094   Data   RO         1707    .constdata          temp.o
    0x00005948   0x00005948   0x00000200   Data   RO         1755    .constdata          rs485.o
    0x00005b48   0x00005b48   0x00000011   Data   RO         1876    .constdata          c_p.l(__printf_flags_ss_wp.o)
    0x00005b59   0x00005b59   0x00000080   Data   RO         1899    .constdata          fz_ps.l(ddiv.o)
    0x00005bd9   0x00005bd9   0x00000040   Data   RO         1916    .constdata          fz_ps.l(fdiv.o)
    0x00005c19   0x00005c19   0x00000003   PAD
    0x00005c1c   0x00005c1c   0x00000008   Data   RO         1954    .constdata          c_p.l(_printf_wctomb.o)
    0x00005c24   0x00005c24   0x00000028   Data   RO         1983    .constdata          c_p.l(_printf_hex_int_ll_ptr.o)
    0x00005c4c   0x00005c4c   0x00000026   Data   RO         2042    .constdata          c_p.l(_printf_fp_hex.o)
    0x00005c72   0x00005c72   0x00000002   PAD
    0x00005c74   0x00005c74   0x00000094   Data   RO         2069    .constdata          c_p.l(bigflt0.o)
    0x00005d08   0x00005d08   0x000000a4   Data   RO         1124    .conststring        main.o
    0x00005dac   0x00005dac   0x00000019   Data   RO         1429    .conststring        drv_rf24l01.o
    0x00005dc5   0x00005dc5   0x00000003   PAD
    0x00005dc8   0x00005dc8   0x00000020   Data   RO         2225    Region$$Table       anon$$obj.o
    0x00005de8   0x00005de8   0x0000001c   Data   RO         2075    locale$$data        c_p.l(lc_numeric_c.o)
    0x00005e04   0x00005e04   0x00000110   Data   RO         2104    locale$$data        c_p.l(lc_ctype_c.o)


    Execution Region RW_IRAM1 (Exec base: 0x20000000, Load base: 0x00005f14, Size: 0x00000b98, Max: 0x00002000, ABSOLUTE)

    Exec Addr    Load Addr    Size         Type   Attr      Idx    E Section Name        Object

    0x20000000   0x00005f14   0x0000000c   Data   RW            5    .data               system_cms32f033.o
    0x2000000c   0x00005f20   0x00000008   Data   RW          339    .data               retarget.o
    0x20000014   0x00005f28   0x00000045   Data   RW         1125    .data               main.o
    0x20000059   0x00005f6d   0x00000003   PAD
    0x2000005c   0x00005f70   0x0000000c   Data   RW         1260    .data               isr.o
    0x20000068   0x00005f7c   0x00000009   Data   RW         1430    .data               drv_rf24l01.o
    0x20000071   0x00005f85   0x00000001   Data   RW         1669    .data               delay.o
    0x20000072   0x00005f86   0x00000002   PAD
    0x20000074   0x00005f88   0x00000029   Data   RW         1756    .data               rs485.o
    0x2000009d   0x00005fb1   0x00000003   PAD
    0x200000a0        -       0x00000034   Zero   RW         1123    .bss                main.o
    0x200000d4        -       0x00000160   Zero   RW         1754    .bss                rs485.o
    0x20000234        -       0x00000060   Zero   RW         2097    .bss                c_p.l(libspace.o)
    0x20000294   0x00005fb1   0x00000004   PAD
    0x20000298        -       0x00000100   Zero   RW          100    HEAP                startup_cms32f033.o
    0x20000398        -       0x00000800   Zero   RW           99    STACK               startup_cms32f033.o


==============================================================================

Image component sizes


      Code (inc. data)   RO Data    RW Data    ZI Data      Debug   Object Name

       802          0          0          0          0       7426   acmp.o
       346         16          0          0          0       5747   adc1.o
       180         28          0          1          0       1956   delay.o
       236         18          0          0          0       1192   demo_acmp.o
       104         14          0          0          0        549   demo_adc1.o
       112          8          0          0          0        936   demo_gpio.o
        88          6          0          0          0        502   demo_opa.o
        80         10          0          0          0        518   demo_pga.o
       288         24          0          0          0       8183   demo_uart.o
       904         22         25          9          0       7670   drv_rf24l01.o
       400          4          0          0          0       1189   drv_spi.o
       184         16          0          0          0       1779   fmc.o
        62          0          0          0          0      42154   gpio.o
       366         48          0         12          0      11331   isr.o
      4108        536        164         69         52      25111   main.o
        74          0          0          0          0       3261   opa.o
        68          4          0          0          0       2665   pga.o
        64          0          0          8          0       3655   retarget.o
      1598        224        512         41        352      16695   rs485.o
        60         28        192          0       2304        728   startup_cms32f033.o
       168         18          0          0          0       3502   system.o
       188         30          0         12          0      46438   system_cms32f033.o
       428         50        148          0          0       2888   temp.o
       120          6          0          0          0       4713   uart.o

    ----------------------------------------------------------------------
     11054       1110       1076        160       2708     200788   Object Totals
         0          0         32          0          0          0   (incl. Generated)
        26          0          3          8          0          0   (incl. Padding)

    ----------------------------------------------------------------------

      Code (inc. data)   RO Data    RW Data    ZI Data      Debug   Library Member Name

        28          6          0          0          0         84   __2printf.o
         8          0          0          0          0         68   __main.o
       392          6         17          0          0         76   __printf_flags_ss_wp.o
        14          0          0          0          0         60   __printf_wp.o
         0          0          0          0          0          0   __rtentry.o
        12          0          0          0          0          0   __rtentry2.o
         6          0          0          0          0          0   __rtentry4.o
        60          8          0          0          0          0   __scatter.o
        26          0          0          0          0          0   __scatter_copy.o
        28          0          0          0          0          0   __scatter_zi.o
        10          0          0          0          0          0   _printf_a.o
        10          0          0          0          0          0   _printf_c.o
        46          0          0          0          0        100   _printf_char.o
        48          6          0          0          0         88   _printf_char_common.o
        40          6          0          0          0         72   _printf_char_file.o
        38          0          0          0          0         60   _printf_charcount.o
        10          0          0          0          0          0   _printf_d.o
       108         18          0          0          0         76   _printf_dec.o
        10          0          0          0          0          0   _printf_e.o
        10          0          0          0          0          0   _printf_f.o
      1048         14          0          0          0        176   _printf_fp_dec.o
       728         10         38          0          0         84   _printf_fp_hex.o
       136         16          0          0          0         76   _printf_fp_infnan.o
        10          0          0          0          0          0   _printf_g.o
       152          4         40          0          0        148   _printf_hex_int_ll_ptr.o
        10          0          0          0          0          0   _printf_i.o
       176          0          0          0          0         84   _printf_intcommon.o
        10          0          0          0          0          0   _printf_l.o
        10          0          0          0          0          0   _printf_lc.o
        10          0          0          0          0          0   _printf_ll.o
        10          0          0          0          0          0   _printf_lld.o
        10          0          0          0          0          0   _printf_lli.o
        10          0          0          0          0          0   _printf_llo.o
        10          0          0          0          0          0   _printf_llu.o
        10          0          0          0          0          0   _printf_llx.o
       112         18          0          0          0         76   _printf_longlong_dec.o
        10          0          0          0          0          0   _printf_ls.o
        10          0          0          0          0          0   _printf_n.o
        10          0          0          0          0          0   _printf_o.o
       112         10          0          0          0        112   _printf_oct_int_ll.o
        10          0          0          0          0          0   _printf_p.o
        78          0          0          0          0        100   _printf_pad.o
         2          0          0          0          0          0   _printf_percent.o
         4          0          0          0          0          0   _printf_percent_end.o
        10          0          0          0          0          0   _printf_s.o
        82          0          0          0          0         72   _printf_str.o
        36          0          0          0          0         76   _printf_truncate.o
        10          0          0          0          0          0   _printf_u.o
        46          0          0          0          0        100   _printf_wchar.o
       188          6          8          0          0         80   _printf_wctomb.o
        10          0          0          0          0          0   _printf_x.o
        16          0          0          0          0         60   _snputc.o
        10          0          0          0          0         60   _sputc.o
        64          0          0          0          0         72   _wcrtomb.o
       346          0          0          0          0         92   aeabi_sdiv.o
       216          6        148          0          0         80   bigflt0.o
      1456         30          0          0          0        336   btod.o
        16          0          0          0          0         68   exit.o
         6          0          0          0          0        136   heapauxi.o
        44         10        272          0          0         76   lc_ctype_c.o
        44         10         28          0          0         76   lc_numeric_c.o
         2          0          0          0          0          0   libinit.o
        30          0          0          0          0          0   libinit2.o
         2          0          0          0          0          0   libshutdown.o
         2          0          0          0          0          0   libshutdown2.o
         8          4          0          0         96         68   libspace.o
       122          0          0          0          0         72   lludiv10.o
        16          4          0          0          0         76   rt_ctype_table.o
         8          4          0          0          0         68   rt_locale_intlibspace.o
        64          0          0          0          0        108   rt_memclr.o
       186          0          0          0          0        144   rt_memcpy.o
         2          0          0          0          0          0   rtexit.o
        10          0          0          0          0          0   rtexit2.o
        40          0          0          0          0         60   rtudiv10.o
       136          4          0          0          0         72   strcmp.o
        62          0          0          0          0         80   sys_stackheap_outer.o
        56          6          0          0          0         72   vsnprintf.o
        46          0          0          0          0         60   cmpret.o
       124          4          0          0          0         72   d2f.o
       856         20          0          0          0        208   daddsub.o
      1096         26        128          0          0        112   ddiv.o
        72          4          0          0          0         68   dfixui.o
        88          0          0          0          0         92   dflti.o
       584         26          0          0          0         84   dmul.o
        84          4          0          0          0         60   f2d.o
       348          8          0          0          0        160   faddsub.o
       100          4          0          0          0         68   fcmpin.o
       352         10         64          0          0         92   fdiv.o
        84          4          0          0          0         76   feqf.o
        48          0          0          0          0         60   ffixui.o
        94          0          0          0          0         92   fflti.o
        84          4          0          0          0         76   flef.o
       176          4          0          0          0         80   fmul.o
        16          6          0          0          0         68   fnan2.o
        88          4          0          0          0         76   frlef.o
        16          4          0          0          0         76   printf1.o
        16          4          0          0          0         76   printf2.o
        94          0          0          0          0         68   retnan.o
         0          0          0          0          0          0   usenofp.o
        44          4          0          0          0         60   fpclassify.o

    ----------------------------------------------------------------------
     11462        346        748          0        100       5628   Library Totals
        14          0          5          0          4          0   (incl. Padding)

    ----------------------------------------------------------------------

      Code (inc. data)   RO Data    RW Data    ZI Data      Debug   Library Name

      6938        206        551          0         96       3744   c_p.l
      4466        136        192          0          0       1824   fz_ps.l
        44          4          0          0          0         60   m_ps.l

    ----------------------------------------------------------------------
     11462        346        748          0        100       5628   Library Totals

    ----------------------------------------------------------------------

==============================================================================


      Code (inc. data)   RO Data    RW Data    ZI Data      Debug   

     22516       1456       1824        160       2808     198036   Grand Totals
     22516       1456       1824        160       2808     198036   ELF Image Totals
     22516       1456       1824        160          0          0   ROM Totals

==============================================================================

    Total RO  Size (Code + RO Data)                24340 (  23.77kB)
    Total RW  Size (RW Data + ZI Data)              2968 (   2.90kB)
    Total ROM Size (Code + RO Data + RW Data)      24500 (  23.93kB)

==============================================================================

