Component: ARM Compiler 5.06 update 6 (build 750) Tool: armlink [4d35ed]

==============================================================================

Section Cross References

    startup_stm32g474xx.o(RESET) refers to startup_stm32g474xx.o(STACK) for __initial_sp
    startup_stm32g474xx.o(RESET) refers to startup_stm32g474xx.o(.text) for Reset_Handler
    startup_stm32g474xx.o(RESET) refers to stm32g4xx_it.o(i.NMI_Handler) for NMI_Handler
    startup_stm32g474xx.o(RESET) refers to stm32g4xx_it.o(i.HardFault_Handler) for HardFault_Handler
    startup_stm32g474xx.o(RESET) refers to stm32g4xx_it.o(i.MemManage_Handler) for MemManage_Handler
    startup_stm32g474xx.o(RESET) refers to stm32g4xx_it.o(i.BusFault_Handler) for BusFault_Handler
    startup_stm32g474xx.o(RESET) refers to stm32g4xx_it.o(i.UsageFault_Handler) for UsageFault_Handler
    startup_stm32g474xx.o(RESET) refers to port.o(.emb_text) for SVC_Handler
    startup_stm32g474xx.o(RESET) refers to stm32g4xx_it.o(i.DebugMon_Handler) for DebugMon_Handler
    startup_stm32g474xx.o(RESET) refers to cmsis_os2.o(i.SysTick_Handler) for SysTick_Handler
    startup_stm32g474xx.o(RESET) refers to stm32g4xx_it.o(i.TIM1_UP_TIM16_IRQHandler) for TIM1_UP_TIM16_IRQHandler
    startup_stm32g474xx.o(RESET) refers to stm32g4xx_it.o(i.TIM2_IRQHandler) for TIM2_IRQHandler
    startup_stm32g474xx.o(.text) refers to system_stm32g4xx.o(i.SystemInit) for SystemInit
    startup_stm32g474xx.o(.text) refers to entry.o(.ARM.Collect$$$$00000000) for __main
    main.o(i.HAL_TIM_PeriodElapsedCallback) refers to stm32g4xx_hal.o(i.HAL_IncTick) for HAL_IncTick
    main.o(i.SET_PWM_Freq) refers to dfltui.o(.text) for __aeabi_ui2d
    main.o(i.SET_PWM_Freq) refers to ddiv.o(.text) for __aeabi_ddiv
    main.o(i.SET_PWM_Freq) refers to dfixui.o(.text) for __aeabi_d2uiz
    main.o(i.SystemClock_Config) refers to memseta.o(.text) for __aeabi_memclr4
    main.o(i.SystemClock_Config) refers to stm32g4xx_hal_pwr_ex.o(i.HAL_PWREx_ControlVoltageScaling) for HAL_PWREx_ControlVoltageScaling
    main.o(i.SystemClock_Config) refers to stm32g4xx_hal_rcc.o(i.HAL_RCC_OscConfig) for HAL_RCC_OscConfig
    main.o(i.SystemClock_Config) refers to stm32g4xx_hal_rcc.o(i.HAL_RCC_ClockConfig) for HAL_RCC_ClockConfig
    main.o(i.main) refers to stm32g4xx_hal.o(i.HAL_Init) for HAL_Init
    main.o(i.main) refers to main.o(i.SystemClock_Config) for SystemClock_Config
    main.o(i.main) refers to gpio.o(i.MX_GPIO_Init) for MX_GPIO_Init
    main.o(i.main) refers to adc.o(i.MX_ADC1_Init) for MX_ADC1_Init
    main.o(i.main) refers to adc.o(i.MX_ADC2_Init) for MX_ADC2_Init
    main.o(i.main) refers to tim.o(i.MX_TIM8_Init) for MX_TIM8_Init
    main.o(i.main) refers to tim.o(i.MX_TIM2_Init) for MX_TIM2_Init
    main.o(i.main) refers to usart.o(i.MX_USART3_UART_Init) for MX_USART3_UART_Init
    main.o(i.main) refers to usart.o(i.MX_UART5_Init) for MX_UART5_Init
    main.o(i.main) refers to drv_spi.o(i.drv_spi_init) for drv_spi_init
    main.o(i.main) refers to drv_rf24l01.o(i.NRF24L01_Gpio_Init) for NRF24L01_Gpio_Init
    main.o(i.main) refers to cmsis_os2.o(i.osKernelInitialize) for osKernelInitialize
    main.o(i.main) refers to app_freertos.o(i.MX_FREERTOS_Init) for MX_FREERTOS_Init
    main.o(i.main) refers to cmsis_os2.o(i.osKernelStart) for osKernelStart
    gpio.o(i.MX_GPIO_Init) refers to memseta.o(.text) for __aeabi_memclr4
    gpio.o(i.MX_GPIO_Init) refers to stm32g4xx_hal_gpio.o(i.HAL_GPIO_WritePin) for HAL_GPIO_WritePin
    gpio.o(i.MX_GPIO_Init) refers to stm32g4xx_hal_gpio.o(i.HAL_GPIO_Init) for HAL_GPIO_Init
    app_freertos.o(i.MX_FREERTOS_Init) refers to tasks.o(i.xTaskCreate) for xTaskCreate
    app_freertos.o(i.MX_FREERTOS_Init) refers to main.o(.data) for StartTask_Handler
    app_freertos.o(i.MX_FREERTOS_Init) refers to app_freertos.o(i.start_task) for start_task
    app_freertos.o(i.start_task) refers to port.o(i.vPortEnterCritical) for vPortEnterCritical
    app_freertos.o(i.start_task) refers to tasks.o(i.xTaskCreate) for xTaskCreate
    app_freertos.o(i.start_task) refers to queue.o(i.xQueueGenericCreate) for xQueueGenericCreate
    app_freertos.o(i.start_task) refers to queue.o(i.xQueueCreateMutex) for xQueueCreateMutex
    app_freertos.o(i.start_task) refers to tasks.o(i.vTaskDelete) for vTaskDelete
    app_freertos.o(i.start_task) refers to port.o(i.vPortExitCritical) for vPortExitCritical
    app_freertos.o(i.start_task) refers to main.o(.data) for Period_task_Handler
    app_freertos.o(i.start_task) refers to appperiod.o(i.Period_task) for Period_task
    app_freertos.o(i.start_task) refers to main.o(.data) for BleProTask_Handler
    app_freertos.o(i.start_task) refers to appblepro.o(i.BlePro_task) for BlePro_task
    app_freertos.o(i.start_task) refers to main.o(.data) for BleSendSemaphore
    app_freertos.o(i.start_task) refers to main.o(.data) for RS485DataSemaphore
    app_freertos.o(i.start_task) refers to main.o(.data) for RcvProc2Semaphore
[...]
    i.prvProcessTimerOrBlockTask             0x08005118   Section        0  timers.o(i.prvProcessTimerOrBlockTask)
    prvProcessTimerOrBlockTask               0x08005119   Thumb Code   182  timers.o(i.prvProcessTimerOrBlockTask)
    i.prvResetNextTaskUnblockTime            0x080051d8   Section        0  tasks.o(i.prvResetNextTaskUnblockTime)
    prvResetNextTaskUnblockTime              0x080051d9   Thumb Code    26  tasks.o(i.prvResetNextTaskUnblockTime)
    i.prvSampleTimeNow                       0x080051f8   Section        0  timers.o(i.prvSampleTimeNow)
    prvSampleTimeNow                         0x080051f9   Thumb Code    36  timers.o(i.prvSampleTimeNow)
    i.prvSwitchTimerLists                    0x08005220   Section        0  timers.o(i.prvSwitchTimerLists)
    prvSwitchTimerLists                      0x08005221   Thumb Code   104  timers.o(i.prvSwitchTimerLists)
    i.prvTaskExitError                       0x0800528c   Section        0  port.o(i.prvTaskExitError)
    prvTaskExitError                         0x0800528d   Thumb Code    36  port.o(i.prvTaskExitError)
    i.prvTimerTask                           0x080052b4   Section        0  timers.o(i.prvTimerTask)
    prvTimerTask                             0x080052b5   Thumb Code    32  timers.o(i.prvTimerTask)
    i.prvUnlockQueue                         0x080052d8   Section        0  queue.o(i.prvUnlockQueue)
    prvUnlockQueue                           0x080052d9   Thumb Code   106  queue.o(i.prvUnlockQueue)
    i.pvPortMalloc                           0x08005344   Section        0  heap_4.o(i.pvPortMalloc)
    i.pxPortInitialiseStack                  0x08005420   Section        0  port.o(i.pxPortInitialiseStack)
    i.start_task                             0x0800544c   Section        0  app_freertos.o(i.start_task)
    i.uxListRemove                           0x080054fc   Section        0  list.o(i.uxListRemove)
    i.vApplicationGetIdleTaskMemory          0x08005524   Section        0  cmsis_os2.o(i.vApplicationGetIdleTaskMemory)
    i.vApplicationGetTimerTaskMemory         0x08005538   Section        0  cmsis_os2.o(i.vApplicationGetTimerTaskMemory)
    i.vListInitialise                        0x08005550   Section        0  list.o(i.vListInitialise)
    i.vListInitialiseItem                    0x08005566   Section        0  list.o(i.vListInitialiseItem)
    i.vListInsert                            0x0800556c   Section        0  list.o(i.vListInsert)
    i.vListInsertEnd                         0x0800559c   Section        0  list.o(i.vListInsertEnd)
    i.vPortEnterCritical                     0x080055b4   Section        0  port.o(i.vPortEnterCritical)
    i.vPortExitCritical                      0x080055f4   Section        0  port.o(i.vPortExitCritical)
    i.vPortFree                              0x0800561c   Section        0  heap_4.o(i.vPortFree)
    i.vPortSetupTimerInterrupt               0x08005680   Section        0  port.o(i.vPortSetupTimerInterrupt)
    i.vPortValidateInterruptPriority         0x080056a4   Section        0  port.o(i.vPortValidateInterruptPriority)
    i.vQueueAddToRegistry                    0x080056f8   Section        0  queue.o(i.vQueueAddToRegistry)
    i.vQueueWaitForMessageRestricted         0x08005720   Section        0  queue.o(i.vQueueWaitForMessageRestricted)
    i.vTaskDelay                             0x08005764   Section        0  tasks.o(i.vTaskDelay)
    i.vTaskDelete                            0x080057b0   Section        0  tasks.o(i.vTaskDelete)
    i.vTaskInternalSetTimeOutState           0x08005840   Section        0  tasks.o(i.vTaskInternalSetTimeOutState)
    i.vTaskMissedYield                       0x08005850   Section        0  tasks.o(i.vTaskMissedYield)
    i.vTaskPlaceOnEventList                  0x0800585c   Section        0  tasks.o(i.vTaskPlaceOnEventList)
    i.vTaskPlaceOnEventListRestricted        0x0800588c   Section        0  tasks.o(i.vTaskPlaceOnEventListRestricted)
    i.vTaskStartScheduler                    0x080058c4   Section        0  tasks.o(i.vTaskStartScheduler)
    i.vTaskSuspendAll                        0x0800594c   Section        0  tasks.o(i.vTaskSuspendAll)
    i.vTaskSwitchContext                     0x0800595c   Section        0  tasks.o(i.vTaskSwitchContext)
    i.xPortStartScheduler                    0x080059c0   Section        0  port.o(i.xPortStartScheduler)
    i.xPortSysTickHandler                    0x08005ab4   Section        0  port.o(i.xPortSysTickHandler)
    i.xQueueCreateMutex                      0x08005ae0   Section        0  queue.o(i.xQueueCreateMutex)
    i.xQueueGenericCreate                    0x08005af6   Section        0  queue.o(i.xQueueGenericCreate)
    i.xQueueGenericCreateStatic              0x08005b38   Section        0  queue.o(i.xQueueGenericCreateStatic)
    i.xQueueGenericReset                     0x08005ba0   Section        0  queue.o(i.xQueueGenericReset)
    i.xQueueGenericSend                      0x08005c28   Section        0  queue.o(i.xQueueGenericSend)
    i.xQueueGenericSendFromISR               0x08005d88   Section        0  queue.o(i.xQueueGenericSendFromISR)
    i.xQueueReceive                          0x08005e48   Section        0  queue.o(i.xQueueReceive)
    i.xTaskCheckForTimeOut                   0x08005f80   Section        0  tasks.o(i.xTaskCheckForTimeOut)
    i.xTaskCreate                            0x08005ff4   Section        0  tasks.o(i.xTaskCreate)
    i.xTaskCreateStatic                      0x0800604e   Section        0  tasks.o(i.xTaskCreateStatic)
    i.xTaskGetSchedulerState                 0x080060a4   Section        0  tasks.o(i.xTaskGetSchedulerState)
    i.xTaskGetTickCount                      0x080060c0   Section        0  tasks.o(i.xTaskGetTickCount)
    i.xTaskIncrementTick                     0x080060cc   Section        0  tasks.o(i.xTaskIncrementTick)
    i.xTaskPriorityDisinherit                0x08006194   Section        0  tasks.o(i.xTaskPriorityDisinherit)
    i.xTaskRemoveFromEventList               0x08006214   Section        0  tasks.o(i.xTaskRemoveFromEventList)
    i.xTaskResumeAll                         0x08006284   Section        0  tasks.o(i.xTaskResumeAll)
    i.xTimerCreateTimerTask                  0x08006348   Section        0  timers.o(i.xTimerCreateTimerTask)
    i.xTimerGenericCommand                   0x080063a8   Section        0  timers.o(i.xTimerGenericCommand)
    .constdata                               0x08006410   Section       24  stm32g4xx_hal_uart.o(.constdata)
    .constdata                               0x08006428   Section       16  stm32g4xx_hal_uart_ex.o(.constdata)
    numerator                                0x08006428   Data           8  stm32g4xx_hal_uart_ex.o(.constdata)
    denominator                              0x08006430   Data           8  stm32g4xx_hal_uart_ex.o(.constdata)
    .constdata                               0x08006438   Section       16  system_stm32g4xx.o(.constdata)
    .constdata                               0x08006448   Section        8  system_stm32g4xx.o(.constdata)
    .data                                    0x20000000   Section        1  main.o(.data)
    .data                                    0x20000001   Section        1  main.o(.data)
    .data                                    0x20000002   Section        2  main.o(.data)
    .data                                    0x20000004   Section        4  main.o(.data)
    .data                                    0x20000008   Section        4  main.o(.data)
    .data                                    0x2000000c   Section        4  main.o(.data)
    .data                                    0x20000010   Section        4  main.o(.data)
    .data                                    0x20000014   Section        4  main.o(.data)
    .data                                    0x20000018   Section        4  main.o(.data)
    .data                                    0x2000001c   Section        4  main.o(.data)
    .data                                    0x20000020   Section        4  adc.o(.data)
    HAL_RCC_ADC12_CLK_ENABLED                0x20000020   Data           4  adc.o(.data)
    .data                                    0x20000024   Section       12  stm32g4xx_hal.o(.data)
    .data                                    0x20000030   Section        4  system_stm32g4xx.o(.data)
    .data                                    0x20000034   Section       60  tasks.o(.data)
    uxDeletedTasksWaitingCleanUp             0x20000038   Data           4  tasks.o(.data)
    uxCurrentNumberOfTasks                   0x2000003c   Data           4  tasks.o(.data)
    xTickCount                               0x20000040   Data           4  tasks.o(.data)
    uxTopReadyPriority                       0x20000044   Data           4  tasks.o(.data)
    xSchedulerRunning                        0x20000048   Data           4  tasks.o(.data)
    xPendedTicks                             0x2000004c   Data           4  tasks.o(.data)
    xYieldPending                            0x20000050   Data           4  tasks.o(.data)
    xNumOfOverflows                          0x20000054   Data           4  tasks.o(.data)
    uxTaskNumber                             0x20000058   Data           4  tasks.o(.data)
    xNextTaskUnblockTime                     0x2000005c   Data           4  tasks.o(.data)
    xIdleTaskHandle                          0x20000060   Data           4  tasks.o(.data)
    uxSchedulerSuspended                     0x20000064   Data           4  tasks.o(.data)
    pxDelayedTaskList                        0x20000068   Data           4  tasks.o(.data)
    pxOverflowDelayedTaskList                0x2000006c   Data           4  tasks.o(.data)
    .data                                    0x20000070   Section       20  timers.o(.data)
    xTimerQueue                              0x20000070   Data           4  timers.o(.data)
    xTimerTaskHandle                         0x20000074   Data           4  timers.o(.data)
    xLastTime                                0x20000078   Data           4  timers.o(.data)
    pxCurrentTimerList                       0x2000007c   Data           4  timers.o(.data)
    pxOverflowTimerList                      0x20000080   Data           4  timers.o(.data)
    .data                                    0x20000084   Section        4  cmsis_os2.o(.data)
    KernelState                              0x20000084   Data           4  cmsis_os2.o(.data)
    .data                                    0x20000088   Section       32  heap_4.o(.data)
    pxEnd                                    0x20000088   Data           4  heap_4.o(.data)
    xFreeBytesRemaining                      0x2000008c   Data           4  heap_4.o(.data)
    xMinimumEverFreeBytesRemaining           0x20000090   Data           4  heap_4.o(.data)
    xNumberOfSuccessfulAllocations           0x20000094   Data           4  heap_4.o(.data)
    xNumberOfSuccessfulFrees                 0x20000098   Data           4  heap_4.o(.data)
    xBlockAllocatedBit                       0x2000009c   Data           4  heap_4.o(.data)
    xStart                                   0x200000a0   Data           8  heap_4.o(.data)
    .data                                    0x200000a8   Section       12  port.o(.data)
    ucMaxSysCallPriority                     0x200000a8   Data           1  port.o(.data)
    uxCriticalNesting                        0x200000ac   Data           4  port.o(.data)
    ulMaxPRIGROUPValue                       0x200000b0   Data           4  port.o(.data)
    .data                                    0x200000b4   Section        1  appblepro.o(.data)
    pwm_start_flag                           0x200000b4   Data           1  appblepro.o(.data)
    .data                                    0x200000b5   Section        1  appfaulthandler.o(.data)
    m_err_cnt                                0x200000b5   Data           1  appfaulthandler.o(.data)
    .data                                    0x200000b8   Section       32  appperiod.o(.data)
    m_new_status_A                           0x200000b8   Data           1  appperiod.o(.data)
    m_success_cnt_A                          0x200000b9   Data           1  appperiod.o(.data)
    m_error_cnt_A                            0x200000ba   Data           1  appperiod.o(.data)
    time_up_flag                             0x200000bb   Data           1  appperiod.o(.data)
    time_dowm_flag                           0x200000bc   Data           1  appperiod.o(.data)
    error_temperature                        0x200000bd   Data           1  appperiod.o(.data)
    err_temperature_cnt                      0x200000be   Data           1  appperiod.o(.data)
    m_fanCtrl_stage                          0x200000bf   Data           1  appperiod.o(.data)
    fan_error_cnt                            0x200000c0   Data           1  appperiod.o(.data)
    time_up_num                              0x200000c8   Data           4  appperiod.o(.data)
    time_dowm_num                            0x200000cc   Data           4  appperiod.o(.data)
    last_temperature                         0x200000d0   Data           4  appperiod.o(.data)
    .bss                                     0x200000d8   Section       36  main.o(.bss)
    .bss                                     0x200000fc   Section      156  main.o(.bss)
    .bss                                     0x20000198   Section      216  adc.o(.bss)
    .bss                                     0x20000270   Section      252  hrtim.o(.bss)
    .bss                                     0x2000036c   Section      152  tim.o(.bss)
    .bss                                     0x20000404   Section      296  usart.o(.bss)
    .bss                                     0x2000052c   Section       76  stm32g4xx_hal_timebase_tim.o(.bss)
    .bss                                     0x20000578   Section       64  queue.o(.bss)
    .bss                                     0x200005b8   Section     1220  tasks.o(.bss)
    pxReadyTasksLists                        0x200005b8   Data        1120  tasks.o(.bss)
    xDelayedTaskList1                        0x20000a18   Data          20  tasks.o(.bss)
    xDelayedTaskList2                        0x20000a2c   Data          20  tasks.o(.bss)
    xPendingReadyList                        0x20000a40   Data          20  tasks.o(.bss)
    xTasksWaitingTermination                 0x20000a54   Data          20  tasks.o(.bss)
    xSuspendedTaskList                       0x20000a68   Data          20  tasks.o(.bss)
    .bss                                     0x20000a7c   Section      280  timers.o(.bss)
    xStaticTimerQueue                        0x20000a7c   Data          80  timers.o(.bss)
    ucStaticTimerQueueStorage                0x20000acc   Data         160  timers.o(.bss)
    xActiveTimerList1                        0x20000b6c   Data          20  timers.o(.bss)
    xActiveTimerList2                        0x20000b80   Data          20  timers.o(.bss)
    .bss                                     0x20000b94   Section     1720  cmsis_os2.o(.bss)
    Idle_TCB                                 0x20000b94   Data          92  cmsis_os2.o(.bss)
    Idle_Stack                               0x20000bf0   Data         512  cmsis_os2.o(.bss)
    Timer_TCB                                0x20000df0   Data          92  cmsis_os2.o(.bss)
    Timer_Stack                              0x20000e4c   Data        1024  cmsis_os2.o(.bss)
    .bss                                     0x2000124c   Section     8192  heap_4.o(.bss)
    ucHeap                                   0x2000124c   Data        8192  heap_4.o(.bss)
    STACK                                    0x20003250   Section     1024  startup_stm32g474xx.o(STACK)

    Global Symbols

    Symbol Name                              Value     Ov Type        Size  Object(Section)

    BuildAttributes$$THM_ISAv4$E$P$D$K$B$S$7EM$VFPi3$EXTD16$VFPS$VFMA$PE$A:L22UL41UL21$X:L11$S22US41US21$IEEE1$IW$USESV6$~STKCKD$USESV7$~SHL$OSPACE$ROPI$EBA8$MICROLIB$REQ8$PRES8$EABIv2 0x00000000   Number         0  anon$$obj.o ABSOLUTE
    __ARM_use_no_argv                        0x00000000   Number         0  main.o ABSOLUTE
    _printf_a                                0x00000000   Number         0  stubs.o ABSOLUTE
    _printf_c                                0x00000000   Number         0  stubs.o ABSOLUTE
    _printf_charcount                        0x00000000   Number         0  stubs.o ABSOLUTE
    _printf_d                                0x00000000   Number         0  stubs.o ABSOLUTE
    _printf_e                                0x00000000   Number         0  stubs.o ABSOLUTE
    _printf_f                                0x00000000   Number         0  stubs.o ABSOLUTE
    _printf_flags                            0x00000000   Number         0  stubs.o ABSOLUTE
    _printf_fp_dec                           0x00000000   Number         0  stubs.o ABSOLUTE
    _printf_fp_hex                           0x00000000   Number         0  stubs.o ABSOLUTE
    _printf_g                                0x00000000   Number         0  stubs.o ABSOLUTE
    _printf_i                                0x00000000   Number         0  stubs.o ABSOLUTE
    _printf_int_dec                          0x00000000   Number         0  stubs.o ABSOLUTE
    _printf_l                                0x00000000   Number         0  stubs.o ABSOLUTE
    _printf_lc                               0x00000000   Number         0  stubs.o ABSOLUTE
    _printf_ll                               0x00000000   Number         0  stubs.o ABSOLUTE
    _printf_lld                              0x00000000   Number         0  stubs.o ABSOLUTE
    _printf_lli                              0x00000000   Number         0  stubs.o ABSOLUTE
    _printf_llo                              0x00000000   Number         0  stubs.o ABSOLUTE
    _printf_llu                              0x00000000   Number         0  stubs.o ABSOLUTE
    _printf_llx                              0x00000000   Number         0  stubs.o ABSOLUTE
    _printf_longlong_dec                     0x00000000   Number         0  stubs.o ABSOLUTE
    _printf_longlong_hex                     0x00000000   Number         0  stubs.o ABSOLUTE
    _printf_longlong_oct                     0x00000000   Number         0  stubs.o ABSOLUTE
    _printf_ls                               0x00000000   Number         0  stubs.o ABSOLUTE
    _printf_mbtowc                           0x00000000   Number         0  stubs.o ABSOLUTE
    _printf_n                                0x00000000   Number         0  stubs.o ABSOLUTE
    _printf_o                                0x00000000   Number         0  stubs.o ABSOLUTE
    _printf_p                                0x00000000   Number         0  stubs.o ABSOLUTE
    _printf_percent                          0x00000000   Number         0  stubs.o ABSOLUTE
    _printf_pre_padding                      0x00000000   Number         0  stubs.o ABSOLUTE
    _printf_return_value                     0x00000000   Number         0  stubs.o ABSOLUTE
    _printf_s                                0x00000000   Number         0  stubs.o ABSOLUTE
    _printf_sizespec                         0x00000000   Number         0  stubs.o ABSOLUTE
    _printf_str                              0x00000000   Number         0  stubs.o ABSOLUTE
    _printf_truncate_signed                  0x00000000   Number         0  stubs.o ABSOLUTE
    _printf_truncate_unsigned                0x00000000   Number         0  stubs.o ABSOLUTE
    _printf_u                                0x00000000   Number         0  stubs.o ABSOLUTE
    _printf_wc                               0x00000000   Number         0  stubs.o ABSOLUTE
    _printf_wctomb                           0x00000000   Number         0  stubs.o ABSOLUTE
    _printf_widthprec                        0x00000000   Number         0  stubs.o ABSOLUTE
    _printf_x                                0x00000000   Number         0  stubs.o ABSOLUTE
    __cpp_initialize__aeabi_                  - Undefined Weak Reference
    __cxa_finalize                            - Undefined Weak Reference
    __decompress                              - Undefined Weak Reference
    _clock_init                               - Undefined Weak Reference
    _microlib_exit                            - Undefined Weak Reference
    __Vectors_Size                           0x000001d8   Number         0  startup_stm32g474xx.o ABSOLUTE
    __Vectors                                0x08000000   Data           4  startup_stm32g474xx.o(RESET)
    __Vectors_End                            0x080001d8   Data           0  startup_stm32g474xx.o(RESET)
    __main                                   0x080001d9   Thumb Code     0  entry.o(.ARM.Collect$$$$00000000)
    _main_stk                                0x080001d9   Thumb Code     0  entry2.o(.ARM.Collect$$$$00000001)
    _main_scatterload                        0x080001dd   Thumb Code     0  entry5.o(.ARM.Collect$$$$00000004)
    __main_after_scatterload                 0x080001e1   Thumb Code     0  entry5.o(.ARM.Collect$$$$00000004)
    _main_clock                              0x080001e1   Thumb Code     0  entry7b.o(.ARM.Collect$$$$00000008)
    _main_cpp_init                           0x080001e1   Thumb Code     0  entry8b.o(.ARM.Collect$$$$0000000A)
    _main_init                               0x080001e1   Thumb Code     0  entry9a.o(.ARM.Collect$$$$0000000B)
    __rt_final_cpp                           0x080001e9   Thumb Code     0  entry10a.o(.ARM.Collect$$$$0000000D)
    __rt_final_exit                          0x080001e9   Thumb Code     0  entry11a.o(.ARM.Collect$$$$0000000F)
    SVC_Handler                              0x080001ed   Thumb Code    28  port.o(.emb_text)
    __asm___6_port_c_39a90d8d__prvStartFirstTask 0x0800020d   Thumb Code    36  port.o(.emb_text)
    __asm___6_port_c_39a90d8d__prvEnableVFP  0x08000235   Thumb Code    16  port.o(.emb_text)
    PendSV_Handler                           0x08000249   Thumb Code    88  port.o(.emb_text)
    vPortGetIPSR                             0x080002a5   Thumb Code     6  port.o(.emb_text)
    Reset_Handler                            0x080002ad   Thumb Code     8  startup_stm32g474xx.o(.text)
    ADC1_2_IRQHandler                        0x080002c7   Thumb Code     0  startup_stm32g474xx.o(.text)
    ADC3_IRQHandler                          0x080002c7   Thumb Code     0  startup_stm32g474xx.o(.text)
    ADC4_IRQHandler                          0x080002c7   Thumb Code     0  startup_stm32g474xx.o(.text)
    ADC5_IRQHandler                          0x080002c7   Thumb Code     0  startup_stm32g474xx.o(.text)
    COMP1_2_3_IRQHandler                     0x080002c7   Thumb Code     0  startup_stm32g474xx.o(.text)
    COMP4_5_6_IRQHandler                     0x080002c7   Thumb Code     0  startup_stm32g474xx.o(.text)
    COMP7_IRQHandler                         0x080002c7   Thumb Code     0  startup_stm32g474xx.o(.text)
    CORDIC_IRQHandler                        0x080002c7   Thumb Code     0  startup_stm32g474xx.o(.text)
    CRS_IRQHandler                           0x080002c7   Thumb Code     0  startup_stm32g474xx.o(.text)
    DMA1_Channel1_IRQHandler                 0x080002c7   Thumb Code     0  startup_stm32g474xx.o(.text)
    DMA1_Channel2_IRQHandler                 0x080002c7   Thumb Code     0  startup_stm32g474xx.o(.text)
    DMA1_Channel3_IRQHandler                 0x080002c7   Thumb Code     0  startup_stm32g474xx.o(.text)
    DMA1_Channel4_IRQHandler                 0x080002c7   Thumb Code     0  startup_stm32g474xx.o(.text)
    DMA1_Channel5_IRQHandler                 0x080002c7   Thumb Code     0  startup_stm32g474xx.o(.text)
    DMA1_Channel6_IRQHandler                 0x080002c7   Thumb Code     0  startup_stm32g474xx.o(.text)
    DMA1_Channel7_IRQHandler                 0x080002c7   Thumb Code     0  startup_stm32g474xx.o(.text)
    DMA1_Channel8_IRQHandler                 0x080002c7   Thumb Code     0  startup_stm32g474xx.o(.text)
    DMA2_Channel1_IRQHandler                 0x080002c7   Thumb Code     0  startup_stm32g474xx.o(.text)
    DMA2_Channel2_IRQHandler                 0x080002c7   Thumb Code     0  startup_stm32g474xx.o(.text)
    DMA2_Channel3_IRQHandler                 0x080002c7   Thumb Code     0  startup_stm32g474xx.o(.text)
    DMA2_Channel4_IRQHandler                 0x080002c7   Thumb Code     0  startup_stm32g474xx.o(.text)
    DMA2_Channel5_IRQHandler                 0x080002c7   Thumb Code     0  startup_stm32g474xx.o(.text)
    DMA2_Channel6_IRQHandler                 0x080002c7   Thumb Code     0  startup_stm32g474xx.o(.text)
    DMA2_Channel7_IRQHandler                 0x080002c7   Thumb Code     0  startup_stm32g474xx.o(.text)
    DMA2_Channel8_IRQHandler                 0x080002c7   Thumb Code     0  startup_stm32g474xx.o(.text)
    DMAMUX_OVR_IRQHandler                    0x080002c7   Thumb Code     0  startup_stm32g474xx.o(.text)
    EXTI0_IRQHandler                         0x080002c7   Thumb Code     0  startup_stm32g474xx.o(.text)
    EXTI15_10_IRQHandler                     0x080002c7   Thumb Code     0  startup_stm32g474xx.o(.text)
    EXTI1_IRQHandler                         0x080002c7   Thumb Code     0  startup_stm32g474xx.o(.text)
    EXTI2_IRQHandler                         0x080002c7   Thumb Code     0  startup_stm32g474xx.o(.text)
    EXTI3_IRQHandler                         0x080002c7   Thumb Code     0  startup_stm32g474xx.o(.text)
    EXTI4_IRQHandler                         0x080002c7   Thumb Code     0  startup_stm32g474xx.o(.text)
    EXTI9_5_IRQHandler                       0x080002c7   Thumb Code     0  startup_stm32g474xx.o(.text)
    FDCAN1_IT0_IRQHandler                    0x080002c7   Thumb Code     0  startup_stm32g474xx.o(.text)
    FDCAN1_IT1_IRQHandler                    0x080002c7   Thumb Code     0  startup_stm32g474xx.o(.text)
    FDCAN2_IT0_IRQHandler                    0x080002c7   Thumb Code     0  startup_stm32g474xx.o(.text)
    FDCAN2_IT1_IRQHandler                    0x080002c7   Thumb Code     0  startup_stm32g474xx.o(.text)
    FDCAN3_IT0_IRQHandler                    0x080002c7   Thumb Code     0  startup_stm32g474xx.o(.text)
    FDCAN3_IT1_IRQHandler                    0x080002c7   Thumb Code     0  startup_stm32g474xx.o(.text)
    FLASH_IRQHandler                         0x080002c7   Thumb Code     0  startup_stm32g474xx.o(.text)
    FMAC_IRQHandler                          0x080002c7   Thumb Code     0  startup_stm32g474xx.o(.text)
    FMC_IRQHandler                           0x080002c7   Thumb Code     0  startup_stm32g474xx.o(.text)
    FPU_IRQHandler                           0x080002c7   Thumb Code     0  startup_stm32g474xx.o(.text)
    HRTIM1_FLT_IRQHandler                    0x080002c7   Thumb Code     0  startup_stm32g474xx.o(.text)
    HRTIM1_Master_IRQHandler                 0x080002c7   Thumb Code     0  startup_stm32g474xx.o(.text)
    HRTIM1_TIMA_IRQHandler                   0x080002c7   Thumb Code     0  startup_stm32g474xx.o(.text)
    HRTIM1_TIMB_IRQHandler                   0x080002c7   Thumb Code     0  startup_stm32g474xx.o(.text)
    HRTIM1_TIMC_IRQHandler                   0x080002c7   Thumb Code     0  startup_stm32g474xx.o(.text)
    HRTIM1_TIMD_IRQHandler                   0x080002c7   Thumb Code     0  startup_stm32g474xx.o(.text)
    HRTIM1_TIME_IRQHandler                   0x080002c7   Thumb Code     0  startup_stm32g474xx.o(.text)
    HRTIM1_TIMF_IRQHandler                   0x080002c7   Thumb Code     0  startup_stm32g474xx.o(.text)
    I2C1_ER_IRQHandler                       0x080002c7   Thumb Code     0  startup_stm32g474xx.o(.text)
    I2C1_EV_IRQHandler                       0x080002c7   Thumb Code     0  startup_stm32g474xx.o(.text)
    I2C2_ER_IRQHandler                       0x080002c7   Thumb Code     0  startup_stm32g474xx.o(.text)
    I2C2_EV_IRQHandler                       0x080002c7   Thumb Code     0  startup_stm32g474xx.o(.text)
    I2C3_ER_IRQHandler                       0x080002c7   Thumb Code     0  startup_stm32g474xx.o(.text)
    I2C3_EV_IRQHandler                       0x080002c7   Thumb Code     0  startup_stm32g474xx.o(.text)
    I2C4_ER_IRQHandler                       0x080002c7   Thumb Code     0  startup_stm32g474xx.o(.text)
    I2C4_EV_IRQHandler                       0x080002c7   Thumb Code     0  startup_stm32g474xx.o(.text)
    LPTIM1_IRQHandler                        0x080002c7   Thumb Code     0  startup_stm32g474xx.o(.text)
    LPUART1_IRQHandler                       0x080002c7   Thumb Code     0  startup_stm32g474xx.o(.text)
    PVD_PVM_IRQHandler                       0x080002c7   Thumb Code     0  startup_stm32g474xx.o(.text)
    QUADSPI_IRQHandler                       0x080002c7   Thumb Code     0  startup_stm32g474xx.o(.text)
    RCC_IRQHandler                           0x080002c7   Thumb Code     0  startup_stm32g474xx.o(.text)
    RNG_IRQHandler                           0x080002c7   Thumb Code     0  startup_stm32g474xx.o(.text)
    RTC_Alarm_IRQHandler                     0x080002c7   Thumb Code     0  startup_stm32g474xx.o(.text)
    RTC_TAMP_LSECSS_IRQHandler               0x080002c7   Thumb Code     0  startup_stm32g474xx.o(.text)
    RTC_WKUP_IRQHandler                      0x080002c7   Thumb Code     0  startup_stm32g474xx.o(.text)
    SAI1_IRQHandler                          0x080002c7   Thumb Code     0  startup_stm32g474xx.o(.text)
    SPI1_IRQHandler                          0x080002c7   Thumb Code     0  startup_stm32g474xx.o(.text)
    SPI2_IRQHandler                          0x080002c7   Thumb Code     0  startup_stm32g474xx.o(.text)
    SPI3_IRQHandler                          0x080002c7   Thumb Code     0  startup_stm32g474xx.o(.text)
    SPI4_IRQHandler                          0x080002c7   Thumb Code     0  startup_stm32g474xx.o(.text)
    TIM1_BRK_TIM15_IRQHandler                0x080002c7   Thumb Code     0  startup_stm32g474xx.o(.text)
    TIM1_CC_IRQHandler                       0x080002c7   Thumb Code     0  startup_stm32g474xx.o(.text)
    TIM1_TRG_COM_TIM17_IRQHandler            0x080002c7   Thumb Code     0  startup_stm32g474xx.o(.text)
    TIM20_BRK_IRQHandler                     0x080002c7   Thumb Code     0  startup_stm32g474xx.o(.text)
    TIM20_CC_IRQHandler                      0x080002c7   Thumb Code     0  startup_stm32g474xx.o(.text)
    TIM20_TRG_COM_IRQHandler                 0x080002c7   Thumb Code     0  startup_stm32g474xx.o(.text)
    TIM20_UP_IRQHandler                      0x080002c7   Thumb Code     0  startup_stm32g474xx.o(.text)
    TIM3_IRQHandler                          0x080002c7   Thumb Code     0  startup_stm32g474xx.o(.text)
    TIM4_IRQHandler                          0x080002c7   Thumb Code     0  startup_stm32g474xx.o(.text)
    TIM5_IRQHandler                          0x080002c7   Thumb Code     0  startup_stm32g474xx.o(.text)
    TIM6_DAC_IRQHandler                      0x080002c7   Thumb Code     0  startup_stm32g474xx.o(.text)
    TIM7_DAC_IRQHandler                      0x080002c7   Thumb Code     0  startup_stm32g474xx.o(.text)
    TIM8_BRK_IRQHandler                      0x080002c7   Thumb Code     0  startup_stm32g474xx.o(.text)
    TIM8_CC_IRQHandler                       0x080002c7   Thumb Code     0  startup_stm32g474xx.o(.text)
    TIM8_TRG_COM_IRQHandler                  0x080002c7   Thumb Code     0  startup_stm32g474xx.o(.text)
    TIM8_UP_IRQHandler                       0x080002c7   Thumb Code     0  startup_stm32g474xx.o(.text)
    UART4_IRQHandler                         0x080002c7   Thumb Code     0  startup_stm32g474xx.o(.text)
    UART5_IRQHandler                         0x080002c7   Thumb Code     0  startup_stm32g474xx.o(.text)
    UCPD1_IRQHandler                         0x080002c7   Thumb Code     0  startup_stm32g474xx.o(.text)
    USART1_IRQHandler                        0x080002c7   Thumb Code     0  startup_stm32g474xx.o(.text)
    USART2_IRQHandler                        0x080002c7   Thumb Code     0  startup_stm32g474xx.o(.text)
    USART3_IRQHandler                        0x080002c7   Thumb Code     0  startup_stm32g474xx.o(.text)
    USBWakeUp_IRQHandler                     0x080002c7   Thumb Code     0  startup_stm32g474xx.o(.text)
    USB_HP_IRQHandler                        0x080002c7   Thumb Code     0  startup_stm32g474xx.o(.text)
    USB_LP_IRQHandler                        0x080002c7   Thumb Code     0  startup_stm32g474xx.o(.text)
    WWDG_IRQHandler                          0x080002c7   Thumb Code     0  startup_stm32g474xx.o(.text)
    __aeabi_uldivmod                         0x080002d1   Thumb Code    98  uldiv.o(.text)
    __aeabi_memcpy                           0x08000333   Thumb Code    36  memcpya.o(.text)
    __aeabi_memcpy4                          0x08000333   Thumb Code     0  memcpya.o(.text)
    __aeabi_memcpy8                          0x08000333   Thumb Code     0  memcpya.o(.text)
    __aeabi_memset                           0x08000357   Thumb Code    14  memseta.o(.text)
    __aeabi_memset4                          0x08000357   Thumb Code     0  memseta.o(.text)
    __aeabi_memset8                          0x08000357   Thumb Code     0  memseta.o(.text)
    __aeabi_memclr                           0x08000365   Thumb Code     4  memseta.o(.text)
    __aeabi_memclr4                          0x08000365   Thumb Code     0  memseta.o(.text)
    __aeabi_memclr8                          0x08000365   Thumb Code     0  memseta.o(.text)
    memset                                   0x08000369   Thumb Code    18  memseta.o(.text)
    __aeabi_ddiv                             0x0800037b   Thumb Code   222  ddiv.o(.text)
    __aeabi_ui2d                             0x08000459   Thumb Code    26  dfltui.o(.text)
    __aeabi_d2uiz                            0x08000473   Thumb Code    50  dfixui.o(.text)
    __aeabi_llsl                             0x080004a5   Thumb Code    30  llshl.o(.text)
    _ll_shift_l                              0x080004a5   Thumb Code     0  llshl.o(.text)
    __aeabi_llsr                             0x080004c3   Thumb Code    32  llushr.o(.text)
    _ll_ushift_r                             0x080004c3   Thumb Code     0  llushr.o(.text)
    __I$use$fp                               0x080004e3   Thumb Code     0  iusefp.o(.text)
    _double_round                            0x080004e3   Thumb Code    30  depilogue.o(.text)
    _double_epilogue                         0x08000501   Thumb Code   156  depilogue.o(.text)
    __scatterload                            0x0800059d   Thumb Code    28  init.o(.text)
    __scatterload_rt2                        0x0800059d   Thumb Code     0  init.o(.text)
    BlePro_task                              0x080005c1   Thumb Code   168  appblepro.o(i.BlePro_task)
    BusFault_Handler                         0x0800067d   Thumb Code     2  stm32g4xx_it.o(i.BusFault_Handler)
    CLOSE_OPERATION                          0x08000681   Thumb Code    28  appperiod.o(i.CLOSE_OPERATION)
    ClrErrCnt                                0x080006a5   Thumb Code    20  appfaulthandler.o(i.ClrErrCnt)
    DebugMon_Handler                         0x080006bd   Thumb Code     2  stm32g4xx_it.o(i.DebugMon_Handler)
    Error_Handler                            0x080006bf   Thumb Code     4  main.o(i.Error_Handler)
    HAL_ADCEx_MultiModeConfigChannel         0x080006c5   Thumb Code   326  stm32g4xx_hal_adc_ex.o(i.HAL_ADCEx_MultiModeConfigChannel)
    HAL_ADC_ConfigChannel                    0x08000825   Thumb Code  1066  stm32g4xx_hal_adc.o(i.HAL_ADC_ConfigChannel)
    HAL_ADC_Init                             0x08000c91   Thumb Code   510  stm32g4xx_hal_adc.o(i.HAL_ADC_Init)
    HAL_ADC_MspInit                          0x08000ec1   Thumb Code   280  adc.o(i.HAL_ADC_MspInit)
    HAL_Delay                                0x08000fed   Thumb Code    32  stm32g4xx_hal.o(i.HAL_Delay)
    HAL_GPIO_Init                            0x08001011   Thumb Code   550  stm32g4xx_hal_gpio.o(i.HAL_GPIO_Init)
    HAL_GPIO_ReadPin                         0x08001259   Thumb Code    10  stm32g4xx_hal_gpio.o(i.HAL_GPIO_ReadPin)
    HAL_GPIO_WritePin                        0x08001263   Thumb Code    10  stm32g4xx_hal_gpio.o(i.HAL_GPIO_WritePin)
    HAL_GetTick                              0x0800126d   Thumb Code     6  stm32g4xx_hal.o(i.HAL_GetTick)
    HAL_HRTIM_BurstModeConfig                0x08001279   Thumb Code   126  stm32g4xx_hal_hrtim.o(i.HAL_HRTIM_BurstModeConfig)
    HAL_HRTIM_BurstModeCtl                   0x080012f7   Thumb Code    60  stm32g4xx_hal_hrtim.o(i.HAL_HRTIM_BurstModeCtl)
    HAL_HRTIM_DLLCalibrationStart            0x08001333   Thumb Code    98  stm32g4xx_hal_hrtim.o(i.HAL_HRTIM_DLLCalibrationStart)
    HAL_HRTIM_Init                           0x08001395   Thumb Code   184  stm32g4xx_hal_hrtim.o(i.HAL_HRTIM_Init)
    HAL_HRTIM_MspInit                        0x08001455   Thumb Code    30  hrtim.o(i.HAL_HRTIM_MspInit)
    HAL_HRTIM_PollForDLLCalibration          0x0800147d   Thumb Code    66  stm32g4xx_hal_hrtim.o(i.HAL_HRTIM_PollForDLLCalibration)
    HAL_HRTIM_RollOverModeConfig             0x080014bf   Thumb Code    74  stm32g4xx_hal_hrtim.o(i.HAL_HRTIM_RollOverModeConfig)
    HAL_HRTIM_TimeBaseConfig                 0x08001509   Thumb Code   122  stm32g4xx_hal_hrtim.o(i.HAL_HRTIM_TimeBaseConfig)
    HAL_HRTIM_WaveformCompareConfig          0x08001583   Thumb Code   308  stm32g4xx_hal_hrtim.o(i.HAL_HRTIM_WaveformCompareConfig)
    HAL_HRTIM_WaveformCountStart             0x080016b7   Thumb Code    44  stm32g4xx_hal_hrtim.o(i.HAL_HRTIM_WaveformCountStart)
    HAL_HRTIM_WaveformOutputConfig           0x080016e3   Thumb Code    54  stm32g4xx_hal_hrtim.o(i.HAL_HRTIM_WaveformOutputConfig)
    HAL_HRTIM_WaveformOutputStart            0x08001719   Thumb Code    48  stm32g4xx_hal_hrtim.o(i.HAL_HRTIM_WaveformOutputStart)
    HAL_HRTIM_WaveformTimerConfig            0x08001749   Thumb Code   144  stm32g4xx_hal_hrtim.o(i.HAL_HRTIM_WaveformTimerConfig)
    HAL_HRTIM_WaveformTimerControl           0x080017d9   Thumb Code   132  stm32g4xx_hal_hrtim.o(i.HAL_HRTIM_WaveformTimerControl)
    HAL_IncTick                              0x0800185d   Thumb Code    12  stm32g4xx_hal.o(i.HAL_IncTick)
    HAL_Init                                 0x0800186d   Thumb Code    30  stm32g4xx_hal.o(i.HAL_Init)
    HAL_InitTick                             0x0800188d   Thumb Code   116  stm32g4xx_hal_timebase_tim.o(i.HAL_InitTick)
    HAL_MspInit                              0x08001915   Thumb Code    54  stm32g4xx_hal_msp.o(i.HAL_MspInit)
    HAL_NVIC_EnableIRQ                       0x08001951   Thumb Code    26  stm32g4xx_hal_cortex.o(i.HAL_NVIC_EnableIRQ)
    HAL_NVIC_SetPriority                     0x0800196d   Thumb Code    60  stm32g4xx_hal_cortex.o(i.HAL_NVIC_SetPriority)
    HAL_NVIC_SetPriorityGrouping             0x080019ad   Thumb Code    26  stm32g4xx_hal_cortex.o(i.HAL_NVIC_SetPriorityGrouping)
    HAL_PWREx_ControlVoltageScaling          0x080019d1   Thumb Code   174  stm32g4xx_hal_pwr_ex.o(i.HAL_PWREx_ControlVoltageScaling)
    HAL_PWREx_DisableUCPDDeadBattery         0x08001a8d   Thumb Code    12  stm32g4xx_hal_pwr_ex.o(i.HAL_PWREx_DisableUCPDDeadBattery)
    HAL_RCCEx_PeriphCLKConfig                0x08001a9d   Thumb Code   758  stm32g4xx_hal_rcc_ex.o(i.HAL_RCCEx_PeriphCLKConfig)
    HAL_RCC_ClockConfig                      0x08001d9d   Thumb Code   444  stm32g4xx_hal_rcc.o(i.HAL_RCC_ClockConfig)
    HAL_RCC_GetClockConfig                   0x08001f79   Thumb Code    54  stm32g4xx_hal_rcc.o(i.HAL_RCC_GetClockConfig)
    HAL_RCC_GetPCLK1Freq                     0x08001fb9   Thumb Code    24  stm32g4xx_hal_rcc.o(i.HAL_RCC_GetPCLK1Freq)
    HAL_RCC_GetPCLK2Freq                     0x08001fdd   Thumb Code    24  stm32g4xx_hal_rcc.o(i.HAL_RCC_GetPCLK2Freq)
    HAL_RCC_GetSysClockFreq                  0x08002001   Thumb Code    98  stm32g4xx_hal_rcc.o(i.HAL_RCC_GetSysClockFreq)
    HAL_RCC_OscConfig                        0x08002071   Thumb Code  1028  stm32g4xx_hal_rcc.o(i.HAL_RCC_OscConfig)
    HAL_TIMEx_Break2Callback                 0x08002475   Thumb Code     2  stm32g4xx_hal_tim_ex.o(i.HAL_TIMEx_Break2Callback)
    HAL_TIMEx_BreakCallback                  0x08002477   Thumb Code     2  stm32g4xx_hal_tim_ex.o(i.HAL_TIMEx_BreakCallback)
    HAL_TIMEx_CommutCallback                 0x08002479   Thumb Code     2  stm32g4xx_hal_tim_ex.o(i.HAL_TIMEx_CommutCallback)
    HAL_TIMEx_ConfigBreakDeadTime            0x0800247d   Thumb Code   154  stm32g4xx_hal_tim_ex.o(i.HAL_TIMEx_ConfigBreakDeadTime)
    HAL_TIMEx_DirectionChangeCallback        0x08002525   Thumb Code     2  stm32g4xx_hal_tim_ex.o(i.HAL_TIMEx_DirectionChangeCallback)
    HAL_TIMEx_EncoderIndexCallback           0x08002527   Thumb Code     2  stm32g4xx_hal_tim_ex.o(i.HAL_TIMEx_EncoderIndexCallback)
    HAL_TIMEx_IndexErrorCallback             0x08002529   Thumb Code     2  stm32g4xx_hal_tim_ex.o(i.HAL_TIMEx_IndexErrorCallback)
    HAL_TIMEx_MasterConfigSynchronization    0x0800252d   Thumb Code   150  stm32g4xx_hal_tim_ex.o(i.HAL_TIMEx_MasterConfigSynchronization)
    HAL_TIMEx_TransitionErrorCallback        0x080025e5   Thumb Code     2  stm32g4xx_hal_tim_ex.o(i.HAL_TIMEx_TransitionErrorCallback)
    HAL_TIM_Base_Init                        0x080025e7   Thumb Code    98  stm32g4xx_hal_tim.o(i.HAL_TIM_Base_Init)
    HAL_TIM_Base_MspInit                     0x08002649   Thumb Code   126  tim.o(i.HAL_TIM_Base_MspInit)
    HAL_TIM_Base_Start_IT                    0x080026d5   Thumb Code   106  stm32g4xx_hal_tim.o(i.HAL_TIM_Base_Start_IT)
    HAL_TIM_ConfigClockSource                0x08002761   Thumb Code   234  stm32g4xx_hal_tim.o(i.HAL_TIM_ConfigClockSource)
    HAL_TIM_IC_CaptureCallback               0x08002851   Thumb Code   184  appperiod.o(i.HAL_TIM_IC_CaptureCallback)
    HAL_TIM_IC_ConfigChannel                 0x08002915   Thumb Code   292  stm32g4xx_hal_tim.o(i.HAL_TIM_IC_ConfigChannel)
    HAL_TIM_IC_Init                          0x08002a39   Thumb Code    98  stm32g4xx_hal_tim.o(i.HAL_TIM_IC_Init)
    HAL_TIM_IC_MspInit                       0x08002a9b   Thumb Code     2  stm32g4xx_hal_tim.o(i.HAL_TIM_IC_MspInit)
    HAL_TIM_IC_Start                         0x08002a9d   Thumb Code   246  stm32g4xx_hal_tim.o(i.HAL_TIM_IC_Start)
    HAL_TIM_IRQHandler                       0x08002bb5   Thumb Code   418  stm32g4xx_hal_tim.o(i.HAL_TIM_IRQHandler)
    HAL_TIM_MspPostInit                      0x08002d59   Thumb Code    72  tim.o(i.HAL_TIM_MspPostInit)
    HAL_TIM_OC_DelayElapsedCallback          0x08002da9   Thumb Code     2  stm32g4xx_hal_tim.o(i.HAL_TIM_OC_DelayElapsedCallback)
    HAL_TIM_PWM_ConfigChannel                0x08002dab   Thumb Code   292  stm32g4xx_hal_tim.o(i.HAL_TIM_PWM_ConfigChannel)
    HAL_TIM_PWM_Init                         0x08002ecf   Thumb Code    98  stm32g4xx_hal_tim.o(i.HAL_TIM_PWM_Init)
    HAL_TIM_PWM_MspInit                      0x08002f31   Thumb Code     2  stm32g4xx_hal_tim.o(i.HAL_TIM_PWM_MspInit)
    HAL_TIM_PWM_PulseFinishedCallback        0x08002f33   Thumb Code     2  stm32g4xx_hal_tim.o(i.HAL_TIM_PWM_PulseFinishedCallback)
    HAL_TIM_PWM_Start                        0x08002f35   Thumb Code   234  stm32g4xx_hal_tim.o(i.HAL_TIM_PWM_Start)
    HAL_TIM_PeriodElapsedCallback            0x08003049   Thumb Code    14  main.o(i.HAL_TIM_PeriodElapsedCallback)
    HAL_TIM_ReadCapturedValue                0x0800305d   Thumb Code    42  stm32g4xx_hal_tim.o(i.HAL_TIM_ReadCapturedValue)
    HAL_TIM_TriggerCallback                  0x08003087   Thumb Code     2  stm32g4xx_hal_tim.o(i.HAL_TIM_TriggerCallback)
    HAL_UARTEx_DisableFifoMode               0x08003089   Thumb Code    62  stm32g4xx_hal_uart_ex.o(i.HAL_UARTEx_DisableFifoMode)
    HAL_UARTEx_SetRxFifoThreshold            0x080030c7   Thumb Code    76  stm32g4xx_hal_uart_ex.o(i.HAL_UARTEx_SetRxFifoThreshold)
    HAL_UARTEx_SetTxFifoThreshold            0x08003113   Thumb Code    76  stm32g4xx_hal_uart_ex.o(i.HAL_UARTEx_SetTxFifoThreshold)
    HAL_UART_Init                            0x0800315f   Thumb Code   106  stm32g4xx_hal_uart.o(i.HAL_UART_Init)
    HAL_UART_MspInit                         0x080031c9   Thumb Code   234  usart.o(i.HAL_UART_MspInit)
    HardFault_Handler                        0x0800363d   Thumb Code     2  stm32g4xx_it.o(i.HardFault_Handler)
    MX_ADC1_Init                             0x08003691   Thumb Code   138  adc.o(i.MX_ADC1_Init)
    MX_ADC2_Init                             0x08003725   Thumb Code   112  adc.o(i.MX_ADC2_Init)
    MX_FREERTOS_Init                         0x080037a1   Thumb Code    24  app_freertos.o(i.MX_FREERTOS_Init)
    MX_GPIO_Init                             0x080037cd   Thumb Code   196  gpio.o(i.MX_GPIO_Init)
    MX_HRTIM1_Init                           0x0800389d   Thumb Code   426  hrtim.o(i.MX_HRTIM1_Init)
    MX_TIM2_Init                             0x08003a55   Thumb Code   152  tim.o(i.MX_TIM2_Init)
    MX_TIM8_Init                             0x08003af1   Thumb Code   218  tim.o(i.MX_TIM8_Init)
    MX_UART5_Init                            0x08003bd5   Thumb Code    94  usart.o(i.MX_UART5_Init)
    MX_USART3_UART_Init                      0x08003c3d   Thumb Code    94  usart.o(i.MX_USART3_UART_Init)
    MemManage_Handler                        0x08003ca5   Thumb Code     2  stm32g4xx_it.o(i.MemManage_Handler)
    NMI_Handler                              0x08003ca7   Thumb Code     2  stm32g4xx_it.o(i.NMI_Handler)
    NRF24L01_Gpio_Init                       0x08003ca9   Thumb Code   110  drv_rf24l01.o(i.NRF24L01_Gpio_Init)
    Period_task                              0x08003d25   Thumb Code    12  appperiod.o(i.Period_task)
    PhotoelectricSignalOperation             0x08003d31   Thumb Code    88  appperiod.o(i.PhotoelectricSignalOperation)
    Reset_Variable                           0x08003d9d   Thumb Code    20  appblepro.o(i.Reset_Variable)
    SET_PWM_Freq                             0x08003db9   Thumb Code    34  main.o(i.SET_PWM_Freq)
    Start_PWM                                0x08003de5   Thumb Code    84  hrtim.o(i.Start_PWM)
    Stop_PWM                                 0x08003e41   Thumb Code   108  hrtim.o(i.Stop_PWM)
    SysTick_Handler                          0x08003eb5   Thumb Code    26  cmsis_os2.o(i.SysTick_Handler)
    SystemClock_Config                       0x08003ecf   Thumb Code   106  main.o(i.SystemClock_Config)
    SystemInit                               0x08003f39   Thumb Code    12  system_stm32g4xx.o(i.SystemInit)
    TIM1_UP_TIM16_IRQHandler                 0x08003f49   Thumb Code     6  stm32g4xx_it.o(i.TIM1_UP_TIM16_IRQHandler)
    TIM2_IRQHandler                          0x08003f55   Thumb Code     6  stm32g4xx_it.o(i.TIM2_IRQHandler)
    TIM_Base_SetConfig                       0x08003f61   Thumb Code   190  stm32g4xx_hal_tim.o(i.TIM_Base_SetConfig)
    TIM_CCxChannelCmd                        0x08004045   Thumb Code    26  stm32g4xx_hal_tim.o(i.TIM_CCxChannelCmd)
    TIM_ETR_SetConfig                        0x0800405f   Thumb Code    20  stm32g4xx_hal_tim.o(i.TIM_ETR_SetConfig)
    TIM_OC2_SetConfig                        0x08004135   Thumb Code   132  stm32g4xx_hal_tim.o(i.TIM_OC2_SetConfig)
    TIM_TI1_SetConfig                        0x0800442d   Thumb Code   100  stm32g4xx_hal_tim.o(i.TIM_TI1_SetConfig)
    UART_AdvFeatureConfig                    0x0800454d   Thumb Code   200  stm32g4xx_hal_uart.o(i.UART_AdvFeatureConfig)
    UART_CheckIdleState                      0x08004615   Thumb Code   172  stm32g4xx_hal_uart.o(i.UART_CheckIdleState)
    UART_SetConfig                           0x08004715   Thumb Code   614  stm32g4xx_hal_uart.o(i.UART_SetConfig)
    UART_WaitOnFlagUntilTimeout              0x080049ad   Thumb Code   148  stm32g4xx_hal_uart.o(i.UART_WaitOnFlagUntilTimeout)
    UsageFault_Handler                       0x08004a41   Thumb Code     2  stm32g4xx_it.o(i.UsageFault_Handler)
    __scatterload_copy                       0x08004a63   Thumb Code    14  handlers.o(i.__scatterload_copy)
    __scatterload_null                       0x08004a71   Thumb Code     2  handlers.o(i.__scatterload_null)
    __scatterload_zeroinit                   0x08004a73   Thumb Code    14  handlers.o(i.__scatterload_zeroinit)
    drv_spi_init                             0x08004a81   Thumb Code   116  drv_spi.o(i.drv_spi_init)
    main                                     0x08004afd   Thumb Code    62  main.o(i.main)
    osKernelInitialize                       0x08004b3d   Thumb Code    32  cmsis_os2.o(i.osKernelInitialize)
    osKernelStart                            0x08004b61   Thumb Code    48  cmsis_os2.o(i.osKernelStart)
    pvPortMalloc                             0x08005345   Thumb Code   216  heap_4.o(i.pvPortMalloc)
    pxPortInitialiseStack                    0x08005421   Thumb Code    40  port.o(i.pxPortInitialiseStack)
    start_task                               0x0800544d   Thumb Code   114  app_freertos.o(i.start_task)
    uxListRemove                             0x080054fd   Thumb Code    38  list.o(i.uxListRemove)
    vApplicationGetIdleTaskMemory            0x08005525   Thumb Code    16  cmsis_os2.o(i.vApplicationGetIdleTaskMemory)
    vApplicationGetTimerTaskMemory           0x08005539   Thumb Code    18  cmsis_os2.o(i.vApplicationGetTimerTaskMemory)
    vListInitialise                          0x08005551   Thumb Code    22  list.o(i.vListInitialise)
    vListInitialiseItem                      0x08005567   Thumb Code     6  list.o(i.vListInitialiseItem)
    vListInsert                              0x0800556d   Thumb Code    48  list.o(i.vListInsert)
    vListInsertEnd                           0x0800559d   Thumb Code    24  list.o(i.vListInsertEnd)
    vPortEnterCritical                       0x080055b5   Thumb Code    54  port.o(i.vPortEnterCritical)
    vPortExitCritical                        0x080055f5   Thumb Code    34  port.o(i.vPortExitCritical)
    vPortFree                                0x0800561d   Thumb Code    94  heap_4.o(i.vPortFree)
    vPortSetupTimerInterrupt                 0x08005681   Thumb Code    32  port.o(i.vPortSetupTimerInterrupt)
    vPortValidateInterruptPriority           0x080056a5   Thumb Code    74  port.o(i.vPortValidateInterruptPriority)
    vQueueAddToRegistry                      0x080056f9   Thumb Code    34  queue.o(i.vQueueAddToRegistry)
    vQueueWaitForMessageRestricted           0x08005721   Thumb Code    68  queue.o(i.vQueueWaitForMessageRestricted)
    vTaskDelay                               0x08005765   Thumb Code    66  tasks.o(i.vTaskDelay)
    vTaskDelete                              0x080057b1   Thumb Code   130  tasks.o(i.vTaskDelete)
    vTaskInternalSetTimeOutState             0x08005841   Thumb Code    12  tasks.o(i.vTaskInternalSetTimeOutState)
    vTaskMissedYield                         0x08005851   Thumb Code     8  tasks.o(i.vTaskMissedYield)
    vTaskPlaceOnEventList                    0x0800585d   Thumb Code    44  tasks.o(i.vTaskPlaceOnEventList)
    vTaskPlaceOnEventListRestricted          0x0800588d   Thumb Code    52  tasks.o(i.vTaskPlaceOnEventListRestricted)
    vTaskStartScheduler                      0x080058c5   Thumb Code   118  tasks.o(i.vTaskStartScheduler)
    vTaskSuspendAll                          0x0800594d   Thumb Code    10  tasks.o(i.vTaskSuspendAll)
    vTaskSwitchContext                       0x0800595d   Thumb Code    90  tasks.o(i.vTaskSwitchContext)
    xPortStartScheduler                      0x080059c1   Thumb Code   222  port.o(i.xPortStartScheduler)
    xPortSysTickHandler                      0x08005ab5   Thumb Code    38  port.o(i.xPortSysTickHandler)
    xQueueCreateMutex                        0x08005ae1   Thumb Code    22  queue.o(i.xQueueCreateMutex)
    xQueueGenericCreate                      0x08005af7   Thumb Code    66  queue.o(i.xQueueGenericCreate)
    xQueueGenericCreateStatic                0x08005b39   Thumb Code   102  queue.o(i.xQueueGenericCreateStatic)
    xQueueGenericReset                       0x08005ba1   Thumb Code   132  queue.o(i.xQueueGenericReset)
    xQueueGenericSend                        0x08005c29   Thumb Code   346  queue.o(i.xQueueGenericSend)
    xQueueGenericSendFromISR                 0x08005d89   Thumb Code   190  queue.o(i.xQueueGenericSendFromISR)
    xQueueReceive                            0x08005e49   Thumb Code   308  queue.o(i.xQueueReceive)
    xTaskCheckForTimeOut                     0x08005f81   Thumb Code   112  tasks.o(i.xTaskCheckForTimeOut)
    xTaskCreate                              0x08005ff5   Thumb Code    90  tasks.o(i.xTaskCreate)
    xTaskCreateStatic                        0x0800604f   Thumb Code    86  tasks.o(i.xTaskCreateStatic)
    xTaskGetSchedulerState                   0x080060a5   Thumb Code    22  tasks.o(i.xTaskGetSchedulerState)
    xTaskGetTickCount                        0x080060c1   Thumb Code     6  tasks.o(i.xTaskGetTickCount)
    xTaskIncrementTick                       0x080060cd   Thumb Code   192  tasks.o(i.xTaskIncrementTick)
    xTaskPriorityDisinherit                  0x08006195   Thumb Code   118  tasks.o(i.xTaskPriorityDisinherit)
    xTaskRemoveFromEventList                 0x08006215   Thumb Code    98  tasks.o(i.xTaskRemoveFromEventList)
    xTaskResumeAll                           0x08006285   Thumb Code   182  tasks.o(i.xTaskResumeAll)
    xTimerCreateTimerTask                    0x08006349   Thumb Code    78  timers.o(i.xTimerCreateTimerTask)
    xTimerGenericCommand                     0x080063a9   Thumb Code    98  timers.o(i.xTimerGenericCommand)
    UARTPrescTable                           0x08006410   Data          24  stm32g4xx_hal_uart.o(.constdata)
    AHBPrescTable                            0x08006438   Data          16  system_stm32g4xx.o(.constdata)
    APBPrescTable                            0x08006448   Data           8  system_stm32g4xx.o(.constdata)
    Region$$Table$$Base                      0x08006450   Number         0  anon$$obj.o(Region$$Table)
    Region$$Table$$Limit                     0x08006470   Number         0  anon$$obj.o(Region$$Table)
    g_tx_system_stat                         0x20000000   Data           1  main.o(.data)
    g_system_status                          0x20000001   Data           1  main.o(.data)
    PwmFreq                                  0x20000002   Data           2  main.o(.data)
    StartTask_Handler                        0x20000004   Data           4  main.o(.data)
    Period_task_Handler                      0x20000008   Data           4  main.o(.data)
    BleProTask_Handler                       0x2000000c   Data           4  main.o(.data)
    BleSendSemaphore                         0x20000010   Data           4  main.o(.data)
    RcvProc2Semaphore                        0x20000014   Data           4  main.o(.data)
    RS485DataSemaphore                       0x20000018   Data           4  main.o(.data)
    MutexPrintfHandle                        0x2000001c   Data           4  main.o(.data)
    uwTickPrio                               0x20000024   Data           4  stm32g4xx_hal.o(.data)
    uwTickFreq                               0x20000028   Data           4  stm32g4xx_hal.o(.data)
    uwTick                                   0x2000002c   Data           4  stm32g4xx_hal.o(.data)
    SystemCoreClock                          0x20000030   Data           4  system_stm32g4xx.o(.data)
    pxCurrentTCB                             0x20000034   Data           4  tasks.o(.data)
    pwm_value                                0x200000c2   Data           2  appperiod.o(.data)
    hall_ref                                 0x200000c4   Data           4  appperiod.o(.data)
    FanCtrl_Handle                           0x200000d4   Data           4  appperiod.o(.data)
    TXparameter                              0x200000d8   Data          36  main.o(.bss)
    RXparameter                              0x200000fc   Data         156  main.o(.bss)
    hadc1                                    0x20000198   Data         108  adc.o(.bss)
    hadc2                                    0x20000204   Data         108  adc.o(.bss)
    hhrtim1                                  0x20000270   Data         252  hrtim.o(.bss)
    htim2                                    0x2000036c   Data          76  tim.o(.bss)
    htim8                                    0x200003b8   Data          76  tim.o(.bss)
    huart5                                   0x20000404   Data         148  usart.o(.bss)
    huart3                                   0x20000498   Data         148  usart.o(.bss)
    htim1                                    0x2000052c   Data          76  stm32g4xx_hal_timebase_tim.o(.bss)
    xQueueRegistry                           0x20000578   Data          64  queue.o(.bss)
    __initial_sp                             0x20003650   Data           0  startup_stm32g474xx.o(STACK)



==============================================================================

Memory Map of the image

  Image Entry point : 0x080001d9

  Load Region LR_IROM1 (Base: 0x08000000, Size: 0x00006548, Max: 0x00020000, ABSOLUTE)

    Execution Region ER_IROM1 (Exec base: 0x08000000, Load base: 0x08000000, Size: 0x00006470, Max: 0x00020000, ABSOLUTE)

    Exec Addr    Load Addr    Size         Type   Attr      Idx    E Section Name        Object

    0x08000000   0x08000000   0x000001d8   Data   RO            3    RESET               startup_stm32g474xx.o
    0x080001d8   0x080001d8   0x00000000   Code   RO         7708  * .ARM.Collect$$$$00000000  mc_w.l(entry.o)
    0x080001d8   0x080001d8   0x00000004   Code   RO         7988    .ARM.Collect$$$$00000001  mc_w.l(entry2.o)
    0x080001dc   0x080001dc   0x00000004   Code   RO         7991    .ARM.Collect$$$$00000004  mc_w.l(entry5.o)
    0x080001e0   0x080001e0   0x00000000   Code   RO         7993    .ARM.Collect$$$$00000008  mc_w.l(entry7b.o)
    0x080001e0   0x080001e0   0x00000000   Code   RO         7995    .ARM.Collect$$$$0000000A  mc_w.l(entry8b.o)
    0x080001e0   0x080001e0   0x00000008   Code   RO         7996    .ARM.Collect$$$$0000000B  mc_w.l(entry9a.o)
    0x080001e8   0x080001e8   0x00000000   Code   RO         7998    .ARM.Collect$$$$0000000D  mc_w.l(entry10a.o)
    0x080001e8   0x080001e8   0x00000000   Code   RO         8000    .ARM.Collect$$$$0000000F  mc_w.l(entry11a.o)
    0x080001e8   0x080001e8   0x00000004   Code   RO         7989    .ARM.Collect$$$$00002712  mc_w.l(entry2.o)
    0x080001ec   0x080001ec   0x000000be   Code   RO         7191    .emb_text           port.o
    0x080002aa   0x080002aa   0x00000002   PAD
    0x080002ac   0x080002ac   0x00000024   Code   RO            4    .text               startup_stm32g474xx.o
    0x080002d0   0x080002d0   0x00000062   Code   RO         7711    .text               mc_w.l(uldiv.o)
    0x08000332   0x08000332   0x00000024   Code   RO         7713    .text               mc_w.l(memcpya.o)
    0x08000356   0x08000356   0x00000024   Code   RO         7717    .text               mc_w.l(memseta.o)
    0x0800037a   0x0800037a   0x000000de   Code   RO         7982    .text               mf_w.l(ddiv.o)
    0x08000458   0x08000458   0x0000001a   Code   RO         7984    .text               mf_w.l(dfltui.o)
    0x08000472   0x08000472   0x00000032   Code   RO         7986    .text               mf_w.l(dfixui.o)
    0x080004a4   0x080004a4   0x0000001e   Code   RO         8005    .text               mc_w.l(llshl.o)
    0x080004c2   0x080004c2   0x00000020   Code   RO         8007    .text               mc_w.l(llushr.o)
    0x080004e2   0x080004e2   0x00000000   Code   RO         8009    .text               mc_w.l(iusefp.o)
    0x080004e2   0x080004e2   0x000000ba   Code   RO         8010    .text               mf_w.l(depilogue.o)
    0x0800059c   0x0800059c   0x00000024   Code   RO         8020    .text               mc_w.l(init.o)
    0x080005c0   0x080005c0   0x000000bc   Code   RO         7271    i.BlePro_task       appblepro.o
    0x0800067c   0x0800067c   0x00000002   Code   RO          814    i.BusFault_Handler  stm32g4xx_it.o
    0x0800067e   0x0800067e   0x00000002   PAD
    0x08000680   0x08000680   0x00000024   Code   RO         7382    i.CLOSE_OPERATION   appperiod.o
    0x080006a4   0x080006a4   0x00000018   Code   RO         7333    i.ClrErrCnt         appfaulthandler.o
    0x080006bc   0x080006bc   0x00000002   Code   RO          815    i.DebugMon_Handler  stm32g4xx_it.o
    0x080006be   0x080006be   0x00000004   Code   RO           13    i.Error_Handler     main.o
    0x080006c2   0x080006c2   0x00000002   PAD
    0x080006c4   0x080006c4   0x00000160   Code   RO         2347    i.HAL_ADCEx_MultiModeConfigChannel  stm32g4xx_hal_adc_ex.o
    0x08000824   0x08000824   0x0000046c   Code   RO         2099    i.HAL_ADC_ConfigChannel  stm32g4xx_hal_adc.o
    0x08000c90   0x08000c90   0x00000230   Code   RO         2108    i.HAL_ADC_Init      stm32g4xx_hal_adc.o
    0x08000ec0   0x08000ec0   0x0000012c   Code   RO          530    i.HAL_ADC_MspInit   adc.o
    0x08000fec   0x08000fec   0x00000024   Code   RO         2546    i.HAL_Delay         stm32g4xx_hal.o
    0x08001010   0x08001010   0x00000248   Code   RO         3271    i.HAL_GPIO_Init     stm32g4xx_hal_gpio.o
    0x08001258   0x08001258   0x0000000a   Code   RO         3273    i.HAL_GPIO_ReadPin  stm32g4xx_hal_gpio.o
    0x08001262   0x08001262   0x0000000a   Code   RO         3275    i.HAL_GPIO_WritePin  stm32g4xx_hal_gpio.o
    0x0800126c   0x0800126c   0x0000000c   Code   RO         2550    i.HAL_GetTick       stm32g4xx_hal.o
    0x08001278   0x08001278   0x0000007e   Code   RO         4066    i.HAL_HRTIM_BurstModeConfig  stm32g4xx_hal_hrtim.o
    0x080012f6   0x080012f6   0x0000003c   Code   RO         4067    i.HAL_HRTIM_BurstModeCtl  stm32g4xx_hal_hrtim.o
    0x08001332   0x08001332   0x00000062   Code   RO         4079    i.HAL_HRTIM_DLLCalibrationStart  stm32g4xx_hal_hrtim.o
    0x08001394   0x08001394   0x000000c0   Code   RO         4112    i.HAL_HRTIM_Init    stm32g4xx_hal_hrtim.o
    0x08001454   0x08001454   0x00000028   Code   RO          588    i.HAL_HRTIM_MspInit  hrtim.o
    0x0800147c   0x0800147c   0x00000042   Code   RO         4121    i.HAL_HRTIM_PollForDLLCalibration  stm32g4xx_hal_hrtim.o
    0x080014be   0x080014be   0x0000004a   Code   RO         4124    i.HAL_HRTIM_RollOverModeConfig  stm32g4xx_hal_hrtim.o
    0x08001508   0x08001508   0x0000007a   Code   RO         4163    i.HAL_HRTIM_TimeBaseConfig  stm32g4xx_hal_hrtim.o
    0x08001582   0x08001582   0x00000134   Code   RO         4169    i.HAL_HRTIM_WaveformCompareConfig  stm32g4xx_hal_hrtim.o
    0x080016b6   0x080016b6   0x0000002c   Code   RO         4170    i.HAL_HRTIM_WaveformCountStart  stm32g4xx_hal_hrtim.o
    0x080016e2   0x080016e2   0x00000036   Code   RO         4178    i.HAL_HRTIM_WaveformOutputConfig  stm32g4xx_hal_hrtim.o
    0x08001718   0x08001718   0x00000030   Code   RO         4179    i.HAL_HRTIM_WaveformOutputStart  stm32g4xx_hal_hrtim.o
    0x08001748   0x08001748   0x00000090   Code   RO         4182    i.HAL_HRTIM_WaveformTimerConfig  stm32g4xx_hal_hrtim.o
    0x080017d8   0x080017d8   0x00000084   Code   RO         4183    i.HAL_HRTIM_WaveformTimerControl  stm32g4xx_hal_hrtim.o
    0x0800185c   0x0800185c   0x00000010   Code   RO         2556    i.HAL_IncTick       stm32g4xx_hal.o
    0x0800186c   0x0800186c   0x0000001e   Code   RO         2557    i.HAL_Init          stm32g4xx_hal.o
    0x0800188a   0x0800188a   0x00000002   PAD
    0x0800188c   0x0800188c   0x00000088   Code   RO          908    i.HAL_InitTick      stm32g4xx_hal_timebase_tim.o
    0x08001914   0x08001914   0x0000003c   Code   RO          884    i.HAL_MspInit       stm32g4xx_hal_msp.o
    0x08001950   0x08001950   0x0000001a   Code   RO         3920    i.HAL_NVIC_EnableIRQ  stm32g4xx_hal_cortex.o
    0x0800196a   0x0800196a   0x00000002   PAD
    0x0800196c   0x0800196c   0x00000040   Code   RO         3926    i.HAL_NVIC_SetPriority  stm32g4xx_hal_cortex.o
    0x080019ac   0x080019ac   0x00000024   Code   RO         3927    i.HAL_NVIC_SetPriorityGrouping  stm32g4xx_hal_cortex.o
    0x080019d0   0x080019d0   0x000000bc   Code   RO         3674    i.HAL_PWREx_ControlVoltageScaling  stm32g4xx_hal_pwr_ex.o
    0x08001a8c   0x08001a8c   0x00000010   Code   RO         3686    i.HAL_PWREx_DisableUCPDDeadBattery  stm32g4xx_hal_pwr_ex.o
    0x08001a9c   0x08001a9c   0x00000300   Code   RO         2917    i.HAL_RCCEx_PeriphCLKConfig  stm32g4xx_hal_rcc_ex.o
    0x08001d9c   0x08001d9c   0x000001dc   Code   RO         2792    i.HAL_RCC_ClockConfig  stm32g4xx_hal_rcc.o
    0x08001f78   0x08001f78   0x00000040   Code   RO         2797    i.HAL_RCC_GetClockConfig  stm32g4xx_hal_rcc.o
    0x08001fb8   0x08001fb8   0x00000024   Code   RO         2800    i.HAL_RCC_GetPCLK1Freq  stm32g4xx_hal_rcc.o
    0x08001fdc   0x08001fdc   0x00000024   Code   RO         2801    i.HAL_RCC_GetPCLK2Freq  stm32g4xx_hal_rcc.o
    0x08002000   0x08002000   0x00000070   Code   RO         2802    i.HAL_RCC_GetSysClockFreq  stm32g4xx_hal_rcc.o
    0x08002070   0x08002070   0x00000404   Code   RO         2805    i.HAL_RCC_OscConfig  stm32g4xx_hal_rcc.o
    0x08002474   0x08002474   0x00000002   Code   RO         1663    i.HAL_TIMEx_Break2Callback  stm32g4xx_hal_tim_ex.o
    0x08002476   0x08002476   0x00000002   Code   RO         1664    i.HAL_TIMEx_BreakCallback  stm32g4xx_hal_tim_ex.o
    0x08002478   0x08002478   0x00000002   Code   RO         1665    i.HAL_TIMEx_CommutCallback  stm32g4xx_hal_tim_ex.o
    0x0800247a   0x0800247a   0x00000002   PAD
    0x0800247c   0x0800247c   0x000000a8   Code   RO         1668    i.HAL_TIMEx_ConfigBreakDeadTime  stm32g4xx_hal_tim_ex.o
    0x08002524   0x08002524   0x00000002   Code   RO         1676    i.HAL_TIMEx_DirectionChangeCallback  stm32g4xx_hal_tim_ex.o
    0x08002526   0x08002526   0x00000002   Code   RO         1690    i.HAL_TIMEx_EncoderIndexCallback  stm32g4xx_hal_tim_ex.o
    0x08002528   0x08002528   0x00000002   Code   RO         1704    i.HAL_TIMEx_IndexErrorCallback  stm32g4xx_hal_tim_ex.o
    0x0800252a   0x0800252a   0x00000002   PAD
    0x0800252c   0x0800252c   0x000000b8   Code   RO         1705    i.HAL_TIMEx_MasterConfigSynchronization  stm32g4xx_hal_tim_ex.o
    0x080025e4   0x080025e4   0x00000002   Code   RO         1726    i.HAL_TIMEx_TransitionErrorCallback  stm32g4xx_hal_tim_ex.o
    0x080025e6   0x080025e6   0x00000062   Code   RO          949    i.HAL_TIM_Base_Init  stm32g4xx_hal_tim.o
    0x08002648   0x08002648   0x0000008c   Code   RO          686    i.HAL_TIM_Base_MspInit  tim.o
    0x080026d4   0x080026d4   0x0000008c   Code   RO          954    i.HAL_TIM_Base_Start_IT  stm32g4xx_hal_tim.o
    0x08002760   0x08002760   0x000000f0   Code   RO          958    i.HAL_TIM_ConfigClockSource  stm32g4xx_hal_tim.o
    0x08002850   0x08002850   0x000000c4   Code   RO         7390    i.HAL_TIM_IC_CaptureCallback  appperiod.o
    0x08002914   0x08002914   0x00000124   Code   RO          985    i.HAL_TIM_IC_ConfigChannel  stm32g4xx_hal_tim.o
    0x08002a38   0x08002a38   0x00000062   Code   RO          988    i.HAL_TIM_IC_Init   stm32g4xx_hal_tim.o
    0x08002a9a   0x08002a9a   0x00000002   Code   RO          990    i.HAL_TIM_IC_MspInit  stm32g4xx_hal_tim.o
    0x08002a9c   0x08002a9c   0x00000118   Code   RO          991    i.HAL_TIM_IC_Start  stm32g4xx_hal_tim.o
    0x08002bb4   0x08002bb4   0x000001a2   Code   RO          997    i.HAL_TIM_IRQHandler  stm32g4xx_hal_tim.o
    0x08002d56   0x08002d56   0x00000002   PAD
    0x08002d58   0x08002d58   0x00000050   Code   RO          687    i.HAL_TIM_MspPostInit  tim.o
    0x08002da8   0x08002da8   0x00000002   Code   RO         1000    i.HAL_TIM_OC_DelayElapsedCallback  stm32g4xx_hal_tim.o
    0x08002daa   0x08002daa   0x00000124   Code   RO         1021    i.HAL_TIM_PWM_ConfigChannel  stm32g4xx_hal_tim.o
    0x08002ece   0x08002ece   0x00000062   Code   RO         1024    i.HAL_TIM_PWM_Init  stm32g4xx_hal_tim.o
    0x08002f30   0x08002f30   0x00000002   Code   RO         1026    i.HAL_TIM_PWM_MspInit  stm32g4xx_hal_tim.o
    0x08002f32   0x08002f32   0x00000002   Code   RO         1027    i.HAL_TIM_PWM_PulseFinishedCallback  stm32g4xx_hal_tim.o
    0x08002f34   0x08002f34   0x00000114   Code   RO         1029    i.HAL_TIM_PWM_Start  stm32g4xx_hal_tim.o
    0x08003048   0x08003048   0x00000014   Code   RO           14    i.HAL_TIM_PeriodElapsedCallback  main.o
    0x0800305c   0x0800305c   0x0000002a   Code   RO         1037    i.HAL_TIM_ReadCapturedValue  stm32g4xx_hal_tim.o
    0x08003086   0x08003086   0x00000002   Code   RO         1040    i.HAL_TIM_TriggerCallback  stm32g4xx_hal_tim.o
    0x08003088   0x08003088   0x0000003e   Code   RO         5358    i.HAL_UARTEx_DisableFifoMode  stm32g4xx_hal_uart_ex.o
    0x080030c6   0x080030c6   0x0000004c   Code   RO         5367    i.HAL_UARTEx_SetRxFifoThreshold  stm32g4xx_hal_uart_ex.o
    0x08003112   0x08003112   0x0000004c   Code   RO         5368    i.HAL_UARTEx_SetTxFifoThreshold  stm32g4xx_hal_uart_ex.o
    0x0800315e   0x0800315e   0x0000006a   Code   RO         4967    i.HAL_UART_Init     stm32g4xx_hal_uart.o
    0x080031c8   0x080031c8   0x00000100   Code   RO          742    i.HAL_UART_MspInit  usart.o
    0x080032c8   0x080032c8   0x00000068   Code   RO         4190    i.HRTIM_ForceRegistersUpdate  stm32g4xx_hal_hrtim.o
    0x08003330   0x08003330   0x00000092   Code   RO         4195    i.HRTIM_MasterWaveform_Config  stm32g4xx_hal_hrtim.o
    0x080033c2   0x080033c2   0x000000de   Code   RO         4197    i.HRTIM_OutputConfig  stm32g4xx_hal_hrtim.o
    0x080034a0   0x080034a0   0x0000019c   Code   RO         4200    i.HRTIM_TimingUnitWaveform_Config  stm32g4xx_hal_hrtim.o
    0x0800363c   0x0800363c   0x00000002   Code   RO          816    i.HardFault_Handler  stm32g4xx_it.o
    0x0800363e   0x0800363e   0x0000000c   Code   RO         2122    i.LL_ADC_GetOffsetChannel  stm32g4xx_hal_adc.o
    0x0800364a   0x0800364a   0x00000008   Code   RO         2123    i.LL_ADC_INJ_IsConversionOngoing  stm32g4xx_hal_adc.o
    0x08003652   0x08003652   0x00000008   Code   RO         2124    i.LL_ADC_REG_IsConversionOngoing  stm32g4xx_hal_adc.o
    0x0800365a   0x0800365a   0x00000008   Code   RO         2357    i.LL_ADC_REG_IsConversionOngoing  stm32g4xx_hal_adc_ex.o
    0x08003662   0x08003662   0x0000001e   Code   RO         2127    i.LL_ADC_SetChannelSamplingTime  stm32g4xx_hal_adc.o
    0x08003680   0x08003680   0x00000010   Code   RO         2128    i.LL_ADC_SetOffsetState  stm32g4xx_hal_adc.o
    0x08003690   0x08003690   0x00000094   Code   RO          531    i.MX_ADC1_Init      adc.o
    0x08003724   0x08003724   0x0000007c   Code   RO          532    i.MX_ADC2_Init      adc.o
    0x080037a0   0x080037a0   0x0000002c   Code   RO          321    i.MX_FREERTOS_Init  app_freertos.o
    0x080037cc   0x080037cc   0x000000d0   Code   RO          293    i.MX_GPIO_Init      gpio.o
    0x0800389c   0x0800389c   0x000001b8   Code   RO          590    i.MX_HRTIM1_Init    hrtim.o
    0x08003a54   0x08003a54   0x0000009c   Code   RO          688    i.MX_TIM2_Init      tim.o
    0x08003af0   0x08003af0   0x000000e4   Code   RO          689    i.MX_TIM8_Init      tim.o
    0x08003bd4   0x08003bd4   0x00000068   Code   RO          743    i.MX_UART5_Init     usart.o
    0x08003c3c   0x08003c3c   0x00000068   Code   RO          744    i.MX_USART3_UART_Init  usart.o
    0x08003ca4   0x08003ca4   0x00000002   Code   RO          817    i.MemManage_Handler  stm32g4xx_it.o
    0x08003ca6   0x08003ca6   0x00000002   Code   RO          818    i.NMI_Handler       stm32g4xx_it.o
    0x08003ca8   0x08003ca8   0x0000007c   Code   RO         7588    i.NRF24L01_Gpio_Init  drv_rf24l01.o
    0x08003d24   0x08003d24   0x0000000c   Code   RO         7391    i.Period_task       appperiod.o
    0x08003d30   0x08003d30   0x0000006c   Code   RO         7392    i.PhotoelectricSignalOperation  appperiod.o
    0x08003d9c   0x08003d9c   0x0000001c   Code   RO         7274    i.Reset_Variable    appblepro.o
    0x08003db8   0x08003db8   0x0000002c   Code   RO           15    i.SET_PWM_Freq      main.o
    0x08003de4   0x08003de4   0x0000005c   Code   RO          591    i.Start_PWM         hrtim.o
    0x08003e40   0x08003e40   0x00000074   Code   RO          592    i.Stop_PWM          hrtim.o
    0x08003eb4   0x08003eb4   0x0000001a   Code   RO         6622    i.SysTick_Handler   cmsis_os2.o
    0x08003ece   0x08003ece   0x0000006a   Code   RO           16    i.SystemClock_Config  main.o
    0x08003f38   0x08003f38   0x00000010   Code   RO         5477    i.SystemInit        system_stm32g4xx.o
    0x08003f48   0x08003f48   0x0000000c   Code   RO          819    i.TIM1_UP_TIM16_IRQHandler  stm32g4xx_it.o
    0x08003f54   0x08003f54   0x0000000c   Code   RO          820    i.TIM2_IRQHandler   stm32g4xx_it.o
    0x08003f60   0x08003f60   0x000000e4   Code   RO         1042    i.TIM_Base_SetConfig  stm32g4xx_hal_tim.o
    0x08004044   0x08004044   0x0000001a   Code   RO         1043    i.TIM_CCxChannelCmd  stm32g4xx_hal_tim.o
    0x0800405e   0x0800405e   0x00000014   Code   RO         1053    i.TIM_ETR_SetConfig  stm32g4xx_hal_tim.o
    0x08004072   0x08004072   0x00000002   PAD
    0x08004074   0x08004074   0x00000014   Code   RO         1054    i.TIM_ITRx_SetConfig  stm32g4xx_hal_tim.o
    0x08004088   0x08004088   0x000000ac   Code   RO         1055    i.TIM_OC1_SetConfig  stm32g4xx_hal_tim.o
    0x08004134   0x08004134   0x000000a0   Code   RO         1056    i.TIM_OC2_SetConfig  stm32g4xx_hal_tim.o
    0x080041d4   0x080041d4   0x000000a0   Code   RO         1057    i.TIM_OC3_SetConfig  stm32g4xx_hal_tim.o
    0x08004274   0x08004274   0x000000a0   Code   RO         1058    i.TIM_OC4_SetConfig  stm32g4xx_hal_tim.o
    0x08004314   0x08004314   0x00000078   Code   RO         1059    i.TIM_OC5_SetConfig  stm32g4xx_hal_tim.o
    0x0800438c   0x0800438c   0x0000007c   Code   RO         1060    i.TIM_OC6_SetConfig  stm32g4xx_hal_tim.o
    0x08004408   0x08004408   0x00000022   Code   RO         1062    i.TIM_TI1_ConfigInputStage  stm32g4xx_hal_tim.o
    0x0800442a   0x0800442a   0x00000002   PAD
    0x0800442c   0x0800442c   0x00000080   Code   RO         1063    i.TIM_TI1_SetConfig  stm32g4xx_hal_tim.o
    0x080044ac   0x080044ac   0x00000024   Code   RO         1064    i.TIM_TI2_ConfigInputStage  stm32g4xx_hal_tim.o
    0x080044d0   0x080044d0   0x00000036   Code   RO         1065    i.TIM_TI2_SetConfig  stm32g4xx_hal_tim.o
    0x08004506   0x08004506   0x00000002   PAD
    0x08004508   0x08004508   0x00000044   Code   RO         5372    i.UARTEx_SetNbDataToProcess  stm32g4xx_hal_uart_ex.o
    0x0800454c   0x0800454c   0x000000c8   Code   RO         4981    i.UART_AdvFeatureConfig  stm32g4xx_hal_uart.o
    0x08004614   0x08004614   0x000000ac   Code   RO         4982    i.UART_CheckIdleState  stm32g4xx_hal_uart.o
    0x080046c0   0x080046c0   0x00000054   Code   RO         4993    i.UART_EndRxTransfer  stm32g4xx_hal_uart.o
    0x08004714   0x08004714   0x00000298   Code   RO         4999    i.UART_SetConfig    stm32g4xx_hal_uart.o
    0x080049ac   0x080049ac   0x00000094   Code   RO         5006    i.UART_WaitOnFlagUntilTimeout  stm32g4xx_hal_uart.o
    0x08004a40   0x08004a40   0x00000002   Code   RO          821    i.UsageFault_Handler  stm32g4xx_it.o
    0x08004a42   0x08004a42   0x00000020   Code   RO         3933    i.__NVIC_SetPriority  stm32g4xx_hal_cortex.o
    0x08004a62   0x08004a62   0x0000000e   Code   RO         8026    i.__scatterload_copy  mc_w.l(handlers.o)
    0x08004a70   0x08004a70   0x00000002   Code   RO         8027    i.__scatterload_null  mc_w.l(handlers.o)
    0x08004a72   0x08004a72   0x0000000e   Code   RO         8028    i.__scatterload_zeroinit  mc_w.l(handlers.o)
    0x08004a80   0x08004a80   0x0000007c   Code   RO         7675    i.drv_spi_init      drv_spi.o
    0x08004afc   0x08004afc   0x0000003e   Code   RO           17    i.main              main.o
    0x08004b3a   0x08004b3a   0x00000002   PAD
    0x08004b3c   0x08004b3c   0x00000024   Code   RO         6638    i.osKernelInitialize  cmsis_os2.o
    0x08004b60   0x08004b60   0x00000038   Code   RO         6641    i.osKernelStart     cmsis_os2.o
    0x08004b98   0x08004b98   0x0000005c   Code   RO         6086    i.prvAddCurrentTaskToDelayedList  tasks.o
    0x08004bf4   0x08004bf4   0x000000d0   Code   RO         6087    i.prvAddNewTaskToReadyList  tasks.o
    0x08004cc4   0x08004cc4   0x00000058   Code   RO         6451    i.prvCheckForValidListAndQueue  timers.o
    0x08004d1c   0x08004d1c   0x00000026   Code   RO         5683    i.prvCopyDataFromQueue  queue.o
    0x08004d42   0x08004d42   0x0000006c   Code   RO         5684    i.prvCopyDataToQueue  queue.o
    0x08004dae   0x08004dae   0x00000034   Code   RO         6088    i.prvDeleteTCB      tasks.o
    0x08004de2   0x08004de2   0x00000002   PAD
    0x08004de4   0x08004de4   0x0000004c   Code   RO         7136    i.prvHeapInit       heap_4.o
    0x08004e30   0x08004e30   0x00000060   Code   RO         6089    i.prvIdleTask       tasks.o
    0x08004e90   0x08004e90   0x00000016   Code   RO         5685    i.prvInitialiseMutex  queue.o
    0x08004ea6   0x08004ea6   0x00000002   PAD
    0x08004ea8   0x08004ea8   0x00000022   Code   RO         5686    i.prvInitialiseNewQueue  queue.o
    0x08004eca   0x08004eca   0x00000002   PAD
    0x08004ecc   0x08004ecc   0x000000b0   Code   RO         6090    i.prvInitialiseNewTask  tasks.o
    0x08004f7c   0x08004f7c   0x0000004c   Code   RO         7137    i.prvInsertBlockIntoFreeList  heap_4.o
    0x08004fc8   0x08004fc8   0x00000038   Code   RO         6453    i.prvInsertTimerInActiveList  timers.o
    0x08005000   0x08005000   0x0000001c   Code   RO         5687    i.prvIsQueueEmpty   queue.o
    0x0800501c   0x0800501c   0x000000fc   Code   RO         6454    i.prvProcessReceivedCommands  timers.o
    0x08005118   0x08005118   0x000000c0   Code   RO         6455    i.prvProcessTimerOrBlockTask  timers.o
    0x080051d8   0x080051d8   0x00000020   Code   RO         6092    i.prvResetNextTaskUnblockTime  tasks.o
    0x080051f8   0x080051f8   0x00000028   Code   RO         6456    i.prvSampleTimeNow  timers.o
    0x08005220   0x08005220   0x0000006c   Code   RO         6457    i.prvSwitchTimerLists  timers.o
    0x0800528c   0x0800528c   0x00000028   Code   RO         7192    i.prvTaskExitError  port.o
    0x080052b4   0x080052b4   0x00000024   Code   RO         6458    i.prvTimerTask      timers.o
    0x080052d8   0x080052d8   0x0000006a   Code   RO         5688    i.prvUnlockQueue    queue.o
    0x08005342   0x08005342   0x00000002   PAD
    0x08005344   0x08005344   0x000000dc   Code   RO         7138    i.pvPortMalloc      heap_4.o
    0x08005420   0x08005420   0x0000002c   Code   RO         7193    i.pxPortInitialiseStack  port.o
    0x0800544c   0x0800544c   0x000000b0   Code   RO          323    i.start_task        app_freertos.o
    0x080054fc   0x080054fc   0x00000026   Code   RO         5643    i.uxListRemove      list.o
    0x08005522   0x08005522   0x00000002   PAD
    0x08005524   0x08005524   0x00000014   Code   RO         6695    i.vApplicationGetIdleTaskMemory  cmsis_os2.o
    0x08005538   0x08005538   0x00000018   Code   RO         6696    i.vApplicationGetTimerTaskMemory  cmsis_os2.o
    0x08005550   0x08005550   0x00000016   Code   RO         5644    i.vListInitialise   list.o
    0x08005566   0x08005566   0x00000006   Code   RO         5645    i.vListInitialiseItem  list.o
    0x0800556c   0x0800556c   0x00000030   Code   RO         5646    i.vListInsert       list.o
    0x0800559c   0x0800559c   0x00000018   Code   RO         5647    i.vListInsertEnd    list.o
    0x080055b4   0x080055b4   0x00000040   Code   RO         7195    i.vPortEnterCritical  port.o
    0x080055f4   0x080055f4   0x00000028   Code   RO         7196    i.vPortExitCritical  port.o
    0x0800561c   0x0800561c   0x00000064   Code   RO         7139    i.vPortFree         heap_4.o
    0x08005680   0x08005680   0x00000024   Code   RO         7197    i.vPortSetupTimerInterrupt  port.o
    0x080056a4   0x080056a4   0x00000054   Code   RO         7198    i.vPortValidateInterruptPriority  port.o
    0x080056f8   0x080056f8   0x00000028   Code   RO         5694    i.vQueueAddToRegistry  queue.o
    0x08005720   0x08005720   0x00000044   Code   RO         5698    i.vQueueWaitForMessageRestricted  queue.o
    0x08005764   0x08005764   0x0000004c   Code   RO         6105    i.vTaskDelay        tasks.o
    0x080057b0   0x080057b0   0x00000090   Code   RO         6107    i.vTaskDelete       tasks.o
    0x08005840   0x08005840   0x00000010   Code   RO         6110    i.vTaskInternalSetTimeOutState  tasks.o
    0x08005850   0x08005850   0x0000000c   Code   RO         6111    i.vTaskMissedYield  tasks.o
    0x0800585c   0x0800585c   0x00000030   Code   RO         6113    i.vTaskPlaceOnEventList  tasks.o
    0x0800588c   0x0800588c   0x00000038   Code   RO         6114    i.vTaskPlaceOnEventListRestricted  tasks.o
    0x080058c4   0x080058c4   0x00000088   Code   RO         6122    i.vTaskStartScheduler  tasks.o
    0x0800594c   0x0800594c   0x00000010   Code   RO         6124    i.vTaskSuspendAll   tasks.o
    0x0800595c   0x0800595c   0x00000064   Code   RO         6125    i.vTaskSwitchContext  tasks.o
    0x080059c0   0x080059c0   0x000000f4   Code   RO         7199    i.xPortStartScheduler  port.o
    0x08005ab4   0x08005ab4   0x0000002c   Code   RO         7200    i.xPortSysTickHandler  port.o
    0x08005ae0   0x08005ae0   0x00000016   Code   RO         5701    i.xQueueCreateMutex  queue.o
    0x08005af6   0x08005af6   0x00000042   Code   RO         5703    i.xQueueGenericCreate  queue.o
    0x08005b38   0x08005b38   0x00000066   Code   RO         5704    i.xQueueGenericCreateStatic  queue.o
    0x08005b9e   0x08005b9e   0x00000002   PAD
    0x08005ba0   0x08005ba0   0x00000088   Code   RO         5705    i.xQueueGenericReset  queue.o
    0x08005c28   0x08005c28   0x00000160   Code   RO         5706    i.xQueueGenericSend  queue.o
    0x08005d88   0x08005d88   0x000000be   Code   RO         5707    i.xQueueGenericSendFromISR  queue.o
    0x08005e46   0x08005e46   0x00000002   PAD
    0x08005e48   0x08005e48   0x00000138   Code   RO         5716    i.xQueueReceive     queue.o
    0x08005f80   0x08005f80   0x00000074   Code   RO         6127    i.xTaskCheckForTimeOut  tasks.o
    0x08005ff4   0x08005ff4   0x0000005a   Code   RO         6128    i.xTaskCreate       tasks.o
    0x0800604e   0x0800604e   0x00000056   Code   RO         6129    i.xTaskCreateStatic  tasks.o
    0x080060a4   0x080060a4   0x0000001c   Code   RO         6133    i.xTaskGetSchedulerState  tasks.o
    0x080060c0   0x080060c0   0x0000000c   Code   RO         6134    i.xTaskGetTickCount  tasks.o
    0x080060cc   0x080060cc   0x000000c8   Code   RO         6136    i.xTaskIncrementTick  tasks.o
    0x08006194   0x08006194   0x00000080   Code   RO         6139    i.xTaskPriorityDisinherit  tasks.o
    0x08006214   0x08006214   0x00000070   Code   RO         6141    i.xTaskRemoveFromEventList  tasks.o
    0x08006284   0x08006284   0x000000c4   Code   RO         6142    i.xTaskResumeAll    tasks.o
    0x08006348   0x08006348   0x00000060   Code   RO         6467    i.xTimerCreateTimerTask  timers.o
    0x080063a8   0x080063a8   0x00000068   Code   RO         6468    i.xTimerGenericCommand  timers.o
    0x08006410   0x08006410   0x00000018   Data   RO         5007    .constdata          stm32g4xx_hal_uart.o
    0x08006428   0x08006428   0x00000010   Data   RO         5373    .constdata          stm32g4xx_hal_uart_ex.o
    0x08006438   0x08006438   0x00000010   Data   RO         5478    .constdata          system_stm32g4xx.o
    0x08006448   0x08006448   0x00000008   Data   RO         5479    .constdata          system_stm32g4xx.o
    0x08006450   0x08006450   0x00000020   Data   RO         8024    Region$$Table       anon$$obj.o


    Execution Region RW_IRAM1 (Exec base: 0x20000000, Load base: 0x08006470, Size: 0x00003650, Max: 0x00020000, ABSOLUTE)

    Exec Addr    Load Addr    Size         Type   Attr      Idx    E Section Name        Object

    0x20000000   0x08006470   0x00000001   Data   RW           20    .data               main.o
    0x20000001   0x08006471   0x00000001   Data   RW           21    .data               main.o
    0x20000002   0x08006472   0x00000002   Data   RW           24    .data               main.o
    0x20000004   0x08006474   0x00000004   Data   RW           25    .data               main.o
    0x20000008   0x08006478   0x00000004   Data   RW           28    .data               main.o
    0x2000000c   0x0800647c   0x00000004   Data   RW           32    .data               main.o
    0x20000010   0x08006480   0x00000004   Data   RW           35    .data               main.o
    0x20000014   0x08006484   0x00000004   Data   RW           36    .data               main.o
    0x20000018   0x08006488   0x00000004   Data   RW           37    .data               main.o
    0x2000001c   0x0800648c   0x00000004   Data   RW           38    .data               main.o
    0x20000020   0x08006490   0x00000004   Data   RW          534    .data               adc.o
    0x20000024   0x08006494   0x0000000c   Data   RW         2577    .data               stm32g4xx_hal.o
    0x20000030   0x080064a0   0x00000004   Data   RW         5480    .data               system_stm32g4xx.o
    0x20000034   0x080064a4   0x0000003c   Data   RW         6145    .data               tasks.o
    0x20000070   0x080064e0   0x00000014   Data   RW         6476    .data               timers.o
    0x20000084   0x080064f4   0x00000004   Data   RW         6698    .data               cmsis_os2.o
    0x20000088   0x080064f8   0x00000020   Data   RW         7145    .data               heap_4.o
    0x200000a8   0x08006518   0x0000000c   Data   RW         7201    .data               port.o
    0x200000b4   0x08006524   0x00000001   Data   RW         7283    .data               appblepro.o
    0x200000b5   0x08006525   0x00000001   Data   RW         7337    .data               appfaulthandler.o
    0x200000b6   0x08006526   0x00000002   PAD
    0x200000b8   0x08006528   0x00000020   Data   RW         7396    .data               appperiod.o
    0x200000d8        -       0x00000024   Zero   RW           18    .bss                main.o
    0x200000fc        -       0x0000009c   Zero   RW           19    .bss                main.o
    0x20000198        -       0x000000d8   Zero   RW          533    .bss                adc.o
    0x20000270        -       0x000000fc   Zero   RW          593    .bss                hrtim.o
    0x2000036c        -       0x00000098   Zero   RW          690    .bss                tim.o
    0x20000404        -       0x00000128   Zero   RW          747    .bss                usart.o
    0x2000052c        -       0x0000004c   Zero   RW          911    .bss                stm32g4xx_hal_timebase_tim.o
    0x20000578        -       0x00000040   Zero   RW         5720    .bss                queue.o
    0x200005b8        -       0x000004c4   Zero   RW         6144    .bss                tasks.o
    0x20000a7c        -       0x00000118   Zero   RW         6475    .bss                timers.o
    0x20000b94        -       0x000006b8   Zero   RW         6697    .bss                cmsis_os2.o
    0x2000124c        -       0x00002000   Zero   RW         7144    .bss                heap_4.o
    0x2000324c   0x08006548   0x00000004   PAD
    0x20003250        -       0x00000400   Zero   RW            1    STACK               startup_stm32g474xx.o


==============================================================================

Image component sizes


      Code (inc. data)   RO Data    RW Data    ZI Data      Debug   Object Name

       572         42          0          4        216       2930   adc.o
       220         82          0          0          0     809680   app_freertos.o
       216         28          0          1          0       2424   appblepro.o
        24          4          0          1          0        716   appfaulthandler.o
       352         40          0         32          0       3805   appperiod.o
       162         22          0          4       1720      60739   cmsis_os2.o
       124         14          0          0          0       1276   drv_rf24l01.o
       124          8          0          0          0        967   drv_spi.o
         0          0          0          0          0      19548   event_groups.o
       208         12          0          0          0       1063   gpio.o
       472         24          0         32       8192       4987   heap_4.o
       688         40          0          0        252       3234   hrtim.o
       138          0          0          0          0       3666   list.o
       236         16          0         32        192    1070729   main.o
       786         82          0         12          0      11749   port.o
      1624         20          0          0         64      19970   queue.o
        36          8        472          0       1024        856   startup_stm32g474xx.o
        94         14          0         12          0       3758   stm32g4xx_hal.o
      1766        116          0          0          0      74711   stm32g4xx_hal_adc.o
       360         26          0          0          0      69279   stm32g4xx_hal_adc_ex.o
       158         14          0          0          0      33150   stm32g4xx_hal_cortex.o
       604         34          0          0          0       3083   stm32g4xx_hal_gpio.o
      2352         28          0          0          0      17537   stm32g4xx_hal_hrtim.o
        60          6          0          0          0        910   stm32g4xx_hal_msp.o
       204         18          0          0          0       1445   stm32g4xx_hal_pwr_ex.o
      1752        102          0          0          0       7065   stm32g4xx_hal_rcc.o
       768         10          0          0          0       2008   stm32g4xx_hal_rcc_ex.o
      3726        358          0          0          0      24914   stm32g4xx_hal_tim.o
       366         48          0          0          0       6516   stm32g4xx_hal_tim_ex.o
       136         20          0          0         76       1483   stm32g4xx_hal_timebase_tim.o
      1374         76         24          0          0      25270   stm32g4xx_hal_uart.o
       282          6         16          0          0       3773   stm32g4xx_hal_uart_ex.o
        36         12          0          0          0       3894   stm32g4xx_it.o
         0          0          0          0          0        392   stream_buffer.o
        16          4         24          4          0       1187   system_stm32g4xx.o
      2228        182          0         60       1220      28314   tasks.o
       604         36          0          0        152       3529   tim.o
       972         80          0         20        280      29947   timers.o
       464         42          0          0        296       2801   usart.o

    ----------------------------------------------------------------------
     24342       1674        568        216      13688    2363305   Object Totals
         0          0         32          0          0          0   (incl. Generated)
        38          0          0          2          4          0   (incl. Padding)

    ----------------------------------------------------------------------

      Code (inc. data)   RO Data    RW Data    ZI Data      Debug   Library Member Name

         0          0          0          0          0          0   entry.o
         0          0          0          0          0          0   entry10a.o
         0          0          0          0          0          0   entry11a.o
         8          4          0          0          0          0   entry2.o
         4          0          0          0          0          0   entry5.o
         0          0          0          0          0          0   entry7b.o
         0          0          0          0          0          0   entry8b.o
         8          4          0          0          0          0   entry9a.o
        30          0          0          0          0          0   handlers.o
        36          8          0          0          0         68   init.o
         0          0          0          0          0          0   iusefp.o
        30          0          0          0          0         68   llshl.o
        32          0          0          0          0         68   llushr.o
        36          0          0          0          0         68   memcpya.o
        36          0          0          0          0        108   memseta.o
        98          0          0          0          0         92   uldiv.o
       222          0          0          0          0        100   ddiv.o
       186          0          0          0          0        176   depilogue.o
        50          0          0          0          0         76   dfixui.o
        26          0          0          0          0         76   dfltui.o

    ----------------------------------------------------------------------
       802         16          0          0          0        900   Library Totals
         0          0          0          0          0          0   (incl. Padding)

    ----------------------------------------------------------------------

      Code (inc. data)   RO Data    RW Data    ZI Data      Debug   Library Name

       318         16          0          0          0        472   mc_w.l
       484          0          0          0          0        428   mf_w.l

    ----------------------------------------------------------------------
       802         16          0          0          0        900   Library Totals

    ----------------------------------------------------------------------

==============================================================================


      Code (inc. data)   RO Data    RW Data    ZI Data      Debug   

     25144       1690        568        216      13688    2343993   Grand Totals
     25144       1690        568        216      13688    2343993   ELF Image Totals
     25144       1690        568        216          0          0   ROM Totals

==============================================================================

    Total RO  Size (Code + RO Data)                25712 (  25.11kB)
    Total RW  Size (RW Data + ZI Data)             13904 (  13.58kB)
    Total ROM Size (Code + RO Data + RW Data)      25928 (  25.32kB)

==============================================================================

